10.0.0.5 - - [17/Jun/2025:09:31:49 +0000] "PUT /admin HTTP/1.1" 200 2677 "-" "SIEMScanner/1.0"
123.45.67.89 - - [17/Jun/2025:13:42:02 +0000] "PUT /dashboard HTTP/1.1" 500 3385 "-" "curl/7.68.0"
5.6.7.8 - - [17/Jun/2025:08:30:10 +0000] "GET /admin HTTP/1.1" 404 3909 "-" "Mozilla/5.0 (Linux; Android 10)"
8.8.8.8 - - [17/Jun/2025:02:47:16 +0000] "PUT / HTTP/1.1" 401 4499 "-" "Mozilla/5.0 (Macintosh; Intel Mac OS X 10_15_7)"
10.0.0.5 - - [17/Jun/2025:15:34:40 +0000] "POST /logout HTTP/1.1" 200 4119 "-" "Mozilla/5.0 (Windows NT 10.0; Win64; x64)"
198.51.100.23 - - [17/Jun/2025:04:29:05 +0000] "PUT /logout HTTP/1.1" 200 1353 "-" "SIEMScanner/1.0"
172.16.0.2 - - [17/Jun/2025:06:07:47 +0000] "GET /login HTTP/1.1" 404 1823 "-" "Mozilla/5.0 (Windows NT 10.0; Win64; x64)"
192.168.1.10 - - [17/Jun/2025:11:17:04 +0000] "DELETE / HTTP/1.1" 200 2626 "-" "Mozilla/5.0 (Windows NT 10.0; Win64; x64)"
8.8.8.8 - - [17/Jun/2025:03:21:03 +0000] "PUT /dashboard HTTP/1.1" 200 1608 "-" "Mozilla/5.0 (Macintosh; Intel Mac OS X 10_15_7)"
8.8.8.8 - - [17/Jun/2025:19:56:40 +0000] "DELETE /user/profile HTTP/1.1" 403 1926 "-" "Mozilla/5.0 (Macintosh; Intel Mac OS X 10_15_7)"
198.51.100.23 - - [17/Jun/2025:22:47:42 +0000] "PUT / HTTP/1.1" 403 2705 "-" "python-requests/2.25.1"
198.51.100.23 - - [17/Jun/2025:17:00:14 +0000] "DELETE / HTTP/1.1" 200 1563 "-" "Mozilla/5.0 (Windows NT 10.0; Win64; x64)"
192.168.1.10 - - [17/Jun/2025:13:11:58 +0000] "PUT /api/data HTTP/1.1" 500 1865 "-" "curl/7.68.0"
111.222.333.444 - - [17/Jun/2025:21:11:17 +0000] "PUT /admin HTTP/1.1" 200 752 "-" "Mozilla/5.0 (Macintosh; Intel Mac OS X 10_15_7)"
192.168.1.10 - - [18/Jun/2025:00:48:25 +0000] "GET /report HTTP/1.1" 200 3786 "-" "Mozilla/5.0 (Macintosh; Intel Mac OS X 10_15_7)"
5.6.7.8 - - [17/Jun/2025:22:33:55 +0000] "PUT /login HTTP/1.1" 500 4808 "-" "Mozilla/5.0 (Macintosh; Intel Mac OS X 10_15_7)"
198.51.100.23 - - [17/Jun/2025:04:29:13 +0000] "POST /report HTTP/1.1" 200 1204 "-" "python-requests/2.25.1"
10.0.0.5 - - [17/Jun/2025:10:01:57 +0000] "GET /logout HTTP/1.1" 200 3417 "-" "curl/7.68.0"
123.45.67.89 - - [17/Jun/2025:20:14:38 +0000] "POST / HTTP/1.1" 200 4580 "-" "Mozilla/5.0 (Macintosh; Intel Mac OS X 10_15_7)"
1.2.3.4 - - [18/Jun/2025:01:06:45 +0000] "PUT /api/data HTTP/1.1" 200 1663 "-" "Mozilla/5.0 (Macintosh; Intel Mac OS X 10_15_7)"
8.8.8.8 - - [17/Jun/2025:06:17:40 +0000] "GET /report HTTP/1.1" 302 669 "-" "Mozilla/5.0 (Macintosh; Intel Mac OS X 10_15_7)"
1.2.3.4 - - [17/Jun/2025:16:52:13 +0000] "POST /login HTTP/1.1" 302 2539 "-" "Mozilla/5.0 (Linux; Android 10)"
192.168.1.10 - - [17/Jun/2025:03:27:39 +0000] "DELETE /login HTTP/1.1" 404 4680 "-" "Mozilla/5.0 (Linux; Android 10)"
203.0.113.1 - - [17/Jun/2025:14:20:52 +0000] "POST /login HTTP/1.1" 404 2659 "-" "Mozilla/5.0 (Linux; Android 10)"
192.168.1.10 - - [17/Jun/2025:03:16:21 +0000] "PUT /login HTTP/1.1" 403 4086 "-" "Mozilla/5.0 (Windows NT 10.0; Win64; x64)"
1.2.3.4 - - [17/Jun/2025:02:56:33 +0000] "PUT /login HTTP/1.1" 200 4470 "-" "Mozilla/5.0 (Windows NT 10.0; Win64; x64)"
123.45.67.89 - - [17/Jun/2025:16:42:27 +0000] "PUT /api/data HTTP/1.1" 200 1516 "-" "SIEMScanner/1.0"
192.168.1.10 - - [17/Jun/2025:07:54:23 +0000] "POST /login HTTP/1.1" 404 1110 "-" "python-requests/2.25.1"
111.222.333.444 - - [17/Jun/2025:23:17:12 +0000] "DELETE /logout HTTP/1.1" 200 2662 "-" "Mozilla/5.0 (Windows NT 10.0; Win64; x64)"
8.8.8.8 - - [17/Jun/2025:05:18:52 +0000] "POST /dashboard HTTP/1.1" 401 3639 "-" "Mozilla/5.0 (Macintosh; Intel Mac OS X 10_15_7)"
198.51.100.23 - - [17/Jun/2025:08:53:20 +0000] "POST /api/data HTTP/1.1" 200 379 "-" "Mozilla/5.0 (Linux; Android 10)"
5.6.7.8 - - [17/Jun/2025:19:19:02 +0000] "GET /login HTTP/1.1" 200 4749 "-" "SIEMScanner/1.0"
123.45.67.89 - - [17/Jun/2025:05:01:32 +0000] "POST /api/data HTTP/1.1" 404 2693 "-" "Mozilla/5.0 (Macintosh; Intel Mac OS X 10_15_7)"
10.0.0.5 - - [17/Jun/2025:23:54:04 +0000] "GET /api/data HTTP/1.1" 500 2585 "-" "curl/7.68.0"
5.6.7.8 - - [17/Jun/2025:15:43:48 +0000] "POST /login HTTP/1.1" 302 1285 "-" "Mozilla/5.0 (Macintosh; Intel Mac OS X 10_15_7)"
1.2.3.4 - - [17/Jun/2025:15:13:21 +0000] "POST /api/data HTTP/1.1" 302 3571 "-" "SIEMScanner/1.0"
8.8.8.8 - - [17/Jun/2025:03:26:47 +0000] "GET /admin HTTP/1.1" 200 2789 "-" "python-requests/2.25.1"
8.8.8.8 - - [17/Jun/2025:03:36:41 +0000] "GET /dashboard HTTP/1.1" 401 4686 "-" "Mozilla/5.0 (Macintosh; Intel Mac OS X 10_15_7)"
111.222.333.444 - - [17/Jun/2025:19:39:59 +0000] "PUT /report HTTP/1.1" 403 4141 "-" "Mozilla/5.0 (Linux; Android 10)"
111.222.333.444 - - [17/Jun/2025:13:06:46 +0000] "POST /logout HTTP/1.1" 500 2234 "-" "curl/7.68.0"
203.0.113.1 - - [17/Jun/2025:16:27:14 +0000] "POST /user/profile HTTP/1.1" 200 274 "-" "Mozilla/5.0 (Windows NT 10.0; Win64; x64)"
198.51.100.23 - - [17/Jun/2025:03:51:45 +0000] "DELETE / HTTP/1.1" 302 2688 "-" "SIEMScanner/1.0"
123.45.67.89 - - [18/Jun/2025:00:35:55 +0000] "DELETE / HTTP/1.1" 404 1965 "-" "curl/7.68.0"
123.45.67.89 - - [17/Jun/2025:13:17:50 +0000] "GET /logout HTTP/1.1" 404 1479 "-" "Mozilla/5.0 (Windows NT 10.0; Win64; x64)"
198.51.100.23 - - [17/Jun/2025:16:31:13 +0000] "GET /report HTTP/1.1" 401 1210 "-" "curl/7.68.0"
5.6.7.8 - - [17/Jun/2025:17:45:16 +0000] "GET /api/data HTTP/1.1" 403 2538 "-" "Mozilla/5.0 (Macintosh; Intel Mac OS X 10_15_7)"
203.0.113.1 - - [17/Jun/2025:16:47:32 +0000] "DELETE /admin HTTP/1.1" 200 2546 "-" "Mozilla/5.0 (Macintosh; Intel Mac OS X 10_15_7)"
1.2.3.4 - - [17/Jun/2025:12:51:47 +0000] "GET /login HTTP/1.1" 500 334 "-" "Mozilla/5.0 (Linux; Android 10)"
123.45.67.89 - - [17/Jun/2025:14:07:59 +0000] "DELETE /dashboard HTTP/1.1" 200 3342 "-" "Mozilla/5.0 (Linux; Android 10)"
192.168.1.10 - - [17/Jun/2025:18:30:29 +0000] "GET /admin HTTP/1.1" 401 2083 "-" "Mozilla/5.0 (Macintosh; Intel Mac OS X 10_15_7)"
198.51.100.23 - - [17/Jun/2025:12:32:05 +0000] "DELETE / HTTP/1.1" 404 2269 "-" "SIEMScanner/1.0"
111.222.333.444 - - [17/Jun/2025:13:59:29 +0000] "PUT /login HTTP/1.1" 404 4543 "-" "SIEMScanner/1.0"
192.168.1.10 - - [17/Jun/2025:05:01:52 +0000] "POST / HTTP/1.1" 403 1368 "-" "curl/7.68.0"
1.2.3.4 - - [17/Jun/2025:22:01:42 +0000] "DELETE /login HTTP/1.1" 200 4656 "-" "python-requests/2.25.1"
123.45.67.89 - - [17/Jun/2025:17:35:49 +0000] "PUT /logout HTTP/1.1" 200 1289 "-" "Mozilla/5.0 (Macintosh; Intel Mac OS X 10_15_7)"
111.222.333.444 - - [17/Jun/2025:17:02:42 +0000] "POST /api/data HTTP/1.1" 302 2481 "-" "Mozilla/5.0 (Linux; Android 10)"
10.0.0.5 - - [17/Jun/2025:10:39:20 +0000] "GET /dashboard HTTP/1.1" 200 3820 "-" "python-requests/2.25.1"
192.168.1.10 - - [17/Jun/2025:10:15:45 +0000] "GET /user/profile HTTP/1.1" 200 4635 "-" "SIEMScanner/1.0"
111.222.333.444 - - [17/Jun/2025:17:14:05 +0000] "DELETE /report HTTP/1.1" 500 2365 "-" "SIEMScanner/1.0"
5.6.7.8 - - [17/Jun/2025:05:58:42 +0000] "PUT /user/profile HTTP/1.1" 200 2992 "-" "Mozilla/5.0 (Linux; Android 10)"
8.8.8.8 - - [17/Jun/2025:23:34:53 +0000] "GET /api/data HTTP/1.1" 404 3172 "-" "Mozilla/5.0 (Linux; Android 10)"
198.51.100.23 - - [17/Jun/2025:16:12:09 +0000] "PUT /user/profile HTTP/1.1" 404 4609 "-" "Mozilla/5.0 (Macintosh; Intel Mac OS X 10_15_7)"
8.8.8.8 - - [17/Jun/2025:22:36:36 +0000] "PUT / HTTP/1.1" 404 367 "-" "Mozilla/5.0 (Linux; Android 10)"
8.8.8.8 - - [17/Jun/2025:23:27:29 +0000] "PUT / HTTP/1.1" 403 983 "-" "curl/7.68.0"
111.222.333.444 - - [17/Jun/2025:06:37:29 +0000] "POST /user/profile HTTP/1.1" 200 864 "-" "SIEMScanner/1.0"
192.168.1.10 - - [17/Jun/2025:02:44:57 +0000] "DELETE /logout HTTP/1.1" 401 2124 "-" "SIEMScanner/1.0"
123.45.67.89 - - [18/Jun/2025:00:34:53 +0000] "POST /report HTTP/1.1" 401 2497 "-" "Mozilla/5.0 (Windows NT 10.0; Win64; x64)"
5.6.7.8 - - [17/Jun/2025:19:48:54 +0000] "PUT /report HTTP/1.1" 200 2957 "-" "Mozilla/5.0 (Windows NT 10.0; Win64; x64)"
111.222.333.444 - - [18/Jun/2025:01:23:13 +0000] "POST /report HTTP/1.1" 401 1778 "-" "SIEMScanner/1.0"
10.0.0.5 - - [17/Jun/2025:12:30:43 +0000] "DELETE /admin HTTP/1.1" 401 3658 "-" "Mozilla/5.0 (Linux; Android 10)"
10.0.0.5 - - [18/Jun/2025:01:48:07 +0000] "POST /dashboard HTTP/1.1" 403 3665 "-" "SIEMScanner/1.0"
203.0.113.1 - - [17/Jun/2025:10:37:04 +0000] "POST / HTTP/1.1" 200 2635 "-" "python-requests/2.25.1"
123.45.67.89 - - [18/Jun/2025:00:40:12 +0000] "PUT /logout HTTP/1.1" 500 2191 "-" "SIEMScanner/1.0"
198.51.100.23 - - [17/Jun/2025:09:37:38 +0000] "PUT / HTTP/1.1" 200 1126 "-" "Mozilla/5.0 (Macintosh; Intel Mac OS X 10_15_7)"
5.6.7.8 - - [17/Jun/2025:11:37:12 +0000] "GET /admin HTTP/1.1" 200 1897 "-" "python-requests/2.25.1"
123.45.67.89 - - [17/Jun/2025:15:58:16 +0000] "POST / HTTP/1.1" 200 2336 "-" "Mozilla/5.0 (Macintosh; Intel Mac OS X 10_15_7)"
123.45.67.89 - - [17/Jun/2025:07:13:51 +0000] "DELETE / HTTP/1.1" 403 2021 "-" "curl/7.68.0"
8.8.8.8 - - [18/Jun/2025:01:44:18 +0000] "DELETE /admin HTTP/1.1" 200 1562 "-" "SIEMScanner/1.0"
1.2.3.4 - - [17/Jun/2025:19:15:26 +0000] "GET /api/data HTTP/1.1" 500 3539 "-" "Mozilla/5.0 (Macintosh; Intel Mac OS X 10_15_7)"
5.6.7.8 - - [17/Jun/2025:13:48:54 +0000] "POST / HTTP/1.1" 302 1472 "-" "Mozilla/5.0 (Macintosh; Intel Mac OS X 10_15_7)"
111.222.333.444 - - [17/Jun/2025:03:37:16 +0000] "POST /report HTTP/1.1" 200 362 "-" "curl/7.68.0"
1.2.3.4 - - [17/Jun/2025:07:50:03 +0000] "POST /admin HTTP/1.1" 200 1953 "-" "SIEMScanner/1.0"
198.51.100.23 - - [17/Jun/2025:04:08:55 +0000] "DELETE /api/data HTTP/1.1" 200 2623 "-" "SIEMScanner/1.0"
172.16.0.2 - - [17/Jun/2025:19:50:13 +0000] "DELETE /login HTTP/1.1" 401 3965 "-" "SIEMScanner/1.0"
192.168.1.10 - - [17/Jun/2025:17:55:47 +0000] "PUT /login HTTP/1.1" 200 4517 "-" "SIEMScanner/1.0"
203.0.113.1 - - [17/Jun/2025:21:15:49 +0000] "PUT / HTTP/1.1" 500 544 "-" "Mozilla/5.0 (Windows NT 10.0; Win64; x64)"
172.16.0.2 - - [17/Jun/2025:21:08:22 +0000] "GET / HTTP/1.1" 200 1528 "-" "SIEMScanner/1.0"
111.222.333.444 - - [17/Jun/2025:13:47:53 +0000] "PUT / HTTP/1.1" 403 4722 "-" "SIEMScanner/1.0"
203.0.113.1 - - [18/Jun/2025:00:44:50 +0000] "PUT /admin HTTP/1.1" 403 750 "-" "SIEMScanner/1.0"
5.6.7.8 - - [17/Jun/2025:19:22:24 +0000] "DELETE /report HTTP/1.1" 200 3700 "-" "SIEMScanner/1.0"
192.168.1.10 - - [17/Jun/2025:16:21:09 +0000] "PUT / HTTP/1.1" 403 4212 "-" "SIEMScanner/1.0"
111.222.333.444 - - [17/Jun/2025:09:47:38 +0000] "POST /report HTTP/1.1" 302 1883 "-" "curl/7.68.0"
203.0.113.1 - - [17/Jun/2025:23:03:11 +0000] "GET /logout HTTP/1.1" 404 1190 "-" "SIEMScanner/1.0"
198.51.100.23 - - [17/Jun/2025:16:51:07 +0000] "POST /dashboard HTTP/1.1" 302 1689 "-" "python-requests/2.25.1"
1.2.3.4 - - [17/Jun/2025:20:19:23 +0000] "GET /user/profile HTTP/1.1" 404 1010 "-" "Mozilla/5.0 (Windows NT 10.0; Win64; x64)"
10.0.0.5 - - [17/Jun/2025:03:54:01 +0000] "GET / HTTP/1.1" 403 1028 "-" "python-requests/2.25.1"
5.6.7.8 - - [17/Jun/2025:11:44:35 +0000] "PUT /api/data HTTP/1.1" 200 965 "-" "curl/7.68.0"
1.2.3.4 - - [17/Jun/2025:17:12:42 +0000] "POST /dashboard HTTP/1.1" 302 3399 "-" "Mozilla/5.0 (Macintosh; Intel Mac OS X 10_15_7)"
5.6.7.8 - - [17/Jun/2025:15:05:32 +0000] "DELETE /admin HTTP/1.1" 200 1465 "-" "SIEMScanner/1.0"
192.168.1.10 - - [17/Jun/2025:05:52:10 +0000] "GET /logout HTTP/1.1" 404 2476 "-" "curl/7.68.0"
172.16.0.2 - - [17/Jun/2025:05:34:01 +0000] "PUT /admin HTTP/1.1" 200 3119 "-" "Mozilla/5.0 (Linux; Android 10)"
8.8.8.8 - - [17/Jun/2025:16:00:43 +0000] "PUT /login HTTP/1.1" 401 4282 "-" "Mozilla/5.0 (Macintosh; Intel Mac OS X 10_15_7)"
198.51.100.23 - - [17/Jun/2025:06:17:19 +0000] "POST /user/profile HTTP/1.1" 403 416 "-" "Mozilla/5.0 (Macintosh; Intel Mac OS X 10_15_7)"
123.45.67.89 - - [17/Jun/2025:16:32:08 +0000] "PUT /login HTTP/1.1" 404 3701 "-" "Mozilla/5.0 (Linux; Android 10)"
111.222.333.444 - - [17/Jun/2025:08:48:19 +0000] "PUT /api/data HTTP/1.1" 200 4589 "-" "Mozilla/5.0 (Linux; Android 10)"
192.168.1.10 - - [17/Jun/2025:03:34:10 +0000] "PUT / HTTP/1.1" 403 4727 "-" "python-requests/2.25.1"
8.8.8.8 - - [17/Jun/2025:14:26:44 +0000] "DELETE /report HTTP/1.1" 401 4262 "-" "Mozilla/5.0 (Linux; Android 10)"
10.0.0.5 - - [17/Jun/2025:10:10:28 +0000] "GET /admin HTTP/1.1" 401 2781 "-" "python-requests/2.25.1"
1.2.3.4 - - [17/Jun/2025:14:51:42 +0000] "POST /dashboard HTTP/1.1" 401 2801 "-" "Mozilla/5.0 (Macintosh; Intel Mac OS X 10_15_7)"
172.16.0.2 - - [17/Jun/2025:08:11:56 +0000] "GET /logout HTTP/1.1" 200 1739 "-" "Mozilla/5.0 (Linux; Android 10)"
8.8.8.8 - - [17/Jun/2025:13:06:01 +0000] "PUT /dashboard HTTP/1.1" 500 2665 "-" "Mozilla/5.0 (Linux; Android 10)"
123.45.67.89 - - [17/Jun/2025:21:16:26 +0000] "POST /dashboard HTTP/1.1" 200 3531 "-" "Mozilla/5.0 (Macintosh; Intel Mac OS X 10_15_7)"
198.51.100.23 - - [17/Jun/2025:22:44:57 +0000] "DELETE /admin HTTP/1.1" 200 3077 "-" "curl/7.68.0"
111.222.333.444 - - [17/Jun/2025:10:13:56 +0000] "DELETE / HTTP/1.1" 401 2475 "-" "SIEMScanner/1.0"
8.8.8.8 - - [17/Jun/2025:08:19:45 +0000] "DELETE /logout HTTP/1.1" 200 4724 "-" "Mozilla/5.0 (Macintosh; Intel Mac OS X 10_15_7)"
1.2.3.4 - - [17/Jun/2025:16:41:32 +0000] "PUT /logout HTTP/1.1" 200 357 "-" "curl/7.68.0"
123.45.67.89 - - [17/Jun/2025:23:57:25 +0000] "POST /logout HTTP/1.1" 302 2848 "-" "Mozilla/5.0 (Linux; Android 10)"
5.6.7.8 - - [17/Jun/2025:15:21:02 +0000] "GET /admin HTTP/1.1" 404 1075 "-" "python-requests/2.25.1"
8.8.8.8 - - [17/Jun/2025:11:49:39 +0000] "GET / HTTP/1.1" 200 4226 "-" "Mozilla/5.0 (Windows NT 10.0; Win64; x64)"
123.45.67.89 - - [17/Jun/2025:17:42:20 +0000] "DELETE / HTTP/1.1" 200 2250 "-" "Mozilla/5.0 (Linux; Android 10)"
198.51.100.23 - - [18/Jun/2025:01:06:26 +0000] "GET /dashboard HTTP/1.1" 200 209 "-" "Mozilla/5.0 (Macintosh; Intel Mac OS X 10_15_7)"
203.0.113.1 - - [17/Jun/2025:18:51:49 +0000] "POST /login HTTP/1.1" 401 4640 "-" "Mozilla/5.0 (Macintosh; Intel Mac OS X 10_15_7)"
10.0.0.5 - - [17/Jun/2025:12:24:54 +0000] "POST /dashboard HTTP/1.1" 200 244 "-" "Mozilla/5.0 (Linux; Android 10)"
5.6.7.8 - - [17/Jun/2025:15:34:37 +0000] "GET /user/profile HTTP/1.1" 500 1604 "-" "python-requests/2.25.1"
111.222.333.444 - - [17/Jun/2025:12:11:59 +0000] "PUT /report HTTP/1.1" 404 4909 "-" "SIEMScanner/1.0"
10.0.0.5 - - [17/Jun/2025:03:22:29 +0000] "GET /api/data HTTP/1.1" 200 2452 "-" "Mozilla/5.0 (Windows NT 10.0; Win64; x64)"
172.16.0.2 - - [18/Jun/2025:01:03:57 +0000] "GET /logout HTTP/1.1" 401 4213 "-" "curl/7.68.0"
10.0.0.5 - - [17/Jun/2025:23:52:54 +0000] "DELETE / HTTP/1.1" 500 2776 "-" "Mozilla/5.0 (Macintosh; Intel Mac OS X 10_15_7)"
111.222.333.444 - - [17/Jun/2025:14:11:58 +0000] "POST /logout HTTP/1.1" 401 2809 "-" "Mozilla/5.0 (Linux; Android 10)"
5.6.7.8 - - [17/Jun/2025:20:07:56 +0000] "PUT /api/data HTTP/1.1" 200 1245 "-" "Mozilla/5.0 (Linux; Android 10)"
8.8.8.8 - - [18/Jun/2025:01:50:10 +0000] "GET / HTTP/1.1" 404 4503 "-" "SIEMScanner/1.0"
1.2.3.4 - - [17/Jun/2025:08:24:48 +0000] "DELETE /admin HTTP/1.1" 200 1261 "-" "Mozilla/5.0 (Windows NT 10.0; Win64; x64)"
123.45.67.89 - - [17/Jun/2025:05:33:41 +0000] "PUT /logout HTTP/1.1" 403 3549 "-" "Mozilla/5.0 (Windows NT 10.0; Win64; x64)"
123.45.67.89 - - [17/Jun/2025:23:25:26 +0000] "PUT /report HTTP/1.1" 500 4113 "-" "curl/7.68.0"
111.222.333.444 - - [17/Jun/2025:23:54:54 +0000] "GET /logout HTTP/1.1" 302 903 "-" "SIEMScanner/1.0"
111.222.333.444 - - [17/Jun/2025:04:15:30 +0000] "GET /report HTTP/1.1" 403 190 "-" "python-requests/2.25.1"
111.222.333.444 - - [17/Jun/2025:07:24:25 +0000] "PUT /report HTTP/1.1" 500 2981 "-" "Mozilla/5.0 (Windows NT 10.0; Win64; x64)"
172.16.0.2 - - [17/Jun/2025:16:23:54 +0000] "GET /report HTTP/1.1" 200 2572 "-" "Mozilla/5.0 (Linux; Android 10)"
8.8.8.8 - - [17/Jun/2025:22:47:05 +0000] "DELETE /login HTTP/1.1" 200 3750 "-" "curl/7.68.0"
5.6.7.8 - - [17/Jun/2025:15:38:32 +0000] "GET /report HTTP/1.1" 500 598 "-" "curl/7.68.0"
1.2.3.4 - - [18/Jun/2025:00:27:00 +0000] "POST /report HTTP/1.1" 500 1101 "-" "SIEMScanner/1.0"
203.0.113.1 - - [17/Jun/2025:18:24:25 +0000] "POST / HTTP/1.1" 401 350 "-" "Mozilla/5.0 (Windows NT 10.0; Win64; x64)"
111.222.333.444 - - [17/Jun/2025:03:04:55 +0000] "DELETE /login HTTP/1.1" 200 2363 "-" "Mozilla/5.0 (Macintosh; Intel Mac OS X 10_15_7)"
8.8.8.8 - - [17/Jun/2025:10:37:15 +0000] "GET /admin HTTP/1.1" 200 3528 "-" "curl/7.68.0"
5.6.7.8 - - [17/Jun/2025:15:12:09 +0000] "DELETE /logout HTTP/1.1" 200 835 "-" "Mozilla/5.0 (Macintosh; Intel Mac OS X 10_15_7)"
172.16.0.2 - - [17/Jun/2025:09:37:25 +0000] "PUT /dashboard HTTP/1.1" 200 3330 "-" "Mozilla/5.0 (Windows NT 10.0; Win64; x64)"
203.0.113.1 - - [17/Jun/2025:15:35:22 +0000] "PUT /logout HTTP/1.1" 404 3969 "-" "Mozilla/5.0 (Linux; Android 10)"
172.16.0.2 - - [17/Jun/2025:04:02:17 +0000] "POST /report HTTP/1.1" 200 4120 "-" "Mozilla/5.0 (Macintosh; Intel Mac OS X 10_15_7)"
172.16.0.2 - - [17/Jun/2025:19:49:45 +0000] "GET /user/profile HTTP/1.1" 403 2330 "-" "SIEMScanner/1.0"
203.0.113.1 - - [17/Jun/2025:09:30:17 +0000] "PUT /dashboard HTTP/1.1" 401 4736 "-" "Mozilla/5.0 (Windows NT 10.0; Win64; x64)"
192.168.1.10 - - [17/Jun/2025:21:02:53 +0000] "DELETE /admin HTTP/1.1" 403 2134 "-" "SIEMScanner/1.0"
198.51.100.23 - - [17/Jun/2025:08:26:03 +0000] "POST /logout HTTP/1.1" 500 441 "-" "Mozilla/5.0 (Linux; Android 10)"
5.6.7.8 - - [17/Jun/2025:18:03:37 +0000] "DELETE / HTTP/1.1" 401 3503 "-" "Mozilla/5.0 (Linux; Android 10)"
5.6.7.8 - - [17/Jun/2025:04:18:04 +0000] "GET /report HTTP/1.1" 401 882 "-" "curl/7.68.0"
203.0.113.1 - - [17/Jun/2025:04:45:34 +0000] "DELETE / HTTP/1.1" 500 4908 "-" "Mozilla/5.0 (Macintosh; Intel Mac OS X 10_15_7)"
123.45.67.89 - - [17/Jun/2025:16:05:15 +0000] "GET /report HTTP/1.1" 200 1322 "-" "Mozilla/5.0 (Windows NT 10.0; Win64; x64)"
1.2.3.4 - - [17/Jun/2025:05:35:29 +0000] "POST /logout HTTP/1.1" 200 2024 "-" "SIEMScanner/1.0"
192.168.1.10 - - [17/Jun/2025:17:36:42 +0000] "GET /admin HTTP/1.1" 200 980 "-" "curl/7.68.0"
123.45.67.89 - - [17/Jun/2025:20:16:26 +0000] "DELETE /admin HTTP/1.1" 403 405 "-" "Mozilla/5.0 (Macintosh; Intel Mac OS X 10_15_7)"
123.45.67.89 - - [17/Jun/2025:16:02:52 +0000] "DELETE /admin HTTP/1.1" 500 2155 "-" "Mozilla/5.0 (Linux; Android 10)"
198.51.100.23 - - [17/Jun/2025:08:28:56 +0000] "POST /report HTTP/1.1" 403 1704 "-" "Mozilla/5.0 (Windows NT 10.0; Win64; x64)"
192.168.1.10 - - [17/Jun/2025:06:32:29 +0000] "PUT /report HTTP/1.1" 200 3968 "-" "SIEMScanner/1.0"
192.168.1.10 - - [17/Jun/2025:12:11:00 +0000] "GET /login HTTP/1.1" 403 1877 "-" "Mozilla/5.0 (Windows NT 10.0; Win64; x64)"
8.8.8.8 - - [17/Jun/2025:17:34:02 +0000] "POST /api/data HTTP/1.1" 500 2392 "-" "Mozilla/5.0 (Linux; Android 10)"
111.222.333.444 - - [17/Jun/2025:21:13:33 +0000] "GET / HTTP/1.1" 403 3738 "-" "Mozilla/5.0 (Macintosh; Intel Mac OS X 10_15_7)"
192.168.1.10 - - [17/Jun/2025:07:16:01 +0000] "PUT /login HTTP/1.1" 500 4601 "-" "curl/7.68.0"
5.6.7.8 - - [17/Jun/2025:16:14:27 +0000] "GET /api/data HTTP/1.1" 403 4542 "-" "SIEMScanner/1.0"
123.45.67.89 - - [17/Jun/2025:06:44:45 +0000] "DELETE / HTTP/1.1" 404 1018 "-" "Mozilla/5.0 (Windows NT 10.0; Win64; x64)"
111.222.333.444 - - [17/Jun/2025:21:43:20 +0000] "POST /user/profile HTTP/1.1" 200 3178 "-" "Mozilla/5.0 (Windows NT 10.0; Win64; x64)"
10.0.0.5 - - [18/Jun/2025:01:02:31 +0000] "PUT /logout HTTP/1.1" 401 2548 "-" "curl/7.68.0"
192.168.1.10 - - [17/Jun/2025:19:06:14 +0000] "DELETE /dashboard HTTP/1.1" 404 2643 "-" "Mozilla/5.0 (Macintosh; Intel Mac OS X 10_15_7)"
203.0.113.1 - - [17/Jun/2025:10:53:06 +0000] "PUT /dashboard HTTP/1.1" 200 1371 "-" "SIEMScanner/1.0"
8.8.8.8 - - [17/Jun/2025:14:23:54 +0000] "POST /api/data HTTP/1.1" 302 2207 "-" "python-requests/2.25.1"
172.16.0.2 - - [17/Jun/2025:21:03:30 +0000] "DELETE /user/profile HTTP/1.1" 302 4513 "-" "curl/7.68.0"
123.45.67.89 - - [17/Jun/2025:11:28:51 +0000] "POST / HTTP/1.1" 401 4108 "-" "python-requests/2.25.1"
1.2.3.4 - - [17/Jun/2025:07:05:17 +0000] "DELETE /user/profile HTTP/1.1" 302 4381 "-" "curl/7.68.0"
8.8.8.8 - - [17/Jun/2025:13:56:46 +0000] "GET /report HTTP/1.1" 200 3685 "-" "python-requests/2.25.1"
5.6.7.8 - - [17/Jun/2025:12:50:00 +0000] "PUT /report HTTP/1.1" 200 682 "-" "curl/7.68.0"
8.8.8.8 - - [18/Jun/2025:00:55:12 +0000] "DELETE /admin HTTP/1.1" 200 3920 "-" "python-requests/2.25.1"
5.6.7.8 - - [17/Jun/2025:22:42:05 +0000] "PUT /user/profile HTTP/1.1" 200 4653 "-" "curl/7.68.0"
172.16.0.2 - - [17/Jun/2025:22:04:34 +0000] "DELETE /api/data HTTP/1.1" 500 1921 "-" "curl/7.68.0"
203.0.113.1 - - [17/Jun/2025:18:52:14 +0000] "PUT /report HTTP/1.1" 200 3007 "-" "curl/7.68.0"
1.2.3.4 - - [17/Jun/2025:08:02:41 +0000] "PUT /user/profile HTTP/1.1" 302 2739 "-" "Mozilla/5.0 (Macintosh; Intel Mac OS X 10_15_7)"
8.8.8.8 - - [17/Jun/2025:21:46:17 +0000] "PUT /api/data HTTP/1.1" 401 3970 "-" "python-requests/2.25.1"
123.45.67.89 - - [17/Jun/2025:20:44:41 +0000] "DELETE /api/data HTTP/1.1" 401 3318 "-" "python-requests/2.25.1"
111.222.333.444 - - [17/Jun/2025:21:24:45 +0000] "DELETE /report HTTP/1.1" 200 1141 "-" "python-requests/2.25.1"
123.45.67.89 - - [17/Jun/2025:08:10:31 +0000] "PUT /logout HTTP/1.1" 302 343 "-" "python-requests/2.25.1"
123.45.67.89 - - [17/Jun/2025:08:16:04 +0000] "DELETE /user/profile HTTP/1.1" 302 4948 "-" "curl/7.68.0"
1.2.3.4 - - [17/Jun/2025:03:23:50 +0000] "GET /logout HTTP/1.1" 401 1735 "-" "SIEMScanner/1.0"
198.51.100.23 - - [17/Jun/2025:05:21:37 +0000] "DELETE /report HTTP/1.1" 401 2451 "-" "python-requests/2.25.1"
8.8.8.8 - - [17/Jun/2025:07:23:36 +0000] "DELETE /user/profile HTTP/1.1" 302 4812 "-" "curl/7.68.0"
198.51.100.23 - - [18/Jun/2025:01:22:12 +0000] "GET /api/data HTTP/1.1" 302 315 "-" "curl/7.68.0"
198.51.100.23 - - [17/Jun/2025:02:31:49 +0000] "GET /report HTTP/1.1" 404 2101 "-" "Mozilla/5.0 (Macintosh; Intel Mac OS X 10_15_7)"
172.16.0.2 - - [17/Jun/2025:11:27:52 +0000] "POST /login HTTP/1.1" 200 3422 "-" "Mozilla/5.0 (Windows NT 10.0; Win64; x64)"
198.51.100.23 - - [17/Jun/2025:08:18:51 +0000] "POST /user/profile HTTP/1.1" 401 2382 "-" "Mozilla/5.0 (Linux; Android 10)"
203.0.113.1 - - [17/Jun/2025:07:53:48 +0000] "POST /api/data HTTP/1.1" 200 1392 "-" "Mozilla/5.0 (Windows NT 10.0; Win64; x64)"
111.222.333.444 - - [17/Jun/2025:13:29:25 +0000] "GET /user/profile HTTP/1.1" 404 4140 "-" "Mozilla/5.0 (Macintosh; Intel Mac OS X 10_15_7)"
8.8.8.8 - - [17/Jun/2025:05:17:28 +0000] "PUT /logout HTTP/1.1" 500 658 "-" "python-requests/2.25.1"
192.168.1.10 - - [17/Jun/2025:11:54:52 +0000] "GET / HTTP/1.1" 302 2445 "-" "SIEMScanner/1.0"
8.8.8.8 - - [17/Jun/2025:11:21:22 +0000] "GET /dashboard HTTP/1.1" 200 1573 "-" "Mozilla/5.0 (Macintosh; Intel Mac OS X 10_15_7)"
172.16.0.2 - - [17/Jun/2025:10:24:03 +0000] "DELETE /user/profile HTTP/1.1" 403 4607 "-" "Mozilla/5.0 (Macintosh; Intel Mac OS X 10_15_7)"
111.222.333.444 - - [17/Jun/2025:18:00:06 +0000] "GET /login HTTP/1.1" 200 1864 "-" "Mozilla/5.0 (Macintosh; Intel Mac OS X 10_15_7)"
172.16.0.2 - - [17/Jun/2025:05:35:44 +0000] "DELETE /admin HTTP/1.1" 401 315 "-" "SIEMScanner/1.0"
5.6.7.8 - - [17/Jun/2025:18:35:20 +0000] "DELETE /admin HTTP/1.1" 401 1155 "-" "curl/7.68.0"
111.222.333.444 - - [17/Jun/2025:15:49:36 +0000] "GET /report HTTP/1.1" 200 2442 "-" "SIEMScanner/1.0"
192.168.1.10 - - [17/Jun/2025:02:49:35 +0000] "POST /user/profile HTTP/1.1" 500 1484 "-" "curl/7.68.0"
8.8.8.8 - - [17/Jun/2025:16:41:27 +0000] "GET /user/profile HTTP/1.1" 200 3212 "-" "Mozilla/5.0 (Macintosh; Intel Mac OS X 10_15_7)"
5.6.7.8 - - [17/Jun/2025:03:50:32 +0000] "POST /dashboard HTTP/1.1" 302 1472 "-" "Mozilla/5.0 (Windows NT 10.0; Win64; x64)"
203.0.113.1 - - [17/Jun/2025:06:08:33 +0000] "GET /login HTTP/1.1" 200 4593 "-" "SIEMScanner/1.0"
172.16.0.2 - - [17/Jun/2025:10:34:01 +0000] "DELETE / HTTP/1.1" 404 3904 "-" "curl/7.68.0"
172.16.0.2 - - [17/Jun/2025:21:33:12 +0000] "GET /user/profile HTTP/1.1" 200 4013 "-" "Mozilla/5.0 (Windows NT 10.0; Win64; x64)"
5.6.7.8 - - [17/Jun/2025:03:31:34 +0000] "POST /api/data HTTP/1.1" 200 4531 "-" "python-requests/2.25.1"
172.16.0.2 - - [17/Jun/2025:22:55:19 +0000] "POST /report HTTP/1.1" 403 413 "-" "Mozilla/5.0 (Linux; Android 10)"
10.0.0.5 - - [17/Jun/2025:11:09:08 +0000] "GET /user/profile HTTP/1.1" 200 755 "-" "curl/7.68.0"
203.0.113.1 - - [17/Jun/2025:21:43:42 +0000] "PUT /user/profile HTTP/1.1" 401 756 "-" "Mozilla/5.0 (Linux; Android 10)"
1.2.3.4 - - [17/Jun/2025:19:20:15 +0000] "DELETE /admin HTTP/1.1" 403 3086 "-" "python-requests/2.25.1"
192.168.1.10 - - [17/Jun/2025:17:54:55 +0000] "DELETE /login HTTP/1.1" 404 1542 "-" "Mozilla/5.0 (Windows NT 10.0; Win64; x64)"
172.16.0.2 - - [17/Jun/2025:12:46:03 +0000] "DELETE /admin HTTP/1.1" 401 1600 "-" "SIEMScanner/1.0"
172.16.0.2 - - [17/Jun/2025:14:07:23 +0000] "GET /logout HTTP/1.1" 403 4163 "-" "python-requests/2.25.1"
172.16.0.2 - - [17/Jun/2025:14:56:58 +0000] "GET /logout HTTP/1.1" 403 609 "-" "Mozilla/5.0 (Linux; Android 10)"
172.16.0.2 - - [17/Jun/2025:10:42:30 +0000] "PUT /login HTTP/1.1" 401 1765 "-" "Mozilla/5.0 (Linux; Android 10)"
10.0.0.5 - - [17/Jun/2025:19:32:45 +0000] "POST /user/profile HTTP/1.1" 302 1009 "-" "Mozilla/5.0 (Windows NT 10.0; Win64; x64)"
203.0.113.1 - - [17/Jun/2025:19:28:34 +0000] "GET /login HTTP/1.1" 404 2982 "-" "Mozilla/5.0 (Macintosh; Intel Mac OS X 10_15_7)"
10.0.0.5 - - [17/Jun/2025:15:38:29 +0000] "POST /api/data HTTP/1.1" 403 2812 "-" "python-requests/2.25.1"
198.51.100.23 - - [17/Jun/2025:20:30:41 +0000] "DELETE /login HTTP/1.1" 302 2986 "-" "Mozilla/5.0 (Macintosh; Intel Mac OS X 10_15_7)"
123.45.67.89 - - [18/Jun/2025:00:45:29 +0000] "PUT /report HTTP/1.1" 403 906 "-" "Mozilla/5.0 (Linux; Android 10)"
203.0.113.1 - - [17/Jun/2025:04:25:05 +0000] "PUT /logout HTTP/1.1" 401 174 "-" "SIEMScanner/1.0"
1.2.3.4 - - [17/Jun/2025:23:23:51 +0000] "PUT /dashboard HTTP/1.1" 404 2143 "-" "python-requests/2.25.1"
10.0.0.5 - - [18/Jun/2025:00:41:47 +0000] "GET /login HTTP/1.1" 401 2152 "-" "SIEMScanner/1.0"
10.0.0.5 - - [17/Jun/2025:06:44:03 +0000] "DELETE /login HTTP/1.1" 404 1631 "-" "Mozilla/5.0 (Linux; Android 10)"
5.6.7.8 - - [17/Jun/2025:21:53:42 +0000] "GET / HTTP/1.1" 404 4724 "-" "Mozilla/5.0 (Linux; Android 10)"
123.45.67.89 - - [17/Jun/2025:08:43:08 +0000] "POST /report HTTP/1.1" 401 1121 "-" "python-requests/2.25.1"
1.2.3.4 - - [17/Jun/2025:13:20:07 +0000] "POST /login HTTP/1.1" 302 3645 "-" "curl/7.68.0"
192.168.1.10 - - [17/Jun/2025:10:33:35 +0000] "PUT /dashboard HTTP/1.1" 200 2711 "-" "Mozilla/5.0 (Windows NT 10.0; Win64; x64)"
10.0.0.5 - - [17/Jun/2025:17:22:03 +0000] "DELETE /report HTTP/1.1" 200 2886 "-" "SIEMScanner/1.0"
123.45.67.89 - - [17/Jun/2025:16:19:50 +0000] "DELETE /login HTTP/1.1" 403 1605 "-" "Mozilla/5.0 (Macintosh; Intel Mac OS X 10_15_7)"
5.6.7.8 - - [17/Jun/2025:16:23:06 +0000] "DELETE /admin HTTP/1.1" 200 319 "-" "Mozilla/5.0 (Linux; Android 10)"
172.16.0.2 - - [17/Jun/2025:17:06:27 +0000] "POST /report HTTP/1.1" 404 519 "-" "Mozilla/5.0 (Windows NT 10.0; Win64; x64)"
5.6.7.8 - - [17/Jun/2025:15:46:26 +0000] "POST /report HTTP/1.1" 200 3981 "-" "Mozilla/5.0 (Windows NT 10.0; Win64; x64)"
192.168.1.10 - - [17/Jun/2025:11:19:47 +0000] "PUT /admin HTTP/1.1" 404 441 "-" "Mozilla/5.0 (Windows NT 10.0; Win64; x64)"
123.45.67.89 - - [17/Jun/2025:17:36:58 +0000] "DELETE /logout HTTP/1.1" 404 4014 "-" "curl/7.68.0"
198.51.100.23 - - [17/Jun/2025:09:14:57 +0000] "DELETE / HTTP/1.1" 200 3825 "-" "Mozilla/5.0 (Windows NT 10.0; Win64; x64)"
198.51.100.23 - - [18/Jun/2025:01:19:16 +0000] "POST /logout HTTP/1.1" 401 2636 "-" "Mozilla/5.0 (Macintosh; Intel Mac OS X 10_15_7)"
172.16.0.2 - - [17/Jun/2025:23:28:57 +0000] "POST /logout HTTP/1.1" 200 4814 "-" "SIEMScanner/1.0"
5.6.7.8 - - [17/Jun/2025:20:55:00 +0000] "PUT /report HTTP/1.1" 200 2591 "-" "curl/7.68.0"
8.8.8.8 - - [17/Jun/2025:09:01:32 +0000] "POST / HTTP/1.1" 404 354 "-" "Mozilla/5.0 (Macintosh; Intel Mac OS X 10_15_7)"
123.45.67.89 - - [17/Jun/2025:11:00:14 +0000] "DELETE /logout HTTP/1.1" 403 709 "-" "Mozilla/5.0 (Macintosh; Intel Mac OS X 10_15_7)"
123.45.67.89 - - [17/Jun/2025:23:56:03 +0000] "GET /dashboard HTTP/1.1" 404 3642 "-" "SIEMScanner/1.0"
192.168.1.10 - - [17/Jun/2025:15:19:23 +0000] "GET /login HTTP/1.1" 401 804 "-" "Mozilla/5.0 (Windows NT 10.0; Win64; x64)"
5.6.7.8 - - [17/Jun/2025:05:53:05 +0000] "DELETE /logout HTTP/1.1" 401 225 "-" "curl/7.68.0"
203.0.113.1 - - [17/Jun/2025:15:04:53 +0000] "PUT /dashboard HTTP/1.1" 200 201 "-" "Mozilla/5.0 (Linux; Android 10)"
172.16.0.2 - - [17/Jun/2025:10:31:40 +0000] "GET /user/profile HTTP/1.1" 200 2029 "-" "curl/7.68.0"
198.51.100.23 - - [18/Jun/2025:00:13:26 +0000] "PUT /login HTTP/1.1" 500 892 "-" "curl/7.68.0"
123.45.67.89 - - [17/Jun/2025:09:27:37 +0000] "PUT /api/data HTTP/1.1" 302 626 "-" "python-requests/2.25.1"
203.0.113.1 - - [17/Jun/2025:19:06:10 +0000] "PUT /report HTTP/1.1" 200 2771 "-" "SIEMScanner/1.0"
172.16.0.2 - - [17/Jun/2025:03:37:29 +0000] "POST /report HTTP/1.1" 302 4554 "-" "python-requests/2.25.1"
8.8.8.8 - - [17/Jun/2025:08:11:05 +0000] "DELETE /logout HTTP/1.1" 302 4717 "-" "Mozilla/5.0 (Windows NT 10.0; Win64; x64)"
198.51.100.23 - - [18/Jun/2025:01:27:26 +0000] "DELETE /dashboard HTTP/1.1" 403 3936 "-" "Mozilla/5.0 (Windows NT 10.0; Win64; x64)"
172.16.0.2 - - [17/Jun/2025:14:43:49 +0000] "GET /api/data HTTP/1.1" 403 3797 "-" "SIEMScanner/1.0"
172.16.0.2 - - [17/Jun/2025:07:07:02 +0000] "DELETE /logout HTTP/1.1" 200 4132 "-" "SIEMScanner/1.0"
5.6.7.8 - - [17/Jun/2025:02:22:34 +0000] "DELETE /dashboard HTTP/1.1" 404 2289 "-" "Mozilla/5.0 (Macintosh; Intel Mac OS X 10_15_7)"
192.168.1.10 - - [17/Jun/2025:14:57:03 +0000] "POST /logout HTTP/1.1" 200 4071 "-" "python-requests/2.25.1"
172.16.0.2 - - [17/Jun/2025:18:13:15 +0000] "GET /user/profile HTTP/1.1" 200 4091 "-" "Mozilla/5.0 (Macintosh; Intel Mac OS X 10_15_7)"
111.222.333.444 - - [17/Jun/2025:19:03:08 +0000] "GET /admin HTTP/1.1" 200 2930 "-" "SIEMScanner/1.0"
5.6.7.8 - - [17/Jun/2025:11:27:10 +0000] "PUT /report HTTP/1.1" 401 3282 "-" "python-requests/2.25.1"
8.8.8.8 - - [17/Jun/2025:15:59:12 +0000] "DELETE /admin HTTP/1.1" 200 203 "-" "Mozilla/5.0 (Linux; Android 10)"
1.2.3.4 - - [17/Jun/2025:18:27:50 +0000] "POST /report HTTP/1.1" 302 2826 "-" "Mozilla/5.0 (Windows NT 10.0; Win64; x64)"
203.0.113.1 - - [17/Jun/2025:19:14:55 +0000] "DELETE /api/data HTTP/1.1" 200 1829 "-" "Mozilla/5.0 (Macintosh; Intel Mac OS X 10_15_7)"
203.0.113.1 - - [17/Jun/2025:08:33:04 +0000] "GET /report HTTP/1.1" 200 4799 "-" "Mozilla/5.0 (Windows NT 10.0; Win64; x64)"
123.45.67.89 - - [17/Jun/2025:14:40:32 +0000] "PUT /logout HTTP/1.1" 200 606 "-" "curl/7.68.0"
203.0.113.1 - - [17/Jun/2025:14:18:21 +0000] "PUT /login HTTP/1.1" 200 203 "-" "SIEMScanner/1.0"
203.0.113.1 - - [17/Jun/2025:07:29:24 +0000] "PUT /login HTTP/1.1" 302 3883 "-" "Mozilla/5.0 (Macintosh; Intel Mac OS X 10_15_7)"
198.51.100.23 - - [17/Jun/2025:19:02:14 +0000] "GET /api/data HTTP/1.1" 200 1629 "-" "python-requests/2.25.1"
10.0.0.5 - - [17/Jun/2025:22:59:34 +0000] "GET /logout HTTP/1.1" 200 2974 "-" "Mozilla/5.0 (Macintosh; Intel Mac OS X 10_15_7)"
203.0.113.1 - - [17/Jun/2025:20:56:53 +0000] "PUT /logout HTTP/1.1" 200 1624 "-" "Mozilla/5.0 (Windows NT 10.0; Win64; x64)"
10.0.0.5 - - [17/Jun/2025:17:03:45 +0000] "DELETE /api/data HTTP/1.1" 200 2661 "-" "Mozilla/5.0 (Windows NT 10.0; Win64; x64)"
172.16.0.2 - - [17/Jun/2025:05:36:03 +0000] "POST /admin HTTP/1.1" 200 1520 "-" "Mozilla/5.0 (Windows NT 10.0; Win64; x64)"
172.16.0.2 - - [17/Jun/2025:03:02:09 +0000] "PUT /admin HTTP/1.1" 500 4327 "-" "Mozilla/5.0 (Linux; Android 10)"
203.0.113.1 - - [17/Jun/2025:11:22:39 +0000] "PUT /admin HTTP/1.1" 200 1038 "-" "Mozilla/5.0 (Windows NT 10.0; Win64; x64)"
5.6.7.8 - - [17/Jun/2025:12:48:17 +0000] "POST / HTTP/1.1" 404 3917 "-" "Mozilla/5.0 (Windows NT 10.0; Win64; x64)"
8.8.8.8 - - [17/Jun/2025:04:16:52 +0000] "DELETE /logout HTTP/1.1" 200 3208 "-" "Mozilla/5.0 (Linux; Android 10)"
8.8.8.8 - - [17/Jun/2025:05:31:05 +0000] "DELETE /logout HTTP/1.1" 403 633 "-" "curl/7.68.0"
10.0.0.5 - - [17/Jun/2025:15:19:44 +0000] "DELETE /report HTTP/1.1" 404 576 "-" "Mozilla/5.0 (Macintosh; Intel Mac OS X 10_15_7)"
123.45.67.89 - - [17/Jun/2025:21:53:38 +0000] "POST /user/profile HTTP/1.1" 200 965 "-" "curl/7.68.0"
172.16.0.2 - - [17/Jun/2025:08:30:51 +0000] "PUT /report HTTP/1.1" 500 2933 "-" "Mozilla/5.0 (Linux; Android 10)"
10.0.0.5 - - [17/Jun/2025:08:27:26 +0000] "PUT /login HTTP/1.1" 200 4284 "-" "SIEMScanner/1.0"
8.8.8.8 - - [17/Jun/2025:12:28:42 +0000] "POST /api/data HTTP/1.1" 403 1414 "-" "curl/7.68.0"
5.6.7.8 - - [17/Jun/2025:09:37:21 +0000] "DELETE /logout HTTP/1.1" 403 2546 "-" "Mozilla/5.0 (Windows NT 10.0; Win64; x64)"
192.168.1.10 - - [17/Jun/2025:17:40:07 +0000] "PUT /dashboard HTTP/1.1" 302 127 "-" "SIEMScanner/1.0"
5.6.7.8 - - [17/Jun/2025:16:59:38 +0000] "POST /user/profile HTTP/1.1" 403 3719 "-" "SIEMScanner/1.0"
8.8.8.8 - - [17/Jun/2025:12:50:09 +0000] "DELETE /admin HTTP/1.1" 302 1876 "-" "Mozilla/5.0 (Macintosh; Intel Mac OS X 10_15_7)"
203.0.113.1 - - [17/Jun/2025:16:11:21 +0000] "POST /logout HTTP/1.1" 200 4850 "-" "Mozilla/5.0 (Windows NT 10.0; Win64; x64)"
1.2.3.4 - - [18/Jun/2025:00:26:08 +0000] "DELETE /user/profile HTTP/1.1" 200 3467 "-" "SIEMScanner/1.0"
203.0.113.1 - - [17/Jun/2025:02:17:47 +0000] "GET /api/data HTTP/1.1" 500 3873 "-" "curl/7.68.0"
123.45.67.89 - - [17/Jun/2025:03:34:55 +0000] "DELETE /api/data HTTP/1.1" 403 4952 "-" "Mozilla/5.0 (Linux; Android 10)"
8.8.8.8 - - [17/Jun/2025:02:50:46 +0000] "DELETE /logout HTTP/1.1" 200 4539 "-" "Mozilla/5.0 (Macintosh; Intel Mac OS X 10_15_7)"
198.51.100.23 - - [17/Jun/2025:02:59:13 +0000] "DELETE / HTTP/1.1" 403 4780 "-" "python-requests/2.25.1"
203.0.113.1 - - [17/Jun/2025:13:24:21 +0000] "GET /dashboard HTTP/1.1" 302 2091 "-" "Mozilla/5.0 (Macintosh; Intel Mac OS X 10_15_7)"
123.45.67.89 - - [18/Jun/2025:00:49:49 +0000] "DELETE / HTTP/1.1" 401 3149 "-" "curl/7.68.0"
10.0.0.5 - - [17/Jun/2025:09:30:49 +0000] "GET /admin HTTP/1.1" 404 1679 "-" "python-requests/2.25.1"
10.0.0.5 - - [17/Jun/2025:22:31:08 +0000] "GET /api/data HTTP/1.1" 200 2861 "-" "curl/7.68.0"
172.16.0.2 - - [17/Jun/2025:18:21:15 +0000] "PUT /report HTTP/1.1" 404 147 "-" "Mozilla/5.0 (Windows NT 10.0; Win64; x64)"
1.2.3.4 - - [17/Jun/2025:05:40:38 +0000] "POST /logout HTTP/1.1" 302 1210 "-" "SIEMScanner/1.0"
172.16.0.2 - - [17/Jun/2025:23:19:19 +0000] "GET /report HTTP/1.1" 200 4378 "-" "SIEMScanner/1.0"
123.45.67.89 - - [17/Jun/2025:06:57:43 +0000] "PUT /admin HTTP/1.1" 302 2821 "-" "Mozilla/5.0 (Windows NT 10.0; Win64; x64)"
123.45.67.89 - - [17/Jun/2025:17:41:40 +0000] "POST /report HTTP/1.1" 401 4547 "-" "python-requests/2.25.1"
172.16.0.2 - - [18/Jun/2025:01:19:37 +0000] "GET /dashboard HTTP/1.1" 403 1812 "-" "SIEMScanner/1.0"
203.0.113.1 - - [17/Jun/2025:21:33:12 +0000] "GET /report HTTP/1.1" 200 4159 "-" "Mozilla/5.0 (Linux; Android 10)"
1.2.3.4 - - [17/Jun/2025:06:04:57 +0000] "PUT /dashboard HTTP/1.1" 404 3555 "-" "python-requests/2.25.1"
203.0.113.1 - - [17/Jun/2025:03:09:00 +0000] "PUT /admin HTTP/1.1" 401 838 "-" "Mozilla/5.0 (Windows NT 10.0; Win64; x64)"
111.222.333.444 - - [17/Jun/2025:02:57:16 +0000] "PUT /api/data HTTP/1.1" 200 1348 "-" "SIEMScanner/1.0"
203.0.113.1 - - [18/Jun/2025:00:50:00 +0000] "DELETE /api/data HTTP/1.1" 200 1210 "-" "Mozilla/5.0 (Macintosh; Intel Mac OS X 10_15_7)"
172.16.0.2 - - [17/Jun/2025:13:29:45 +0000] "DELETE /login HTTP/1.1" 302 1890 "-" "SIEMScanner/1.0"
203.0.113.1 - - [17/Jun/2025:12:01:14 +0000] "POST /user/profile HTTP/1.1" 403 1254 "-" "curl/7.68.0"
192.168.1.10 - - [17/Jun/2025:22:34:22 +0000] "DELETE /user/profile HTTP/1.1" 200 1903 "-" "python-requests/2.25.1"
192.168.1.10 - - [17/Jun/2025:05:17:01 +0000] "DELETE /login HTTP/1.1" 500 408 "-" "Mozilla/5.0 (Windows NT 10.0; Win64; x64)"
1.2.3.4 - - [17/Jun/2025:10:27:03 +0000] "GET /logout HTTP/1.1" 403 324 "-" "Mozilla/5.0 (Windows NT 10.0; Win64; x64)"
1.2.3.4 - - [17/Jun/2025:22:06:37 +0000] "GET / HTTP/1.1" 200 3220 "-" "Mozilla/5.0 (Windows NT 10.0; Win64; x64)"
123.45.67.89 - - [17/Jun/2025:11:51:44 +0000] "DELETE /report HTTP/1.1" 200 4138 "-" "Mozilla/5.0 (Linux; Android 10)"
111.222.333.444 - - [17/Jun/2025:08:13:12 +0000] "POST /report HTTP/1.1" 302 871 "-" "python-requests/2.25.1"
203.0.113.1 - - [18/Jun/2025:00:11:18 +0000] "POST /api/data HTTP/1.1" 302 491 "-" "SIEMScanner/1.0"
203.0.113.1 - - [17/Jun/2025:09:20:49 +0000] "GET /logout HTTP/1.1" 404 926 "-" "python-requests/2.25.1"
1.2.3.4 - - [17/Jun/2025:16:32:19 +0000] "POST /user/profile HTTP/1.1" 401 133 "-" "SIEMScanner/1.0"
203.0.113.1 - - [17/Jun/2025:16:01:59 +0000] "PUT /login HTTP/1.1" 500 1760 "-" "python-requests/2.25.1"
172.16.0.2 - - [17/Jun/2025:09:25:45 +0000] "PUT /report HTTP/1.1" 200 3580 "-" "SIEMScanner/1.0"
1.2.3.4 - - [17/Jun/2025:17:29:16 +0000] "PUT /api/data HTTP/1.1" 200 4296 "-" "python-requests/2.25.1"
192.168.1.10 - - [17/Jun/2025:05:50:15 +0000] "POST /login HTTP/1.1" 200 3113 "-" "curl/7.68.0"
5.6.7.8 - - [17/Jun/2025:21:03:59 +0000] "POST /report HTTP/1.1" 200 1267 "-" "Mozilla/5.0 (Macintosh; Intel Mac OS X 10_15_7)"
198.51.100.23 - - [18/Jun/2025:00:48:09 +0000] "POST / HTTP/1.1" 401 3975 "-" "Mozilla/5.0 (Windows NT 10.0; Win64; x64)"
5.6.7.8 - - [17/Jun/2025:13:04:58 +0000] "PUT /logout HTTP/1.1" 200 403 "-" "Mozilla/5.0 (Linux; Android 10)"
8.8.8.8 - - [17/Jun/2025:21:44:28 +0000] "DELETE /dashboard HTTP/1.1" 302 1532 "-" "Mozilla/5.0 (Windows NT 10.0; Win64; x64)"
192.168.1.10 - - [17/Jun/2025:05:09:32 +0000] "DELETE /admin HTTP/1.1" 200 961 "-" "curl/7.68.0"
10.0.0.5 - - [17/Jun/2025:03:31:02 +0000] "POST /login HTTP/1.1" 200 4038 "-" "Mozilla/5.0 (Linux; Android 10)"
10.0.0.5 - - [17/Jun/2025:06:54:58 +0000] "PUT /admin HTTP/1.1" 200 4770 "-" "Mozilla/5.0 (Windows NT 10.0; Win64; x64)"
5.6.7.8 - - [17/Jun/2025:21:33:07 +0000] "DELETE /dashboard HTTP/1.1" 404 907 "-" "Mozilla/5.0 (Macintosh; Intel Mac OS X 10_15_7)"
8.8.8.8 - - [17/Jun/2025:08:28:11 +0000] "PUT /dashboard HTTP/1.1" 403 2454 "-" "python-requests/2.25.1"
111.222.333.444 - - [17/Jun/2025:21:50:58 +0000] "GET / HTTP/1.1" 404 3749 "-" "SIEMScanner/1.0"
111.222.333.444 - - [17/Jun/2025:09:44:20 +0000] "POST / HTTP/1.1" 200 4257 "-" "Mozilla/5.0 (Macintosh; Intel Mac OS X 10_15_7)"
1.2.3.4 - - [18/Jun/2025:01:28:30 +0000] "POST /user/profile HTTP/1.1" 302 2325 "-" "SIEMScanner/1.0"
8.8.8.8 - - [17/Jun/2025:04:38:26 +0000] "POST / HTTP/1.1" 404 2915 "-" "python-requests/2.25.1"
10.0.0.5 - - [17/Jun/2025:07:21:17 +0000] "DELETE /report HTTP/1.1" 200 2512 "-" "Mozilla/5.0 (Windows NT 10.0; Win64; x64)"
5.6.7.8 - - [17/Jun/2025:15:26:45 +0000] "POST /user/profile HTTP/1.1" 200 2751 "-" "Mozilla/5.0 (Macintosh; Intel Mac OS X 10_15_7)"
192.168.1.10 - - [17/Jun/2025:03:01:29 +0000] "DELETE /logout HTTP/1.1" 403 3784 "-" "SIEMScanner/1.0"
8.8.8.8 - - [17/Jun/2025:08:45:38 +0000] "GET /login HTTP/1.1" 200 2779 "-" "Mozilla/5.0 (Windows NT 10.0; Win64; x64)"
10.0.0.5 - - [17/Jun/2025:10:44:16 +0000] "PUT /dashboard HTTP/1.1" 302 4891 "-" "Mozilla/5.0 (Macintosh; Intel Mac OS X 10_15_7)"
111.222.333.444 - - [17/Jun/2025:21:35:08 +0000] "POST /dashboard HTTP/1.1" 200 3715 "-" "Mozilla/5.0 (Macintosh; Intel Mac OS X 10_15_7)"
111.222.333.444 - - [17/Jun/2025:14:59:28 +0000] "GET /logout HTTP/1.1" 302 3196 "-" "SIEMScanner/1.0"
1.2.3.4 - - [17/Jun/2025:08:09:10 +0000] "PUT /logout HTTP/1.1" 500 617 "-" "curl/7.68.0"
203.0.113.1 - - [17/Jun/2025:14:15:41 +0000] "DELETE /user/profile HTTP/1.1" 500 1319 "-" "Mozilla/5.0 (Macintosh; Intel Mac OS X 10_15_7)"
8.8.8.8 - - [17/Jun/2025:12:07:46 +0000] "POST /admin HTTP/1.1" 401 4950 "-" "Mozilla/5.0 (Windows NT 10.0; Win64; x64)"
5.6.7.8 - - [17/Jun/2025:18:35:44 +0000] "POST /api/data HTTP/1.1" 500 934 "-" "Mozilla/5.0 (Windows NT 10.0; Win64; x64)"
8.8.8.8 - - [17/Jun/2025:06:54:24 +0000] "GET /logout HTTP/1.1" 200 3326 "-" "SIEMScanner/1.0"
123.45.67.89 - - [17/Jun/2025:02:02:46 +0000] "POST /logout HTTP/1.1" 200 2485 "-" "Mozilla/5.0 (Linux; Android 10)"
5.6.7.8 - - [17/Jun/2025:12:08:01 +0000] "DELETE /admin HTTP/1.1" 200 4152 "-" "python-requests/2.25.1"
192.168.1.10 - - [17/Jun/2025:03:34:21 +0000] "PUT /admin HTTP/1.1" 200 2526 "-" "Mozilla/5.0 (Macintosh; Intel Mac OS X 10_15_7)"
172.16.0.2 - - [17/Jun/2025:03:28:38 +0000] "POST /user/profile HTTP/1.1" 200 185 "-" "python-requests/2.25.1"
10.0.0.5 - - [17/Jun/2025:07:21:51 +0000] "DELETE /report HTTP/1.1" 302 2572 "-" "Mozilla/5.0 (Windows NT 10.0; Win64; x64)"
172.16.0.2 - - [17/Jun/2025:19:00:34 +0000] "GET /logout HTTP/1.1" 200 1337 "-" "python-requests/2.25.1"
10.0.0.5 - - [17/Jun/2025:17:13:52 +0000] "PUT /admin HTTP/1.1" 404 580 "-" "curl/7.68.0"
5.6.7.8 - - [17/Jun/2025:02:39:24 +0000] "DELETE / HTTP/1.1" 200 859 "-" "SIEMScanner/1.0"
123.45.67.89 - - [17/Jun/2025:06:59:02 +0000] "DELETE /api/data HTTP/1.1" 200 4005 "-" "Mozilla/5.0 (Linux; Android 10)"
172.16.0.2 - - [18/Jun/2025:00:21:39 +0000] "POST /user/profile HTTP/1.1" 200 4982 "-" "Mozilla/5.0 (Windows NT 10.0; Win64; x64)"
1.2.3.4 - - [18/Jun/2025:00:01:32 +0000] "GET /api/data HTTP/1.1" 401 3584 "-" "SIEMScanner/1.0"
8.8.8.8 - - [17/Jun/2025:16:12:59 +0000] "GET /logout HTTP/1.1" 404 1836 "-" "SIEMScanner/1.0"
203.0.113.1 - - [17/Jun/2025:09:58:42 +0000] "PUT /dashboard HTTP/1.1" 403 2083 "-" "Mozilla/5.0 (Windows NT 10.0; Win64; x64)"
123.45.67.89 - - [17/Jun/2025:14:01:58 +0000] "POST / HTTP/1.1" 404 1608 "-" "python-requests/2.25.1"
203.0.113.1 - - [17/Jun/2025:14:11:53 +0000] "DELETE /api/data HTTP/1.1" 403 107 "-" "python-requests/2.25.1"
10.0.0.5 - - [17/Jun/2025:13:09:24 +0000] "DELETE /login HTTP/1.1" 500 2948 "-" "curl/7.68.0"
198.51.100.23 - - [17/Jun/2025:19:30:44 +0000] "DELETE /admin HTTP/1.1" 404 2230 "-" "SIEMScanner/1.0"
111.222.333.444 - - [17/Jun/2025:16:04:11 +0000] "DELETE / HTTP/1.1" 200 3096 "-" "Mozilla/5.0 (Windows NT 10.0; Win64; x64)"
123.45.67.89 - - [17/Jun/2025:07:16:49 +0000] "DELETE /user/profile HTTP/1.1" 200 3110 "-" "python-requests/2.25.1"
1.2.3.4 - - [17/Jun/2025:10:36:20 +0000] "GET /report HTTP/1.1" 401 1364 "-" "SIEMScanner/1.0"
203.0.113.1 - - [17/Jun/2025:21:02:16 +0000] "DELETE /api/data HTTP/1.1" 200 2537 "-" "python-requests/2.25.1"
172.16.0.2 - - [17/Jun/2025:16:53:00 +0000] "PUT /report HTTP/1.1" 200 4636 "-" "SIEMScanner/1.0"
5.6.7.8 - - [17/Jun/2025:07:09:33 +0000] "POST / HTTP/1.1" 404 2519 "-" "Mozilla/5.0 (Linux; Android 10)"
203.0.113.1 - - [17/Jun/2025:22:59:13 +0000] "DELETE /login HTTP/1.1" 500 793 "-" "Mozilla/5.0 (Macintosh; Intel Mac OS X 10_15_7)"
192.168.1.10 - - [17/Jun/2025:18:11:13 +0000] "GET /admin HTTP/1.1" 302 2589 "-" "Mozilla/5.0 (Linux; Android 10)"
5.6.7.8 - - [17/Jun/2025:15:43:44 +0000] "POST /api/data HTTP/1.1" 403 2312 "-" "python-requests/2.25.1"
111.222.333.444 - - [17/Jun/2025:08:48:52 +0000] "GET /logout HTTP/1.1" 401 3273 "-" "SIEMScanner/1.0"
10.0.0.5 - - [17/Jun/2025:19:41:54 +0000] "DELETE /api/data HTTP/1.1" 404 1023 "-" "SIEMScanner/1.0"
203.0.113.1 - - [17/Jun/2025:16:50:15 +0000] "PUT /logout HTTP/1.1" 404 130 "-" "Mozilla/5.0 (Windows NT 10.0; Win64; x64)"
203.0.113.1 - - [17/Jun/2025:02:06:29 +0000] "GET /api/data HTTP/1.1" 404 114 "-" "curl/7.68.0"
10.0.0.5 - - [17/Jun/2025:13:33:49 +0000] "GET /login HTTP/1.1" 403 2192 "-" "python-requests/2.25.1"
8.8.8.8 - - [18/Jun/2025:00:51:58 +0000] "GET /login HTTP/1.1" 200 1158 "-" "SIEMScanner/1.0"
10.0.0.5 - - [17/Jun/2025:10:00:54 +0000] "GET /api/data HTTP/1.1" 403 3004 "-" "curl/7.68.0"
10.0.0.5 - - [17/Jun/2025:23:19:33 +0000] "PUT /dashboard HTTP/1.1" 403 3955 "-" "python-requests/2.25.1"
10.0.0.5 - - [17/Jun/2025:03:01:27 +0000] "POST /report HTTP/1.1" 500 1995 "-" "Mozilla/5.0 (Windows NT 10.0; Win64; x64)"
8.8.8.8 - - [17/Jun/2025:04:30:25 +0000] "PUT /api/data HTTP/1.1" 200 3542 "-" "curl/7.68.0"
172.16.0.2 - - [18/Jun/2025:00:54:54 +0000] "GET /login HTTP/1.1" 200 1229 "-" "Mozilla/5.0 (Macintosh; Intel Mac OS X 10_15_7)"
5.6.7.8 - - [17/Jun/2025:15:07:52 +0000] "GET /login HTTP/1.1" 401 1345 "-" "python-requests/2.25.1"
203.0.113.1 - - [17/Jun/2025:11:03:11 +0000] "POST /api/data HTTP/1.1" 200 151 "-" "python-requests/2.25.1"
5.6.7.8 - - [17/Jun/2025:21:03:56 +0000] "PUT /login HTTP/1.1" 500 241 "-" "Mozilla/5.0 (Macintosh; Intel Mac OS X 10_15_7)"
198.51.100.23 - - [18/Jun/2025:00:02:18 +0000] "GET /admin HTTP/1.1" 500 1058 "-" "Mozilla/5.0 (Linux; Android 10)"
172.16.0.2 - - [17/Jun/2025:10:11:42 +0000] "PUT /admin HTTP/1.1" 200 4238 "-" "python-requests/2.25.1"
1.2.3.4 - - [17/Jun/2025:09:46:47 +0000] "PUT /dashboard HTTP/1.1" 200 393 "-" "python-requests/2.25.1"
8.8.8.8 - - [17/Jun/2025:13:32:54 +0000] "POST /api/data HTTP/1.1" 403 2118 "-" "python-requests/2.25.1"
203.0.113.1 - - [17/Jun/2025:16:06:24 +0000] "GET /report HTTP/1.1" 401 3124 "-" "SIEMScanner/1.0"
10.0.0.5 - - [17/Jun/2025:07:36:51 +0000] "GET /dashboard HTTP/1.1" 200 3918 "-" "Mozilla/5.0 (Macintosh; Intel Mac OS X 10_15_7)"
8.8.8.8 - - [17/Jun/2025:13:21:32 +0000] "POST /admin HTTP/1.1" 401 379 "-" "Mozilla/5.0 (Macintosh; Intel Mac OS X 10_15_7)"
192.168.1.10 - - [17/Jun/2025:19:10:06 +0000] "POST /dashboard HTTP/1.1" 200 2522 "-" "Mozilla/5.0 (Linux; Android 10)"
192.168.1.10 - - [17/Jun/2025:18:55:21 +0000] "POST /login HTTP/1.1" 500 2883 "-" "python-requests/2.25.1"
192.168.1.10 - - [17/Jun/2025:18:05:16 +0000] "GET /login HTTP/1.1" 200 4714 "-" "python-requests/2.25.1"
8.8.8.8 - - [17/Jun/2025:12:55:11 +0000] "GET / HTTP/1.1" 302 2338 "-" "Mozilla/5.0 (Windows NT 10.0; Win64; x64)"
111.222.333.444 - - [17/Jun/2025:08:57:39 +0000] "PUT /dashboard HTTP/1.1" 404 3353 "-" "curl/7.68.0"
198.51.100.23 - - [17/Jun/2025:20:16:29 +0000] "POST /login HTTP/1.1" 200 2636 "-" "Mozilla/5.0 (Macintosh; Intel Mac OS X 10_15_7)"
10.0.0.5 - - [17/Jun/2025:03:09:02 +0000] "GET /user/profile HTTP/1.1" 200 2892 "-" "Mozilla/5.0 (Windows NT 10.0; Win64; x64)"
203.0.113.1 - - [17/Jun/2025:20:38:29 +0000] "PUT /logout HTTP/1.1" 302 2431 "-" "curl/7.68.0"
111.222.333.444 - - [17/Jun/2025:16:31:23 +0000] "PUT /login HTTP/1.1" 404 3303 "-" "Mozilla/5.0 (Macintosh; Intel Mac OS X 10_15_7)"
123.45.67.89 - - [18/Jun/2025:00:16:37 +0000] "GET /user/profile HTTP/1.1" 401 4098 "-" "Mozilla/5.0 (Macintosh; Intel Mac OS X 10_15_7)"
1.2.3.4 - - [17/Jun/2025:18:38:46 +0000] "PUT /admin HTTP/1.1" 200 1187 "-" "SIEMScanner/1.0"
123.45.67.89 - - [17/Jun/2025:19:24:15 +0000] "DELETE / HTTP/1.1" 404 2284 "-" "python-requests/2.25.1"
111.222.333.444 - - [17/Jun/2025:04:36:33 +0000] "POST /report HTTP/1.1" 302 2342 "-" "Mozilla/5.0 (Linux; Android 10)"
111.222.333.444 - - [17/Jun/2025:03:09:18 +0000] "POST /dashboard HTTP/1.1" 403 812 "-" "Mozilla/5.0 (Linux; Android 10)"
198.51.100.23 - - [17/Jun/2025:14:36:36 +0000] "DELETE /dashboard HTTP/1.1" 403 2790 "-" "python-requests/2.25.1"
5.6.7.8 - - [17/Jun/2025:08:47:35 +0000] "PUT /login HTTP/1.1" 403 4000 "-" "python-requests/2.25.1"
203.0.113.1 - - [18/Jun/2025:01:37:03 +0000] "POST /login HTTP/1.1" 404 4259 "-" "python-requests/2.25.1"
111.222.333.444 - - [17/Jun/2025:05:24:34 +0000] "PUT /logout HTTP/1.1" 404 2188 "-" "Mozilla/5.0 (Macintosh; Intel Mac OS X 10_15_7)"
203.0.113.1 - - [17/Jun/2025:17:10:22 +0000] "GET /logout HTTP/1.1" 200 4973 "-" "Mozilla/5.0 (Windows NT 10.0; Win64; x64)"
172.16.0.2 - - [17/Jun/2025:22:13:21 +0000] "POST / HTTP/1.1" 403 1629 "-" "Mozilla/5.0 (Macintosh; Intel Mac OS X 10_15_7)"
198.51.100.23 - - [17/Jun/2025:18:37:05 +0000] "POST /admin HTTP/1.1" 200 1548 "-" "Mozilla/5.0 (Windows NT 10.0; Win64; x64)"
172.16.0.2 - - [17/Jun/2025:21:25:58 +0000] "PUT /report HTTP/1.1" 200 3011 "-" "SIEMScanner/1.0"
10.0.0.5 - - [17/Jun/2025:06:30:01 +0000] "GET /login HTTP/1.1" 200 4874 "-" "curl/7.68.0"
203.0.113.1 - - [17/Jun/2025:15:00:13 +0000] "GET /dashboard HTTP/1.1" 500 3710 "-" "Mozilla/5.0 (Macintosh; Intel Mac OS X 10_15_7)"
1.2.3.4 - - [17/Jun/2025:16:03:59 +0000] "GET /user/profile HTTP/1.1" 200 2174 "-" "SIEMScanner/1.0"
5.6.7.8 - - [17/Jun/2025:03:34:17 +0000] "GET /report HTTP/1.1" 500 3564 "-" "python-requests/2.25.1"
172.16.0.2 - - [17/Jun/2025:18:26:45 +0000] "POST /login HTTP/1.1" 200 2646 "-" "Mozilla/5.0 (Linux; Android 10)"
10.0.0.5 - - [17/Jun/2025:08:15:37 +0000] "POST /user/profile HTTP/1.1" 403 1578 "-" "Mozilla/5.0 (Linux; Android 10)"
8.8.8.8 - - [17/Jun/2025:18:35:58 +0000] "PUT /report HTTP/1.1" 200 3518 "-" "python-requests/2.25.1"
192.168.1.10 - - [17/Jun/2025:10:26:57 +0000] "PUT /admin HTTP/1.1" 500 1256 "-" "curl/7.68.0"
1.2.3.4 - - [17/Jun/2025:06:00:55 +0000] "POST /logout HTTP/1.1" 404 1659 "-" "Mozilla/5.0 (Macintosh; Intel Mac OS X 10_15_7)"
123.45.67.89 - - [17/Jun/2025:17:04:58 +0000] "POST /report HTTP/1.1" 500 3514 "-" "Mozilla/5.0 (Windows NT 10.0; Win64; x64)"
8.8.8.8 - - [17/Jun/2025:03:19:55 +0000] "PUT /admin HTTP/1.1" 302 1258 "-" "Mozilla/5.0 (Windows NT 10.0; Win64; x64)"
5.6.7.8 - - [17/Jun/2025:08:26:08 +0000] "POST /admin HTTP/1.1" 302 1741 "-" "Mozilla/5.0 (Windows NT 10.0; Win64; x64)"
198.51.100.23 - - [17/Jun/2025:23:22:47 +0000] "GET /api/data HTTP/1.1" 404 3429 "-" "Mozilla/5.0 (Macintosh; Intel Mac OS X 10_15_7)"
111.222.333.444 - - [17/Jun/2025:19:43:54 +0000] "GET /api/data HTTP/1.1" 302 4200 "-" "SIEMScanner/1.0"
203.0.113.1 - - [17/Jun/2025:19:04:02 +0000] "POST /user/profile HTTP/1.1" 200 4747 "-" "SIEMScanner/1.0"
203.0.113.1 - - [17/Jun/2025:13:40:26 +0000] "DELETE /api/data HTTP/1.1" 200 3567 "-" "Mozilla/5.0 (Linux; Android 10)"
111.222.333.444 - - [17/Jun/2025:16:34:01 +0000] "GET /report HTTP/1.1" 200 3843 "-" "curl/7.68.0"
10.0.0.5 - - [17/Jun/2025:22:45:11 +0000] "GET /report HTTP/1.1" 200 559 "-" "Mozilla/5.0 (Macintosh; Intel Mac OS X 10_15_7)"
8.8.8.8 - - [17/Jun/2025:17:57:49 +0000] "GET /admin HTTP/1.1" 401 4610 "-" "Mozilla/5.0 (Macintosh; Intel Mac OS X 10_15_7)"
203.0.113.1 - - [17/Jun/2025:10:10:23 +0000] "DELETE /report HTTP/1.1" 200 2736 "-" "python-requests/2.25.1"
10.0.0.5 - - [17/Jun/2025:15:07:59 +0000] "DELETE /user/profile HTTP/1.1" 200 3097 "-" "Mozilla/5.0 (Linux; Android 10)"
1.2.3.4 - - [17/Jun/2025:07:38:53 +0000] "POST /dashboard HTTP/1.1" 200 146 "-" "Mozilla/5.0 (Linux; Android 10)"
192.168.1.10 - - [18/Jun/2025:00:06:02 +0000] "DELETE /login HTTP/1.1" 403 4967 "-" "Mozilla/5.0 (Macintosh; Intel Mac OS X 10_15_7)"
203.0.113.1 - - [17/Jun/2025:05:49:21 +0000] "POST /dashboard HTTP/1.1" 401 2789 "-" "SIEMScanner/1.0"
