123.45.67.89 - - [17/Jun/2025:05:29:40 +0000] "POST /login HTTP/1.1" 403 3863 "-" "Mozilla/5.0 (Linux; Android 10)"
10.0.0.5 - - [18/Jun/2025:00:51:59 +0000] "PUT /dashboard HTTP/1.1" 403 3540 "-" "Mozilla/5.0 (Windows NT 10.0; Win64; x64)"
192.168.1.10 - - [17/Jun/2025:06:13:13 +0000] "DELETE /dashboard HTTP/1.1" 401 4542 "-" "SIEMScanner/1.0"
1.2.3.4 - - [18/Jun/2025:01:24:50 +0000] "PUT /dashboard HTTP/1.1" 403 928 "-" "Mozilla/5.0 (Windows NT 10.0; Win64; x64)"
111.222.333.444 - - [17/Jun/2025:13:47:59 +0000] "GET / HTTP/1.1" 200 3437 "-" "SIEMScanner/1.0"
8.8.8.8 - - [18/Jun/2025:00:13:30 +0000] "GET /user/profile HTTP/1.1" 404 4102 "-" "Mozilla/5.0 (Linux; Android 10)"
8.8.8.8 - - [17/Jun/2025:05:29:28 +0000] "GET /logout HTTP/1.1" 403 1697 "-" "Mozilla/5.0 (Windows NT 10.0; Win64; x64)"
192.168.1.10 - - [18/Jun/2025:00:43:11 +0000] "POST /logout HTTP/1.1" 200 718 "-" "Mozilla/5.0 (Linux; Android 10)"
5.6.7.8 - - [18/Jun/2025:00:07:05 +0000] "PUT /api/data HTTP/1.1" 200 1077 "-" "python-requests/2.25.1"
111.222.333.444 - - [18/Jun/2025:01:41:35 +0000] "GET /report HTTP/1.1" 401 702 "-" "Mozilla/5.0 (Windows NT 10.0; Win64; x64)"
172.16.0.2 - - [17/Jun/2025:02:32:55 +0000] "GET /admin HTTP/1.1" 500 4938 "-" "curl/7.68.0"
192.168.1.10 - - [17/Jun/2025:11:14:35 +0000] "POST /admin HTTP/1.1" 401 1666 "-" "Mozilla/5.0 (Linux; Android 10)"
8.8.8.8 - - [17/Jun/2025:08:12:10 +0000] "DELETE / HTTP/1.1" 403 2909 "-" "SIEMScanner/1.0"
172.16.0.2 - - [17/Jun/2025:05:00:02 +0000] "POST /dashboard HTTP/1.1" 302 4303 "-" "curl/7.68.0"
123.45.67.89 - - [17/Jun/2025:19:06:49 +0000] "DELETE /report HTTP/1.1" 401 585 "-" "SIEMScanner/1.0"
123.45.67.89 - - [17/Jun/2025:15:33:03 +0000] "GET /admin HTTP/1.1" 404 3611 "-" "Mozilla/5.0 (Windows NT 10.0; Win64; x64)"
5.6.7.8 - - [17/Jun/2025:13:06:04 +0000] "DELETE /dashboard HTTP/1.1" 200 3126 "-" "Mozilla/5.0 (Linux; Android 10)"
203.0.113.1 - - [17/Jun/2025:17:57:21 +0000] "POST /dashboard HTTP/1.1" 403 2798 "-" "Mozilla/5.0 (Macintosh; Intel Mac OS X 10_15_7)"
203.0.113.1 - - [17/Jun/2025:14:47:23 +0000] "GET /dashboard HTTP/1.1" 404 1592 "-" "Mozilla/5.0 (Linux; Android 10)"
192.168.1.10 - - [17/Jun/2025:15:02:10 +0000] "POST /report HTTP/1.1" 200 3326 "-" "Mozilla/5.0 (Macintosh; Intel Mac OS X 10_15_7)"
8.8.8.8 - - [17/Jun/2025:02:52:18 +0000] "GET / HTTP/1.1" 500 1903 "-" "curl/7.68.0"
10.0.0.5 - - [17/Jun/2025:21:04:11 +0000] "DELETE /api/data HTTP/1.1" 401 2133 "-" "Mozilla/5.0 (Linux; Android 10)"
10.0.0.5 - - [17/Jun/2025:13:36:04 +0000] "PUT /user/profile HTTP/1.1" 200 1920 "-" "Mozilla/5.0 (Macintosh; Intel Mac OS X 10_15_7)"
111.222.333.444 - - [17/Jun/2025:10:30:39 +0000] "POST /user/profile HTTP/1.1" 401 1180 "-" "python-requests/2.25.1"
203.0.113.1 - - [17/Jun/2025:11:50:43 +0000] "GET /report HTTP/1.1" 403 377 "-" "Mozilla/5.0 (Macintosh; Intel Mac OS X 10_15_7)"
192.168.1.10 - - [17/Jun/2025:21:08:02 +0000] "POST /api/data HTTP/1.1" 404 2700 "-" "SIEMScanner/1.0"
198.51.100.23 - - [17/Jun/2025:20:22:15 +0000] "POST / HTTP/1.1" 200 2336 "-" "Mozilla/5.0 (Linux; Android 10)"
1.2.3.4 - - [17/Jun/2025:14:33:46 +0000] "GET /dashboard HTTP/1.1" 302 1783 "-" "SIEMScanner/1.0"
5.6.7.8 - - [17/Jun/2025:05:11:33 +0000] "GET /logout HTTP/1.1" 500 1996 "-" "python-requests/2.25.1"
123.45.67.89 - - [18/Jun/2025:00:31:06 +0000] "GET /admin HTTP/1.1" 500 3619 "-" "Mozilla/5.0 (Macintosh; Intel Mac OS X 10_15_7)"
198.51.100.23 - - [17/Jun/2025:13:33:43 +0000] "GET /logout HTTP/1.1" 403 1702 "-" "Mozilla/5.0 (Windows NT 10.0; Win64; x64)"
111.222.333.444 - - [17/Jun/2025:08:53:53 +0000] "GET /api/data HTTP/1.1" 302 1426 "-" "Mozilla/5.0 (Windows NT 10.0; Win64; x64)"
123.45.67.89 - - [17/Jun/2025:09:01:57 +0000] "PUT /user/profile HTTP/1.1" 200 3195 "-" "curl/7.68.0"
172.16.0.2 - - [17/Jun/2025:10:38:50 +0000] "DELETE /dashboard HTTP/1.1" 200 3321 "-" "SIEMScanner/1.0"
8.8.8.8 - - [17/Jun/2025:03:26:00 +0000] "POST /logout HTTP/1.1" 302 4099 "-" "python-requests/2.25.1"
8.8.8.8 - - [17/Jun/2025:03:25:41 +0000] "PUT /report HTTP/1.1" 403 3526 "-" "Mozilla/5.0 (Linux; Android 10)"
10.0.0.5 - - [17/Jun/2025:08:24:50 +0000] "PUT /admin HTTP/1.1" 404 4582 "-" "curl/7.68.0"
198.51.100.23 - - [17/Jun/2025:19:07:17 +0000] "GET / HTTP/1.1" 403 696 "-" "Mozilla/5.0 (Macintosh; Intel Mac OS X 10_15_7)"
1.2.3.4 - - [17/Jun/2025:14:46:34 +0000] "POST / HTTP/1.1" 302 4189 "-" "Mozilla/5.0 (Linux; Android 10)"
111.222.333.444 - - [17/Jun/2025:07:28:24 +0000] "DELETE /admin HTTP/1.1" 401 4022 "-" "Mozilla/5.0 (Macintosh; Intel Mac OS X 10_15_7)"
203.0.113.1 - - [18/Jun/2025:01:10:52 +0000] "PUT /report HTTP/1.1" 500 948 "-" "python-requests/2.25.1"
1.2.3.4 - - [17/Jun/2025:11:11:22 +0000] "GET /user/profile HTTP/1.1" 200 3152 "-" "Mozilla/5.0 (Macintosh; Intel Mac OS X 10_15_7)"
192.168.1.10 - - [17/Jun/2025:18:14:24 +0000] "GET / HTTP/1.1" 302 4989 "-" "Mozilla/5.0 (Macintosh; Intel Mac OS X 10_15_7)"
192.168.1.10 - - [18/Jun/2025:00:19:06 +0000] "DELETE /api/data HTTP/1.1" 200 1943 "-" "SIEMScanner/1.0"
10.0.0.5 - - [17/Jun/2025:20:41:58 +0000] "GET /logout HTTP/1.1" 401 3972 "-" "Mozilla/5.0 (Macintosh; Intel Mac OS X 10_15_7)"
198.51.100.23 - - [17/Jun/2025:08:30:37 +0000] "POST /admin HTTP/1.1" 200 2865 "-" "Mozilla/5.0 (Macintosh; Intel Mac OS X 10_15_7)"
111.222.333.444 - - [17/Jun/2025:17:13:25 +0000] "GET /api/data HTTP/1.1" 403 2303 "-" "Mozilla/5.0 (Linux; Android 10)"
10.0.0.5 - - [17/Jun/2025:03:07:36 +0000] "DELETE / HTTP/1.1" 403 4181 "-" "Mozilla/5.0 (Macintosh; Intel Mac OS X 10_15_7)"
111.222.333.444 - - [17/Jun/2025:05:10:16 +0000] "PUT /login HTTP/1.1" 200 1886 "-" "python-requests/2.25.1"
192.168.1.10 - - [17/Jun/2025:14:44:13 +0000] "POST /user/profile HTTP/1.1" 403 4532 "-" "Mozilla/5.0 (Linux; Android 10)"
123.45.67.89 - - [17/Jun/2025:06:39:18 +0000] "PUT /dashboard HTTP/1.1" 401 861 "-" "Mozilla/5.0 (Macintosh; Intel Mac OS X 10_15_7)"
8.8.8.8 - - [17/Jun/2025:02:26:59 +0000] "PUT /dashboard HTTP/1.1" 401 778 "-" "Mozilla/5.0 (Macintosh; Intel Mac OS X 10_15_7)"
123.45.67.89 - - [17/Jun/2025:17:43:38 +0000] "GET /login HTTP/1.1" 200 120 "-" "python-requests/2.25.1"
111.222.333.444 - - [17/Jun/2025:07:25:02 +0000] "DELETE /report HTTP/1.1" 404 3497 "-" "Mozilla/5.0 (Macintosh; Intel Mac OS X 10_15_7)"
10.0.0.5 - - [17/Jun/2025:11:48:33 +0000] "DELETE /logout HTTP/1.1" 200 2286 "-" "curl/7.68.0"
111.222.333.444 - - [17/Jun/2025:23:22:54 +0000] "DELETE /logout HTTP/1.1" 302 3008 "-" "curl/7.68.0"
111.222.333.444 - - [17/Jun/2025:22:16:41 +0000] "PUT /dashboard HTTP/1.1" 200 571 "-" "python-requests/2.25.1"
172.16.0.2 - - [17/Jun/2025:19:55:10 +0000] "PUT /admin HTTP/1.1" 403 2646 "-" "curl/7.68.0"
5.6.7.8 - - [17/Jun/2025:06:53:15 +0000] "GET /dashboard HTTP/1.1" 404 193 "-" "python-requests/2.25.1"
198.51.100.23 - - [17/Jun/2025:18:29:33 +0000] "POST /api/data HTTP/1.1" 404 3669 "-" "python-requests/2.25.1"
10.0.0.5 - - [17/Jun/2025:14:51:46 +0000] "DELETE /logout HTTP/1.1" 200 3004 "-" "python-requests/2.25.1"
123.45.67.89 - - [17/Jun/2025:13:37:23 +0000] "GET /logout HTTP/1.1" 200 2529 "-" "Mozilla/5.0 (Windows NT 10.0; Win64; x64)"
192.168.1.10 - - [17/Jun/2025:23:24:00 +0000] "DELETE /logout HTTP/1.1" 200 2004 "-" "python-requests/2.25.1"
10.0.0.5 - - [17/Jun/2025:01:59:48 +0000] "PUT /admin HTTP/1.1" 200 1648 "-" "Mozilla/5.0 (Windows NT 10.0; Win64; x64)"
5.6.7.8 - - [17/Jun/2025:14:10:29 +0000] "PUT /api/data HTTP/1.1" 302 3811 "-" "Mozilla/5.0 (Macintosh; Intel Mac OS X 10_15_7)"
203.0.113.1 - - [17/Jun/2025:07:52:19 +0000] "POST /report HTTP/1.1" 200 3318 "-" "curl/7.68.0"
111.222.333.444 - - [17/Jun/2025:13:02:18 +0000] "DELETE /login HTTP/1.1" 302 675 "-" "python-requests/2.25.1"
198.51.100.23 - - [17/Jun/2025:03:15:45 +0000] "GET /admin HTTP/1.1" 302 3594 "-" "Mozilla/5.0 (Linux; Android 10)"
172.16.0.2 - - [17/Jun/2025:14:36:12 +0000] "PUT /logout HTTP/1.1" 200 2337 "-" "python-requests/2.25.1"
198.51.100.23 - - [17/Jun/2025:19:30:25 +0000] "GET /login HTTP/1.1" 401 4756 "-" "Mozilla/5.0 (Windows NT 10.0; Win64; x64)"
123.45.67.89 - - [17/Jun/2025:20:30:33 +0000] "PUT /login HTTP/1.1" 401 2692 "-" "Mozilla/5.0 (Windows NT 10.0; Win64; x64)"
111.222.333.444 - - [17/Jun/2025:04:21:36 +0000] "DELETE /admin HTTP/1.1" 403 3478 "-" "python-requests/2.25.1"
1.2.3.4 - - [17/Jun/2025:08:08:43 +0000] "PUT /api/data HTTP/1.1" 401 1810 "-" "Mozilla/5.0 (Windows NT 10.0; Win64; x64)"
10.0.0.5 - - [17/Jun/2025:15:48:49 +0000] "GET /dashboard HTTP/1.1" 200 225 "-" "curl/7.68.0"
111.222.333.444 - - [17/Jun/2025:22:56:18 +0000] "PUT /admin HTTP/1.1" 302 2473 "-" "SIEMScanner/1.0"
203.0.113.1 - - [17/Jun/2025:02:46:03 +0000] "PUT /api/data HTTP/1.1" 200 4174 "-" "Mozilla/5.0 (Linux; Android 10)"
203.0.113.1 - - [18/Jun/2025:01:27:12 +0000] "PUT /user/profile HTTP/1.1" 500 161 "-" "curl/7.68.0"
5.6.7.8 - - [17/Jun/2025:06:01:31 +0000] "PUT /report HTTP/1.1" 200 4137 "-" "Mozilla/5.0 (Macintosh; Intel Mac OS X 10_15_7)"
203.0.113.1 - - [17/Jun/2025:03:15:01 +0000] "POST /user/profile HTTP/1.1" 200 4270 "-" "python-requests/2.25.1"
198.51.100.23 - - [17/Jun/2025:20:49:42 +0000] "PUT /logout HTTP/1.1" 200 4923 "-" "Mozilla/5.0 (Linux; Android 10)"
198.51.100.23 - - [17/Jun/2025:22:46:48 +0000] "PUT /user/profile HTTP/1.1" 403 4436 "-" "Mozilla/5.0 (Windows NT 10.0; Win64; x64)"
111.222.333.444 - - [17/Jun/2025:19:44:45 +0000] "POST /api/data HTTP/1.1" 302 4399 "-" "Mozilla/5.0 (Macintosh; Intel Mac OS X 10_15_7)"
192.168.1.10 - - [17/Jun/2025:03:59:26 +0000] "PUT /logout HTTP/1.1" 401 3059 "-" "SIEMScanner/1.0"
198.51.100.23 - - [17/Jun/2025:03:17:46 +0000] "GET /report HTTP/1.1" 500 4488 "-" "python-requests/2.25.1"
10.0.0.5 - - [18/Jun/2025:00:43:59 +0000] "DELETE /dashboard HTTP/1.1" 302 4845 "-" "SIEMScanner/1.0"
203.0.113.1 - - [17/Jun/2025:12:59:00 +0000] "PUT /admin HTTP/1.1" 403 1398 "-" "python-requests/2.25.1"
8.8.8.8 - - [17/Jun/2025:14:06:50 +0000] "DELETE /logout HTTP/1.1" 401 4310 "-" "Mozilla/5.0 (Macintosh; Intel Mac OS X 10_15_7)"
192.168.1.10 - - [17/Jun/2025:23:51:12 +0000] "GET /dashboard HTTP/1.1" 302 2803 "-" "curl/7.68.0"
5.6.7.8 - - [17/Jun/2025:09:09:01 +0000] "GET /api/data HTTP/1.1" 200 675 "-" "python-requests/2.25.1"
10.0.0.5 - - [17/Jun/2025:20:49:51 +0000] "POST /admin HTTP/1.1" 200 4258 "-" "python-requests/2.25.1"
192.168.1.10 - - [17/Jun/2025:23:24:53 +0000] "POST /admin HTTP/1.1" 404 4155 "-" "curl/7.68.0"
5.6.7.8 - - [17/Jun/2025:06:12:41 +0000] "POST /report HTTP/1.1" 302 1438 "-" "python-requests/2.25.1"
192.168.1.10 - - [18/Jun/2025:01:32:56 +0000] "PUT /user/profile HTTP/1.1" 200 2043 "-" "Mozilla/5.0 (Windows NT 10.0; Win64; x64)"
198.51.100.23 - - [17/Jun/2025:10:04:36 +0000] "DELETE /login HTTP/1.1" 401 2222 "-" "Mozilla/5.0 (Macintosh; Intel Mac OS X 10_15_7)"
10.0.0.5 - - [17/Jun/2025:14:37:54 +0000] "POST /report HTTP/1.1" 200 3058 "-" "Mozilla/5.0 (Linux; Android 10)"
198.51.100.23 - - [17/Jun/2025:05:17:20 +0000] "PUT /admin HTTP/1.1" 200 3056 "-" "Mozilla/5.0 (Macintosh; Intel Mac OS X 10_15_7)"
123.45.67.89 - - [17/Jun/2025:23:32:37 +0000] "POST /user/profile HTTP/1.1" 302 4362 "-" "Mozilla/5.0 (Linux; Android 10)"
5.6.7.8 - - [17/Jun/2025:17:50:18 +0000] "POST /login HTTP/1.1" 302 3927 "-" "Mozilla/5.0 (Windows NT 10.0; Win64; x64)"
1.2.3.4 - - [18/Jun/2025:00:37:22 +0000] "PUT /api/data HTTP/1.1" 403 3729 "-" "Mozilla/5.0 (Windows NT 10.0; Win64; x64)"
111.222.333.444 - - [17/Jun/2025:20:49:29 +0000] "DELETE /user/profile HTTP/1.1" 200 231 "-" "Mozilla/5.0 (Windows NT 10.0; Win64; x64)"
10.0.0.5 - - [17/Jun/2025:16:55:11 +0000] "PUT / HTTP/1.1" 401 3695 "-" "curl/7.68.0"
123.45.67.89 - - [17/Jun/2025:06:30:17 +0000] "PUT /login HTTP/1.1" 401 4377 "-" "SIEMScanner/1.0"
198.51.100.23 - - [18/Jun/2025:01:04:09 +0000] "DELETE /user/profile HTTP/1.1" 200 1755 "-" "Mozilla/5.0 (Linux; Android 10)"
123.45.67.89 - - [17/Jun/2025:07:33:34 +0000] "DELETE / HTTP/1.1" 200 1531 "-" "Mozilla/5.0 (Macintosh; Intel Mac OS X 10_15_7)"
192.168.1.10 - - [18/Jun/2025:01:40:05 +0000] "GET /login HTTP/1.1" 500 1059 "-" "curl/7.68.0"
192.168.1.10 - - [17/Jun/2025:08:55:47 +0000] "GET / HTTP/1.1" 500 2621 "-" "Mozilla/5.0 (Macintosh; Intel Mac OS X 10_15_7)"
111.222.333.444 - - [17/Jun/2025:13:21:44 +0000] "GET /api/data HTTP/1.1" 200 4422 "-" "Mozilla/5.0 (Linux; Android 10)"
203.0.113.1 - - [17/Jun/2025:03:43:50 +0000] "GET / HTTP/1.1" 403 983 "-" "Mozilla/5.0 (Linux; Android 10)"
111.222.333.444 - - [17/Jun/2025:10:25:55 +0000] "GET /admin HTTP/1.1" 200 4981 "-" "Mozilla/5.0 (Windows NT 10.0; Win64; x64)"
198.51.100.23 - - [17/Jun/2025:05:04:32 +0000] "DELETE /user/profile HTTP/1.1" 200 2436 "-" "Mozilla/5.0 (Linux; Android 10)"
123.45.67.89 - - [17/Jun/2025:23:07:18 +0000] "POST /login HTTP/1.1" 200 573 "-" "python-requests/2.25.1"
8.8.8.8 - - [18/Jun/2025:01:38:20 +0000] "GET /logout HTTP/1.1" 500 1830 "-" "python-requests/2.25.1"
111.222.333.444 - - [17/Jun/2025:13:28:55 +0000] "PUT /admin HTTP/1.1" 302 337 "-" "Mozilla/5.0 (Windows NT 10.0; Win64; x64)"
198.51.100.23 - - [17/Jun/2025:17:10:42 +0000] "DELETE / HTTP/1.1" 401 2744 "-" "curl/7.68.0"
8.8.8.8 - - [17/Jun/2025:11:01:51 +0000] "DELETE / HTTP/1.1" 200 898 "-" "curl/7.68.0"
5.6.7.8 - - [17/Jun/2025:09:56:53 +0000] "DELETE /dashboard HTTP/1.1" 404 1727 "-" "SIEMScanner/1.0"
203.0.113.1 - - [17/Jun/2025:19:03:06 +0000] "PUT / HTTP/1.1" 302 685 "-" "curl/7.68.0"
203.0.113.1 - - [17/Jun/2025:03:24:30 +0000] "PUT /admin HTTP/1.1" 500 2644 "-" "Mozilla/5.0 (Linux; Android 10)"
10.0.0.5 - - [17/Jun/2025:10:44:01 +0000] "GET /user/profile HTTP/1.1" 403 1900 "-" "Mozilla/5.0 (Linux; Android 10)"
172.16.0.2 - - [17/Jun/2025:21:13:06 +0000] "POST / HTTP/1.1" 200 3844 "-" "python-requests/2.25.1"
192.168.1.10 - - [17/Jun/2025:14:21:41 +0000] "POST /admin HTTP/1.1" 302 4015 "-" "curl/7.68.0"
8.8.8.8 - - [17/Jun/2025:02:43:17 +0000] "DELETE /admin HTTP/1.1" 200 2656 "-" "python-requests/2.25.1"
111.222.333.444 - - [17/Jun/2025:13:00:54 +0000] "POST /report HTTP/1.1" 403 3215 "-" "SIEMScanner/1.0"
192.168.1.10 - - [17/Jun/2025:22:40:39 +0000] "PUT /admin HTTP/1.1" 302 3944 "-" "Mozilla/5.0 (Macintosh; Intel Mac OS X 10_15_7)"
172.16.0.2 - - [17/Jun/2025:21:04:33 +0000] "DELETE /login HTTP/1.1" 500 4977 "-" "python-requests/2.25.1"
192.168.1.10 - - [17/Jun/2025:18:26:53 +0000] "GET /api/data HTTP/1.1" 200 245 "-" "Mozilla/5.0 (Windows NT 10.0; Win64; x64)"
1.2.3.4 - - [17/Jun/2025:22:13:14 +0000] "POST /api/data HTTP/1.1" 200 1443 "-" "Mozilla/5.0 (Windows NT 10.0; Win64; x64)"
172.16.0.2 - - [17/Jun/2025:16:02:37 +0000] "DELETE /login HTTP/1.1" 200 3048 "-" "python-requests/2.25.1"
198.51.100.23 - - [17/Jun/2025:13:17:05 +0000] "GET /dashboard HTTP/1.1" 200 3738 "-" "SIEMScanner/1.0"
111.222.333.444 - - [17/Jun/2025:08:42:37 +0000] "DELETE /report HTTP/1.1" 404 4393 "-" "SIEMScanner/1.0"
1.2.3.4 - - [17/Jun/2025:15:05:42 +0000] "PUT /dashboard HTTP/1.1" 302 1172 "-" "Mozilla/5.0 (Windows NT 10.0; Win64; x64)"
192.168.1.10 - - [17/Jun/2025:22:43:17 +0000] "POST /dashboard HTTP/1.1" 302 3520 "-" "Mozilla/5.0 (Windows NT 10.0; Win64; x64)"
203.0.113.1 - - [17/Jun/2025:19:26:10 +0000] "GET /admin HTTP/1.1" 401 1238 "-" "Mozilla/5.0 (Linux; Android 10)"
5.6.7.8 - - [17/Jun/2025:16:38:32 +0000] "DELETE /login HTTP/1.1" 200 922 "-" "curl/7.68.0"
1.2.3.4 - - [17/Jun/2025:10:57:45 +0000] "POST /api/data HTTP/1.1" 500 903 "-" "Mozilla/5.0 (Linux; Android 10)"
123.45.67.89 - - [17/Jun/2025:22:55:01 +0000] "DELETE /admin HTTP/1.1" 403 3983 "-" "Mozilla/5.0 (Windows NT 10.0; Win64; x64)"
10.0.0.5 - - [17/Jun/2025:18:00:00 +0000] "GET / HTTP/1.1" 500 4059 "-" "Mozilla/5.0 (Windows NT 10.0; Win64; x64)"
5.6.7.8 - - [17/Jun/2025:04:17:17 +0000] "GET /logout HTTP/1.1" 200 3092 "-" "Mozilla/5.0 (Macintosh; Intel Mac OS X 10_15_7)"
111.222.333.444 - - [18/Jun/2025:00:18:09 +0000] "DELETE /login HTTP/1.1" 200 1546 "-" "SIEMScanner/1.0"
172.16.0.2 - - [17/Jun/2025:08:00:21 +0000] "POST /report HTTP/1.1" 200 1168 "-" "Mozilla/5.0 (Linux; Android 10)"
8.8.8.8 - - [17/Jun/2025:17:03:01 +0000] "DELETE /dashboard HTTP/1.1" 200 923 "-" "Mozilla/5.0 (Macintosh; Intel Mac OS X 10_15_7)"
123.45.67.89 - - [17/Jun/2025:19:33:57 +0000] "GET /login HTTP/1.1" 200 2129 "-" "Mozilla/5.0 (Linux; Android 10)"
8.8.8.8 - - [17/Jun/2025:07:26:53 +0000] "GET /dashboard HTTP/1.1" 401 2915 "-" "python-requests/2.25.1"
203.0.113.1 - - [17/Jun/2025:10:14:55 +0000] "PUT / HTTP/1.1" 200 591 "-" "Mozilla/5.0 (Windows NT 10.0; Win64; x64)"
1.2.3.4 - - [17/Jun/2025:11:52:29 +0000] "GET /report HTTP/1.1" 200 2516 "-" "Mozilla/5.0 (Linux; Android 10)"
10.0.0.5 - - [17/Jun/2025:17:02:50 +0000] "PUT /api/data HTTP/1.1" 200 2410 "-" "SIEMScanner/1.0"
111.222.333.444 - - [18/Jun/2025:00:53:12 +0000] "POST / HTTP/1.1" 302 993 "-" "curl/7.68.0"
5.6.7.8 - - [17/Jun/2025:12:21:27 +0000] "PUT /report HTTP/1.1" 200 4427 "-" "SIEMScanner/1.0"
198.51.100.23 - - [17/Jun/2025:03:39:15 +0000] "GET / HTTP/1.1" 302 1331 "-" "curl/7.68.0"
192.168.1.10 - - [17/Jun/2025:08:05:08 +0000] "GET /api/data HTTP/1.1" 200 4418 "-" "Mozilla/5.0 (Macintosh; Intel Mac OS X 10_15_7)"
192.168.1.10 - - [17/Jun/2025:06:52:52 +0000] "PUT /user/profile HTTP/1.1" 302 2723 "-" "Mozilla/5.0 (Windows NT 10.0; Win64; x64)"
8.8.8.8 - - [18/Jun/2025:01:26:04 +0000] "DELETE /api/data HTTP/1.1" 403 2735 "-" "Mozilla/5.0 (Linux; Android 10)"
10.0.0.5 - - [17/Jun/2025:18:02:09 +0000] "GET /dashboard HTTP/1.1" 200 159 "-" "Mozilla/5.0 (Linux; Android 10)"
192.168.1.10 - - [17/Jun/2025:23:16:30 +0000] "PUT /report HTTP/1.1" 401 2121 "-" "SIEMScanner/1.0"
1.2.3.4 - - [17/Jun/2025:10:46:40 +0000] "GET /api/data HTTP/1.1" 200 4906 "-" "Mozilla/5.0 (Linux; Android 10)"
192.168.1.10 - - [17/Jun/2025:15:31:40 +0000] "PUT /logout HTTP/1.1" 404 4059 "-" "Mozilla/5.0 (Linux; Android 10)"
10.0.0.5 - - [17/Jun/2025:07:31:07 +0000] "GET /user/profile HTTP/1.1" 404 629 "-" "python-requests/2.25.1"
203.0.113.1 - - [17/Jun/2025:05:52:28 +0000] "PUT /login HTTP/1.1" 200 1311 "-" "Mozilla/5.0 (Linux; Android 10)"
10.0.0.5 - - [17/Jun/2025:13:58:01 +0000] "DELETE /api/data HTTP/1.1" 200 3414 "-" "SIEMScanner/1.0"
172.16.0.2 - - [17/Jun/2025:05:59:45 +0000] "DELETE /report HTTP/1.1" 403 3195 "-" "SIEMScanner/1.0"
10.0.0.5 - - [17/Jun/2025:18:57:46 +0000] "PUT /user/profile HTTP/1.1" 200 4255 "-" "Mozilla/5.0 (Windows NT 10.0; Win64; x64)"
10.0.0.5 - - [17/Jun/2025:03:59:51 +0000] "POST / HTTP/1.1" 500 1913 "-" "Mozilla/5.0 (Windows NT 10.0; Win64; x64)"
172.16.0.2 - - [17/Jun/2025:04:25:02 +0000] "PUT /api/data HTTP/1.1" 200 3295 "-" "python-requests/2.25.1"
1.2.3.4 - - [17/Jun/2025:16:35:11 +0000] "DELETE /logout HTTP/1.1" 500 2370 "-" "curl/7.68.0"
123.45.67.89 - - [18/Jun/2025:01:00:57 +0000] "GET /logout HTTP/1.1" 404 894 "-" "Mozilla/5.0 (Macintosh; Intel Mac OS X 10_15_7)"
203.0.113.1 - - [17/Jun/2025:02:43:26 +0000] "POST /login HTTP/1.1" 404 1658 "-" "Mozilla/5.0 (Linux; Android 10)"
8.8.8.8 - - [17/Jun/2025:05:46:05 +0000] "PUT /login HTTP/1.1" 200 1128 "-" "Mozilla/5.0 (Macintosh; Intel Mac OS X 10_15_7)"
111.222.333.444 - - [17/Jun/2025:09:18:28 +0000] "PUT /admin HTTP/1.1" 403 2064 "-" "SIEMScanner/1.0"
198.51.100.23 - - [17/Jun/2025:11:50:30 +0000] "PUT /logout HTTP/1.1" 200 4080 "-" "SIEMScanner/1.0"
10.0.0.5 - - [18/Jun/2025:01:28:07 +0000] "PUT /report HTTP/1.1" 401 2519 "-" "Mozilla/5.0 (Windows NT 10.0; Win64; x64)"
111.222.333.444 - - [17/Jun/2025:12:29:31 +0000] "DELETE /admin HTTP/1.1" 200 1864 "-" "python-requests/2.25.1"
10.0.0.5 - - [17/Jun/2025:23:07:25 +0000] "GET /dashboard HTTP/1.1" 401 426 "-" "SIEMScanner/1.0"
172.16.0.2 - - [17/Jun/2025:07:18:21 +0000] "GET /api/data HTTP/1.1" 200 3840 "-" "Mozilla/5.0 (Windows NT 10.0; Win64; x64)"
198.51.100.23 - - [17/Jun/2025:02:23:00 +0000] "GET /report HTTP/1.1" 403 2835 "-" "python-requests/2.25.1"
111.222.333.444 - - [17/Jun/2025:18:42:42 +0000] "DELETE /login HTTP/1.1" 200 2148 "-" "python-requests/2.25.1"
10.0.0.5 - - [17/Jun/2025:07:05:49 +0000] "POST /login HTTP/1.1" 500 1042 "-" "python-requests/2.25.1"
192.168.1.10 - - [17/Jun/2025:08:11:51 +0000] "GET /api/data HTTP/1.1" 200 4708 "-" "python-requests/2.25.1"
8.8.8.8 - - [17/Jun/2025:08:11:52 +0000] "POST /admin HTTP/1.1" 404 4399 "-" "SIEMScanner/1.0"
5.6.7.8 - - [17/Jun/2025:06:54:21 +0000] "PUT /login HTTP/1.1" 403 4030 "-" "python-requests/2.25.1"
1.2.3.4 - - [17/Jun/2025:04:53:19 +0000] "PUT /api/data HTTP/1.1" 401 1820 "-" "Mozilla/5.0 (Windows NT 10.0; Win64; x64)"
111.222.333.444 - - [17/Jun/2025:12:45:19 +0000] "PUT /api/data HTTP/1.1" 404 173 "-" "curl/7.68.0"
198.51.100.23 - - [17/Jun/2025:07:20:05 +0000] "POST /admin HTTP/1.1" 200 3201 "-" "Mozilla/5.0 (Macintosh; Intel Mac OS X 10_15_7)"
111.222.333.444 - - [17/Jun/2025:03:41:17 +0000] "DELETE /dashboard HTTP/1.1" 302 2299 "-" "Mozilla/5.0 (Windows NT 10.0; Win64; x64)"
172.16.0.2 - - [17/Jun/2025:19:41:42 +0000] "PUT /logout HTTP/1.1" 401 1536 "-" "SIEMScanner/1.0"
172.16.0.2 - - [17/Jun/2025:12:34:43 +0000] "PUT /admin HTTP/1.1" 302 119 "-" "Mozilla/5.0 (Windows NT 10.0; Win64; x64)"
1.2.3.4 - - [17/Jun/2025:22:59:50 +0000] "PUT /login HTTP/1.1" 200 3735 "-" "Mozilla/5.0 (Macintosh; Intel Mac OS X 10_15_7)"
5.6.7.8 - - [17/Jun/2025:12:49:10 +0000] "GET /logout HTTP/1.1" 200 317 "-" "python-requests/2.25.1"
203.0.113.1 - - [17/Jun/2025:17:24:22 +0000] "PUT / HTTP/1.1" 302 1311 "-" "SIEMScanner/1.0"
8.8.8.8 - - [17/Jun/2025:18:51:18 +0000] "PUT /login HTTP/1.1" 403 4812 "-" "Mozilla/5.0 (Windows NT 10.0; Win64; x64)"
10.0.0.5 - - [17/Jun/2025:17:39:29 +0000] "POST /api/data HTTP/1.1" 200 550 "-" "curl/7.68.0"
123.45.67.89 - - [18/Jun/2025:00:48:15 +0000] "PUT /user/profile HTTP/1.1" 200 3683 "-" "Mozilla/5.0 (Windows NT 10.0; Win64; x64)"
8.8.8.8 - - [17/Jun/2025:17:04:44 +0000] "GET /admin HTTP/1.1" 401 588 "-" "Mozilla/5.0 (Linux; Android 10)"
203.0.113.1 - - [17/Jun/2025:07:46:45 +0000] "POST /dashboard HTTP/1.1" 200 1024 "-" "Mozilla/5.0 (Macintosh; Intel Mac OS X 10_15_7)"
172.16.0.2 - - [17/Jun/2025:13:06:43 +0000] "DELETE /admin HTTP/1.1" 403 3325 "-" "SIEMScanner/1.0"
10.0.0.5 - - [17/Jun/2025:18:08:21 +0000] "PUT /api/data HTTP/1.1" 403 1111 "-" "Mozilla/5.0 (Linux; Android 10)"
192.168.1.10 - - [17/Jun/2025:08:32:18 +0000] "POST /report HTTP/1.1" 404 1941 "-" "Mozilla/5.0 (Macintosh; Intel Mac OS X 10_15_7)"
203.0.113.1 - - [17/Jun/2025:16:58:14 +0000] "POST / HTTP/1.1" 401 2058 "-" "curl/7.68.0"
203.0.113.1 - - [17/Jun/2025:07:46:00 +0000] "DELETE /logout HTTP/1.1" 500 4998 "-" "Mozilla/5.0 (Linux; Android 10)"
5.6.7.8 - - [17/Jun/2025:20:08:44 +0000] "POST /report HTTP/1.1" 403 954 "-" "curl/7.68.0"
8.8.8.8 - - [17/Jun/2025:10:02:22 +0000] "PUT /admin HTTP/1.1" 401 3731 "-" "python-requests/2.25.1"
111.222.333.444 - - [17/Jun/2025:17:52:50 +0000] "POST /login HTTP/1.1" 404 3886 "-" "Mozilla/5.0 (Windows NT 10.0; Win64; x64)"
192.168.1.10 - - [17/Jun/2025:20:27:21 +0000] "POST / HTTP/1.1" 200 3489 "-" "Mozilla/5.0 (Macintosh; Intel Mac OS X 10_15_7)"
203.0.113.1 - - [17/Jun/2025:10:47:33 +0000] "POST /dashboard HTTP/1.1" 403 2489 "-" "Mozilla/5.0 (Macintosh; Intel Mac OS X 10_15_7)"
5.6.7.8 - - [17/Jun/2025:16:44:12 +0000] "GET /logout HTTP/1.1" 403 3803 "-" "Mozilla/5.0 (Windows NT 10.0; Win64; x64)"
5.6.7.8 - - [17/Jun/2025:14:17:58 +0000] "GET /login HTTP/1.1" 200 1094 "-" "Mozilla/5.0 (Windows NT 10.0; Win64; x64)"
111.222.333.444 - - [17/Jun/2025:22:19:06 +0000] "GET /dashboard HTTP/1.1" 302 4713 "-" "python-requests/2.25.1"
172.16.0.2 - - [18/Jun/2025:01:41:18 +0000] "PUT /login HTTP/1.1" 200 4411 "-" "Mozilla/5.0 (Macintosh; Intel Mac OS X 10_15_7)"
192.168.1.10 - - [17/Jun/2025:07:38:49 +0000] "GET /report HTTP/1.1" 302 2950 "-" "Mozilla/5.0 (Windows NT 10.0; Win64; x64)"
198.51.100.23 - - [17/Jun/2025:14:37:57 +0000] "DELETE /logout HTTP/1.1" 200 1085 "-" "Mozilla/5.0 (Linux; Android 10)"
198.51.100.23 - - [17/Jun/2025:05:52:41 +0000] "GET /logout HTTP/1.1" 302 3836 "-" "Mozilla/5.0 (Windows NT 10.0; Win64; x64)"
10.0.0.5 - - [17/Jun/2025:10:43:03 +0000] "GET /login HTTP/1.1" 403 164 "-" "Mozilla/5.0 (Macintosh; Intel Mac OS X 10_15_7)"
5.6.7.8 - - [17/Jun/2025:12:43:13 +0000] "PUT /user/profile HTTP/1.1" 500 2518 "-" "Mozilla/5.0 (Windows NT 10.0; Win64; x64)"
192.168.1.10 - - [17/Jun/2025:14:07:30 +0000] "GET /logout HTTP/1.1" 302 2768 "-" "SIEMScanner/1.0"
203.0.113.1 - - [17/Jun/2025:06:51:30 +0000] "GET / HTTP/1.1" 404 2233 "-" "python-requests/2.25.1"
111.222.333.444 - - [17/Jun/2025:16:39:52 +0000] "PUT /user/profile HTTP/1.1" 200 703 "-" "Mozilla/5.0 (Linux; Android 10)"
5.6.7.8 - - [17/Jun/2025:23:36:51 +0000] "POST /user/profile HTTP/1.1" 403 232 "-" "Mozilla/5.0 (Macintosh; Intel Mac OS X 10_15_7)"
10.0.0.5 - - [17/Jun/2025:20:56:41 +0000] "POST /admin HTTP/1.1" 302 2413 "-" "SIEMScanner/1.0"
172.16.0.2 - - [17/Jun/2025:09:29:58 +0000] "PUT /admin HTTP/1.1" 200 1668 "-" "Mozilla/5.0 (Linux; Android 10)"
111.222.333.444 - - [17/Jun/2025:21:08:53 +0000] "PUT /report HTTP/1.1" 200 2079 "-" "Mozilla/5.0 (Macintosh; Intel Mac OS X 10_15_7)"
111.222.333.444 - - [17/Jun/2025:21:40:58 +0000] "GET /api/data HTTP/1.1" 401 2009 "-" "curl/7.68.0"
198.51.100.23 - - [17/Jun/2025:12:20:10 +0000] "PUT /report HTTP/1.1" 500 1043 "-" "Mozilla/5.0 (Linux; Android 10)"
1.2.3.4 - - [17/Jun/2025:22:11:54 +0000] "POST /user/profile HTTP/1.1" 403 725 "-" "Mozilla/5.0 (Windows NT 10.0; Win64; x64)"
203.0.113.1 - - [17/Jun/2025:06:47:46 +0000] "GET /login HTTP/1.1" 200 911 "-" "SIEMScanner/1.0"
5.6.7.8 - - [17/Jun/2025:10:41:03 +0000] "PUT / HTTP/1.1" 404 1594 "-" "Mozilla/5.0 (Windows NT 10.0; Win64; x64)"
111.222.333.444 - - [17/Jun/2025:12:30:44 +0000] "PUT /login HTTP/1.1" 403 249 "-" "curl/7.68.0"
172.16.0.2 - - [17/Jun/2025:07:29:26 +0000] "POST /api/data HTTP/1.1" 200 4474 "-" "Mozilla/5.0 (Macintosh; Intel Mac OS X 10_15_7)"
172.16.0.2 - - [18/Jun/2025:00:51:03 +0000] "DELETE /logout HTTP/1.1" 404 3319 "-" "Mozilla/5.0 (Macintosh; Intel Mac OS X 10_15_7)"
192.168.1.10 - - [17/Jun/2025:20:10:35 +0000] "GET /api/data HTTP/1.1" 403 1222 "-" "Mozilla/5.0 (Macintosh; Intel Mac OS X 10_15_7)"
203.0.113.1 - - [17/Jun/2025:15:00:39 +0000] "POST /logout HTTP/1.1" 200 4631 "-" "Mozilla/5.0 (Linux; Android 10)"
192.168.1.10 - - [17/Jun/2025:19:25:38 +0000] "DELETE /login HTTP/1.1" 404 4158 "-" "Mozilla/5.0 (Macintosh; Intel Mac OS X 10_15_7)"
123.45.67.89 - - [17/Jun/2025:09:31:33 +0000] "POST / HTTP/1.1" 401 1893 "-" "curl/7.68.0"
203.0.113.1 - - [17/Jun/2025:15:53:19 +0000] "PUT /logout HTTP/1.1" 401 4312 "-" "Mozilla/5.0 (Linux; Android 10)"
8.8.8.8 - - [17/Jun/2025:20:25:39 +0000] "DELETE /admin HTTP/1.1" 401 1781 "-" "SIEMScanner/1.0"
192.168.1.10 - - [17/Jun/2025:20:16:07 +0000] "GET /api/data HTTP/1.1" 403 3101 "-" "python-requests/2.25.1"
8.8.8.8 - - [17/Jun/2025:14:02:17 +0000] "GET /admin HTTP/1.1" 500 1929 "-" "Mozilla/5.0 (Linux; Android 10)"
123.45.67.89 - - [17/Jun/2025:14:01:11 +0000] "PUT /user/profile HTTP/1.1" 500 4046 "-" "Mozilla/5.0 (Macintosh; Intel Mac OS X 10_15_7)"
1.2.3.4 - - [17/Jun/2025:08:02:37 +0000] "PUT /dashboard HTTP/1.1" 200 1853 "-" "Mozilla/5.0 (Macintosh; Intel Mac OS X 10_15_7)"
123.45.67.89 - - [17/Jun/2025:09:37:53 +0000] "PUT /report HTTP/1.1" 404 2823 "-" "SIEMScanner/1.0"
5.6.7.8 - - [17/Jun/2025:02:40:45 +0000] "GET /dashboard HTTP/1.1" 302 322 "-" "python-requests/2.25.1"
111.222.333.444 - - [18/Jun/2025:00:00:09 +0000] "GET /report HTTP/1.1" 200 1011 "-" "python-requests/2.25.1"
198.51.100.23 - - [17/Jun/2025:22:36:49 +0000] "POST /api/data HTTP/1.1" 200 3051 "-" "Mozilla/5.0 (Windows NT 10.0; Win64; x64)"
8.8.8.8 - - [17/Jun/2025:03:05:39 +0000] "DELETE /api/data HTTP/1.1" 200 3252 "-" "Mozilla/5.0 (Windows NT 10.0; Win64; x64)"
10.0.0.5 - - [17/Jun/2025:20:04:05 +0000] "DELETE /report HTTP/1.1" 200 2287 "-" "Mozilla/5.0 (Linux; Android 10)"
192.168.1.10 - - [18/Jun/2025:00:38:34 +0000] "DELETE /dashboard HTTP/1.1" 401 794 "-" "SIEMScanner/1.0"
123.45.67.89 - - [17/Jun/2025:18:09:38 +0000] "POST /api/data HTTP/1.1" 302 1313 "-" "Mozilla/5.0 (Linux; Android 10)"
172.16.0.2 - - [17/Jun/2025:11:45:24 +0000] "GET /dashboard HTTP/1.1" 200 899 "-" "Mozilla/5.0 (Macintosh; Intel Mac OS X 10_15_7)"
8.8.8.8 - - [18/Jun/2025:00:34:47 +0000] "POST /api/data HTTP/1.1" 403 4830 "-" "Mozilla/5.0 (Macintosh; Intel Mac OS X 10_15_7)"
172.16.0.2 - - [17/Jun/2025:02:30:37 +0000] "POST /api/data HTTP/1.1" 200 536 "-" "python-requests/2.25.1"
198.51.100.23 - - [17/Jun/2025:23:28:15 +0000] "DELETE /admin HTTP/1.1" 500 925 "-" "Mozilla/5.0 (Windows NT 10.0; Win64; x64)"
123.45.67.89 - - [17/Jun/2025:16:21:44 +0000] "PUT / HTTP/1.1" 401 789 "-" "curl/7.68.0"
192.168.1.10 - - [17/Jun/2025:05:52:20 +0000] "POST /report HTTP/1.1" 403 4447 "-" "Mozilla/5.0 (Macintosh; Intel Mac OS X 10_15_7)"
203.0.113.1 - - [18/Jun/2025:01:40:23 +0000] "DELETE / HTTP/1.1" 200 378 "-" "curl/7.68.0"
1.2.3.4 - - [17/Jun/2025:02:56:11 +0000] "PUT /api/data HTTP/1.1" 302 2349 "-" "Mozilla/5.0 (Windows NT 10.0; Win64; x64)"
198.51.100.23 - - [17/Jun/2025:06:15:03 +0000] "DELETE / HTTP/1.1" 404 4978 "-" "curl/7.68.0"
203.0.113.1 - - [17/Jun/2025:03:56:49 +0000] "GET /logout HTTP/1.1" 500 1460 "-" "python-requests/2.25.1"
10.0.0.5 - - [17/Jun/2025:20:14:15 +0000] "DELETE /dashboard HTTP/1.1" 401 4163 "-" "SIEMScanner/1.0"
8.8.8.8 - - [17/Jun/2025:03:35:08 +0000] "GET /admin HTTP/1.1" 500 1304 "-" "Mozilla/5.0 (Linux; Android 10)"
172.16.0.2 - - [17/Jun/2025:17:52:29 +0000] "GET /api/data HTTP/1.1" 403 4677 "-" "Mozilla/5.0 (Windows NT 10.0; Win64; x64)"
123.45.67.89 - - [17/Jun/2025:03:04:20 +0000] "POST /login HTTP/1.1" 404 4062 "-" "python-requests/2.25.1"
5.6.7.8 - - [17/Jun/2025:14:48:09 +0000] "DELETE /api/data HTTP/1.1" 401 1150 "-" "SIEMScanner/1.0"
172.16.0.2 - - [17/Jun/2025:17:22:35 +0000] "GET /admin HTTP/1.1" 302 2406 "-" "Mozilla/5.0 (Linux; Android 10)"
172.16.0.2 - - [17/Jun/2025:17:18:50 +0000] "PUT /api/data HTTP/1.1" 200 4704 "-" "Mozilla/5.0 (Linux; Android 10)"
203.0.113.1 - - [17/Jun/2025:21:36:50 +0000] "DELETE /api/data HTTP/1.1" 500 524 "-" "curl/7.68.0"
172.16.0.2 - - [17/Jun/2025:08:12:29 +0000] "POST /logout HTTP/1.1" 500 1042 "-" "Mozilla/5.0 (Linux; Android 10)"
172.16.0.2 - - [17/Jun/2025:16:33:59 +0000] "POST /dashboard HTTP/1.1" 403 3215 "-" "SIEMScanner/1.0"
198.51.100.23 - - [17/Jun/2025:21:03:10 +0000] "GET /user/profile HTTP/1.1" 404 2812 "-" "curl/7.68.0"
1.2.3.4 - - [17/Jun/2025:03:33:53 +0000] "POST / HTTP/1.1" 200 352 "-" "Mozilla/5.0 (Windows NT 10.0; Win64; x64)"
111.222.333.444 - - [17/Jun/2025:07:54:46 +0000] "GET /login HTTP/1.1" 404 3085 "-" "Mozilla/5.0 (Windows NT 10.0; Win64; x64)"
8.8.8.8 - - [17/Jun/2025:13:05:40 +0000] "PUT /report HTTP/1.1" 302 3963 "-" "Mozilla/5.0 (Windows NT 10.0; Win64; x64)"
8.8.8.8 - - [17/Jun/2025:06:20:52 +0000] "GET /admin HTTP/1.1" 302 2834 "-" "curl/7.68.0"
1.2.3.4 - - [17/Jun/2025:02:32:52 +0000] "GET /user/profile HTTP/1.1" 500 3111 "-" "Mozilla/5.0 (Macintosh; Intel Mac OS X 10_15_7)"
10.0.0.5 - - [17/Jun/2025:06:12:25 +0000] "DELETE /user/profile HTTP/1.1" 200 748 "-" "curl/7.68.0"
5.6.7.8 - - [17/Jun/2025:09:52:52 +0000] "POST /dashboard HTTP/1.1" 302 4088 "-" "Mozilla/5.0 (Macintosh; Intel Mac OS X 10_15_7)"
203.0.113.1 - - [17/Jun/2025:05:58:43 +0000] "PUT /user/profile HTTP/1.1" 200 310 "-" "curl/7.68.0"
1.2.3.4 - - [17/Jun/2025:11:10:37 +0000] "PUT /report HTTP/1.1" 500 1698 "-" "curl/7.68.0"
10.0.0.5 - - [17/Jun/2025:16:45:43 +0000] "DELETE /report HTTP/1.1" 200 1497 "-" "Mozilla/5.0 (Macintosh; Intel Mac OS X 10_15_7)"
123.45.67.89 - - [17/Jun/2025:02:20:24 +0000] "GET / HTTP/1.1" 200 1455 "-" "python-requests/2.25.1"
10.0.0.5 - - [17/Jun/2025:15:19:46 +0000] "GET /dashboard HTTP/1.1" 200 4795 "-" "Mozilla/5.0 (Macintosh; Intel Mac OS X 10_15_7)"
1.2.3.4 - - [18/Jun/2025:01:54:25 +0000] "PUT /report HTTP/1.1" 500 1447 "-" "Mozilla/5.0 (Windows NT 10.0; Win64; x64)"
5.6.7.8 - - [17/Jun/2025:23:11:01 +0000] "POST /logout HTTP/1.1" 302 2316 "-" "python-requests/2.25.1"
5.6.7.8 - - [17/Jun/2025:03:00:52 +0000] "POST /api/data HTTP/1.1" 200 156 "-" "curl/7.68.0"
10.0.0.5 - - [17/Jun/2025:06:12:43 +0000] "DELETE /api/data HTTP/1.1" 403 753 "-" "Mozilla/5.0 (Macintosh; Intel Mac OS X 10_15_7)"
10.0.0.5 - - [18/Jun/2025:00:19:23 +0000] "DELETE /login HTTP/1.1" 200 1538 "-" "Mozilla/5.0 (Windows NT 10.0; Win64; x64)"
111.222.333.444 - - [18/Jun/2025:00:38:22 +0000] "DELETE /api/data HTTP/1.1" 403 2858 "-" "python-requests/2.25.1"
198.51.100.23 - - [17/Jun/2025:20:32:15 +0000] "POST /report HTTP/1.1" 200 3045 "-" "Mozilla/5.0 (Windows NT 10.0; Win64; x64)"
111.222.333.444 - - [17/Jun/2025:15:03:07 +0000] "PUT /dashboard HTTP/1.1" 200 830 "-" "Mozilla/5.0 (Macintosh; Intel Mac OS X 10_15_7)"
198.51.100.23 - - [17/Jun/2025:23:31:18 +0000] "DELETE / HTTP/1.1" 200 4174 "-" "Mozilla/5.0 (Linux; Android 10)"
8.8.8.8 - - [17/Jun/2025:13:09:06 +0000] "GET /login HTTP/1.1" 302 817 "-" "python-requests/2.25.1"
123.45.67.89 - - [17/Jun/2025:23:16:49 +0000] "POST /report HTTP/1.1" 200 4072 "-" "curl/7.68.0"
5.6.7.8 - - [18/Jun/2025:00:59:35 +0000] "DELETE /api/data HTTP/1.1" 403 4221 "-" "python-requests/2.25.1"
10.0.0.5 - - [18/Jun/2025:00:04:23 +0000] "DELETE / HTTP/1.1" 401 484 "-" "curl/7.68.0"
123.45.67.89 - - [17/Jun/2025:16:07:55 +0000] "DELETE /logout HTTP/1.1" 200 166 "-" "Mozilla/5.0 (Windows NT 10.0; Win64; x64)"
192.168.1.10 - - [17/Jun/2025:20:30:13 +0000] "PUT /api/data HTTP/1.1" 401 1504 "-" "SIEMScanner/1.0"
111.222.333.444 - - [17/Jun/2025:06:40:42 +0000] "PUT /report HTTP/1.1" 500 2720 "-" "SIEMScanner/1.0"
8.8.8.8 - - [17/Jun/2025:06:15:55 +0000] "DELETE /api/data HTTP/1.1" 200 4190 "-" "Mozilla/5.0 (Macintosh; Intel Mac OS X 10_15_7)"
192.168.1.10 - - [17/Jun/2025:11:53:49 +0000] "DELETE / HTTP/1.1" 200 1908 "-" "Mozilla/5.0 (Linux; Android 10)"
123.45.67.89 - - [17/Jun/2025:16:52:57 +0000] "DELETE /dashboard HTTP/1.1" 200 4270 "-" "curl/7.68.0"
123.45.67.89 - - [17/Jun/2025:19:20:24 +0000] "POST /report HTTP/1.1" 200 2483 "-" "Mozilla/5.0 (Windows NT 10.0; Win64; x64)"
5.6.7.8 - - [17/Jun/2025:23:27:54 +0000] "POST /login HTTP/1.1" 403 4694 "-" "python-requests/2.25.1"
198.51.100.23 - - [17/Jun/2025:13:01:13 +0000] "PUT /logout HTTP/1.1" 200 2471 "-" "curl/7.68.0"
192.168.1.10 - - [17/Jun/2025:08:44:30 +0000] "GET /admin HTTP/1.1" 200 4270 "-" "Mozilla/5.0 (Windows NT 10.0; Win64; x64)"
5.6.7.8 - - [17/Jun/2025:17:43:19 +0000] "POST /user/profile HTTP/1.1" 401 4820 "-" "python-requests/2.25.1"
8.8.8.8 - - [17/Jun/2025:18:18:31 +0000] "PUT / HTTP/1.1" 200 1840 "-" "Mozilla/5.0 (Macintosh; Intel Mac OS X 10_15_7)"
198.51.100.23 - - [17/Jun/2025:18:06:11 +0000] "GET /login HTTP/1.1" 200 4404 "-" "Mozilla/5.0 (Linux; Android 10)"
198.51.100.23 - - [17/Jun/2025:18:42:45 +0000] "POST /user/profile HTTP/1.1" 500 1709 "-" "curl/7.68.0"
192.168.1.10 - - [17/Jun/2025:03:06:01 +0000] "DELETE /dashboard HTTP/1.1" 200 4703 "-" "curl/7.68.0"
8.8.8.8 - - [17/Jun/2025:03:57:18 +0000] "POST /login HTTP/1.1" 200 3134 "-" "Mozilla/5.0 (Windows NT 10.0; Win64; x64)"
10.0.0.5 - - [17/Jun/2025:14:30:24 +0000] "POST /login HTTP/1.1" 403 415 "-" "curl/7.68.0"
10.0.0.5 - - [17/Jun/2025:17:04:40 +0000] "DELETE /report HTTP/1.1" 401 930 "-" "Mozilla/5.0 (Linux; Android 10)"
192.168.1.10 - - [17/Jun/2025:14:03:41 +0000] "GET /user/profile HTTP/1.1" 500 2474 "-" "curl/7.68.0"
10.0.0.5 - - [17/Jun/2025:15:31:27 +0000] "POST /admin HTTP/1.1" 401 2559 "-" "python-requests/2.25.1"
203.0.113.1 - - [17/Jun/2025:19:49:02 +0000] "POST /login HTTP/1.1" 302 1812 "-" "Mozilla/5.0 (Windows NT 10.0; Win64; x64)"
203.0.113.1 - - [17/Jun/2025:04:52:06 +0000] "DELETE /api/data HTTP/1.1" 403 4811 "-" "Mozilla/5.0 (Windows NT 10.0; Win64; x64)"
1.2.3.4 - - [17/Jun/2025:20:28:04 +0000] "GET / HTTP/1.1" 401 1417 "-" "Mozilla/5.0 (Windows NT 10.0; Win64; x64)"
123.45.67.89 - - [17/Jun/2025:18:00:52 +0000] "DELETE / HTTP/1.1" 401 1192 "-" "SIEMScanner/1.0"
8.8.8.8 - - [17/Jun/2025:20:41:17 +0000] "GET /login HTTP/1.1" 200 4425 "-" "python-requests/2.25.1"
1.2.3.4 - - [17/Jun/2025:08:53:53 +0000] "PUT /report HTTP/1.1" 200 2595 "-" "Mozilla/5.0 (Windows NT 10.0; Win64; x64)"
123.45.67.89 - - [17/Jun/2025:05:05:04 +0000] "PUT /dashboard HTTP/1.1" 302 4217 "-" "Mozilla/5.0 (Macintosh; Intel Mac OS X 10_15_7)"
10.0.0.5 - - [17/Jun/2025:12:42:40 +0000] "PUT /admin HTTP/1.1" 200 4678 "-" "Mozilla/5.0 (Macintosh; Intel Mac OS X 10_15_7)"
123.45.67.89 - - [17/Jun/2025:02:09:59 +0000] "DELETE /dashboard HTTP/1.1" 302 2551 "-" "Mozilla/5.0 (Linux; Android 10)"
5.6.7.8 - - [17/Jun/2025:05:59:06 +0000] "POST /api/data HTTP/1.1" 500 1397 "-" "Mozilla/5.0 (Windows NT 10.0; Win64; x64)"
10.0.0.5 - - [17/Jun/2025:14:50:56 +0000] "DELETE /logout HTTP/1.1" 302 619 "-" "Mozilla/5.0 (Windows NT 10.0; Win64; x64)"
123.45.67.89 - - [17/Jun/2025:02:23:16 +0000] "GET /report HTTP/1.1" 200 4300 "-" "Mozilla/5.0 (Linux; Android 10)"
5.6.7.8 - - [17/Jun/2025:11:01:50 +0000] "GET /user/profile HTTP/1.1" 200 4666 "-" "Mozilla/5.0 (Windows NT 10.0; Win64; x64)"
8.8.8.8 - - [17/Jun/2025:07:30:46 +0000] "POST /user/profile HTTP/1.1" 403 2915 "-" "SIEMScanner/1.0"
123.45.67.89 - - [17/Jun/2025:18:26:58 +0000] "POST /report HTTP/1.1" 404 1567 "-" "python-requests/2.25.1"
111.222.333.444 - - [17/Jun/2025:17:25:15 +0000] "POST /dashboard HTTP/1.1" 401 1253 "-" "Mozilla/5.0 (Windows NT 10.0; Win64; x64)"
123.45.67.89 - - [17/Jun/2025:15:50:24 +0000] "POST / HTTP/1.1" 200 3077 "-" "curl/7.68.0"
192.168.1.10 - - [17/Jun/2025:04:49:48 +0000] "GET /login HTTP/1.1" 200 574 "-" "curl/7.68.0"
172.16.0.2 - - [17/Jun/2025:23:15:00 +0000] "POST /admin HTTP/1.1" 200 102 "-" "Mozilla/5.0 (Macintosh; Intel Mac OS X 10_15_7)"
203.0.113.1 - - [17/Jun/2025:17:18:10 +0000] "DELETE /report HTTP/1.1" 302 1879 "-" "SIEMScanner/1.0"
123.45.67.89 - - [17/Jun/2025:21:59:16 +0000] "PUT / HTTP/1.1" 500 474 "-" "python-requests/2.25.1"
5.6.7.8 - - [17/Jun/2025:02:06:47 +0000] "POST /dashboard HTTP/1.1" 500 3943 "-" "python-requests/2.25.1"
1.2.3.4 - - [17/Jun/2025:20:58:51 +0000] "POST /api/data HTTP/1.1" 404 1262 "-" "Mozilla/5.0 (Windows NT 10.0; Win64; x64)"
5.6.7.8 - - [17/Jun/2025:16:33:26 +0000] "GET /user/profile HTTP/1.1" 200 3087 "-" "Mozilla/5.0 (Windows NT 10.0; Win64; x64)"
198.51.100.23 - - [17/Jun/2025:17:08:21 +0000] "GET /user/profile HTTP/1.1" 401 4592 "-" "SIEMScanner/1.0"
1.2.3.4 - - [17/Jun/2025:06:12:18 +0000] "DELETE / HTTP/1.1" 302 2512 "-" "Mozilla/5.0 (Windows NT 10.0; Win64; x64)"
5.6.7.8 - - [17/Jun/2025:23:05:22 +0000] "DELETE /dashboard HTTP/1.1" 200 1456 "-" "Mozilla/5.0 (Macintosh; Intel Mac OS X 10_15_7)"
8.8.8.8 - - [17/Jun/2025:16:15:22 +0000] "GET /login HTTP/1.1" 500 1065 "-" "Mozilla/5.0 (Macintosh; Intel Mac OS X 10_15_7)"
123.45.67.89 - - [17/Jun/2025:09:34:26 +0000] "POST /admin HTTP/1.1" 200 3226 "-" "SIEMScanner/1.0"
111.222.333.444 - - [18/Jun/2025:00:51:03 +0000] "DELETE /admin HTTP/1.1" 200 2344 "-" "curl/7.68.0"
172.16.0.2 - - [17/Jun/2025:09:43:10 +0000] "GET /dashboard HTTP/1.1" 200 350 "-" "curl/7.68.0"
111.222.333.444 - - [17/Jun/2025:07:51:32 +0000] "POST /login HTTP/1.1" 500 598 "-" "Mozilla/5.0 (Linux; Android 10)"
198.51.100.23 - - [17/Jun/2025:03:17:44 +0000] "POST /report HTTP/1.1" 302 2589 "-" "Mozilla/5.0 (Windows NT 10.0; Win64; x64)"
5.6.7.8 - - [17/Jun/2025:06:40:31 +0000] "PUT /api/data HTTP/1.1" 200 3875 "-" "Mozilla/5.0 (Linux; Android 10)"
8.8.8.8 - - [17/Jun/2025:09:48:42 +0000] "DELETE /dashboard HTTP/1.1" 200 3933 "-" "Mozilla/5.0 (Linux; Android 10)"
5.6.7.8 - - [17/Jun/2025:21:55:19 +0000] "DELETE /login HTTP/1.1" 403 3853 "-" "curl/7.68.0"
203.0.113.1 - - [18/Jun/2025:01:01:09 +0000] "DELETE / HTTP/1.1" 302 1609 "-" "SIEMScanner/1.0"
5.6.7.8 - - [17/Jun/2025:17:31:58 +0000] "DELETE /user/profile HTTP/1.1" 200 4478 "-" "Mozilla/5.0 (Linux; Android 10)"
198.51.100.23 - - [17/Jun/2025:07:39:50 +0000] "GET /report HTTP/1.1" 200 4294 "-" "Mozilla/5.0 (Macintosh; Intel Mac OS X 10_15_7)"
8.8.8.8 - - [17/Jun/2025:08:06:02 +0000] "PUT /logout HTTP/1.1" 200 3536 "-" "SIEMScanner/1.0"
198.51.100.23 - - [17/Jun/2025:21:44:05 +0000] "DELETE /api/data HTTP/1.1" 500 2621 "-" "Mozilla/5.0 (Macintosh; Intel Mac OS X 10_15_7)"
123.45.67.89 - - [17/Jun/2025:14:25:38 +0000] "PUT /logout HTTP/1.1" 302 3745 "-" "Mozilla/5.0 (Linux; Android 10)"
123.45.67.89 - - [17/Jun/2025:13:07:20 +0000] "DELETE / HTTP/1.1" 200 2538 "-" "SIEMScanner/1.0"
203.0.113.1 - - [17/Jun/2025:17:14:29 +0000] "DELETE /api/data HTTP/1.1" 500 3509 "-" "Mozilla/5.0 (Linux; Android 10)"
123.45.67.89 - - [17/Jun/2025:02:09:21 +0000] "POST /dashboard HTTP/1.1" 200 2739 "-" "python-requests/2.25.1"
1.2.3.4 - - [17/Jun/2025:12:24:25 +0000] "GET /user/profile HTTP/1.1" 500 2448 "-" "curl/7.68.0"
203.0.113.1 - - [18/Jun/2025:01:39:19 +0000] "PUT /login HTTP/1.1" 404 2857 "-" "Mozilla/5.0 (Linux; Android 10)"
172.16.0.2 - - [17/Jun/2025:17:20:09 +0000] "DELETE /api/data HTTP/1.1" 200 1941 "-" "Mozilla/5.0 (Linux; Android 10)"
198.51.100.23 - - [17/Jun/2025:11:02:00 +0000] "PUT /login HTTP/1.1" 403 482 "-" "curl/7.68.0"
10.0.0.5 - - [17/Jun/2025:20:56:29 +0000] "GET /admin HTTP/1.1" 200 2585 "-" "python-requests/2.25.1"
10.0.0.5 - - [17/Jun/2025:22:49:16 +0000] "PUT /dashboard HTTP/1.1" 200 2272 "-" "Mozilla/5.0 (Linux; Android 10)"
8.8.8.8 - - [17/Jun/2025:05:04:29 +0000] "PUT /logout HTTP/1.1" 302 2665 "-" "python-requests/2.25.1"
198.51.100.23 - - [17/Jun/2025:20:50:32 +0000] "DELETE /api/data HTTP/1.1" 302 3031 "-" "python-requests/2.25.1"
111.222.333.444 - - [17/Jun/2025:04:33:12 +0000] "DELETE /api/data HTTP/1.1" 404 1002 "-" "python-requests/2.25.1"
123.45.67.89 - - [17/Jun/2025:20:03:12 +0000] "GET /admin HTTP/1.1" 302 894 "-" "python-requests/2.25.1"
8.8.8.8 - - [17/Jun/2025:04:05:41 +0000] "DELETE /user/profile HTTP/1.1" 200 4944 "-" "SIEMScanner/1.0"
123.45.67.89 - - [17/Jun/2025:02:35:15 +0000] "PUT /api/data HTTP/1.1" 404 2531 "-" "python-requests/2.25.1"
172.16.0.2 - - [17/Jun/2025:06:39:50 +0000] "DELETE /logout HTTP/1.1" 302 405 "-" "Mozilla/5.0 (Windows NT 10.0; Win64; x64)"
203.0.113.1 - - [17/Jun/2025:20:48:28 +0000] "DELETE /user/profile HTTP/1.1" 500 655 "-" "python-requests/2.25.1"
172.16.0.2 - - [17/Jun/2025:10:46:40 +0000] "DELETE /user/profile HTTP/1.1" 500 4548 "-" "curl/7.68.0"
111.222.333.444 - - [17/Jun/2025:15:21:31 +0000] "PUT /logout HTTP/1.1" 500 180 "-" "curl/7.68.0"
1.2.3.4 - - [17/Jun/2025:07:20:01 +0000] "DELETE /admin HTTP/1.1" 200 4105 "-" "python-requests/2.25.1"
192.168.1.10 - - [17/Jun/2025:15:52:46 +0000] "PUT /user/profile HTTP/1.1" 200 1120 "-" "SIEMScanner/1.0"
203.0.113.1 - - [17/Jun/2025:08:00:25 +0000] "POST / HTTP/1.1" 403 3826 "-" "Mozilla/5.0 (Macintosh; Intel Mac OS X 10_15_7)"
8.8.8.8 - - [17/Jun/2025:06:12:21 +0000] "GET /logout HTTP/1.1" 401 618 "-" "Mozilla/5.0 (Macintosh; Intel Mac OS X 10_15_7)"
192.168.1.10 - - [17/Jun/2025:06:01:55 +0000] "GET /api/data HTTP/1.1" 200 1686 "-" "Mozilla/5.0 (Linux; Android 10)"
172.16.0.2 - - [17/Jun/2025:02:22:08 +0000] "PUT /admin HTTP/1.1" 200 4452 "-" "Mozilla/5.0 (Macintosh; Intel Mac OS X 10_15_7)"
172.16.0.2 - - [18/Jun/2025:01:46:17 +0000] "GET /report HTTP/1.1" 200 4504 "-" "curl/7.68.0"
1.2.3.4 - - [17/Jun/2025:14:56:20 +0000] "PUT /admin HTTP/1.1" 500 2619 "-" "python-requests/2.25.1"
172.16.0.2 - - [17/Jun/2025:02:26:54 +0000] "DELETE /dashboard HTTP/1.1" 200 4105 "-" "curl/7.68.0"
10.0.0.5 - - [17/Jun/2025:10:34:52 +0000] "POST /dashboard HTTP/1.1" 200 1387 "-" "Mozilla/5.0 (Macintosh; Intel Mac OS X 10_15_7)"
10.0.0.5 - - [17/Jun/2025:09:48:46 +0000] "POST / HTTP/1.1" 200 821 "-" "SIEMScanner/1.0"
192.168.1.10 - - [17/Jun/2025:07:31:14 +0000] "POST /report HTTP/1.1" 200 3466 "-" "curl/7.68.0"
5.6.7.8 - - [17/Jun/2025:13:16:06 +0000] "GET /admin HTTP/1.1" 401 3097 "-" "python-requests/2.25.1"
192.168.1.10 - - [17/Jun/2025:04:48:01 +0000] "GET /dashboard HTTP/1.1" 200 4360 "-" "python-requests/2.25.1"
198.51.100.23 - - [17/Jun/2025:20:47:54 +0000] "POST /api/data HTTP/1.1" 200 4039 "-" "python-requests/2.25.1"
1.2.3.4 - - [17/Jun/2025:18:13:02 +0000] "PUT /api/data HTTP/1.1" 404 800 "-" "SIEMScanner/1.0"
192.168.1.10 - - [17/Jun/2025:03:06:53 +0000] "DELETE /api/data HTTP/1.1" 403 3512 "-" "python-requests/2.25.1"
5.6.7.8 - - [17/Jun/2025:23:29:35 +0000] "DELETE /dashboard HTTP/1.1" 200 3366 "-" "Mozilla/5.0 (Linux; Android 10)"
198.51.100.23 - - [17/Jun/2025:02:37:51 +0000] "PUT /report HTTP/1.1" 302 3780 "-" "SIEMScanner/1.0"
10.0.0.5 - - [17/Jun/2025:06:16:58 +0000] "DELETE /admin HTTP/1.1" 200 4828 "-" "Mozilla/5.0 (Macintosh; Intel Mac OS X 10_15_7)"
198.51.100.23 - - [17/Jun/2025:11:42:25 +0000] "POST /dashboard HTTP/1.1" 200 2905 "-" "python-requests/2.25.1"
111.222.333.444 - - [17/Jun/2025:18:03:53 +0000] "POST /report HTTP/1.1" 200 963 "-" "python-requests/2.25.1"
192.168.1.10 - - [17/Jun/2025:21:43:10 +0000] "GET /api/data HTTP/1.1" 200 607 "-" "SIEMScanner/1.0"
172.16.0.2 - - [18/Jun/2025:01:15:04 +0000] "DELETE /api/data HTTP/1.1" 200 3194 "-" "Mozilla/5.0 (Macintosh; Intel Mac OS X 10_15_7)"
203.0.113.1 - - [17/Jun/2025:10:55:09 +0000] "DELETE /login HTTP/1.1" 403 3298 "-" "Mozilla/5.0 (Linux; Android 10)"
123.45.67.89 - - [17/Jun/2025:21:56:37 +0000] "GET /login HTTP/1.1" 403 382 "-" "curl/7.68.0"
198.51.100.23 - - [17/Jun/2025:15:40:42 +0000] "GET /login HTTP/1.1" 302 1744 "-" "Mozilla/5.0 (Macintosh; Intel Mac OS X 10_15_7)"
111.222.333.444 - - [17/Jun/2025:14:03:22 +0000] "DELETE /admin HTTP/1.1" 403 4055 "-" "python-requests/2.25.1"
123.45.67.89 - - [17/Jun/2025:10:09:27 +0000] "GET / HTTP/1.1" 302 165 "-" "Mozilla/5.0 (Windows NT 10.0; Win64; x64)"
203.0.113.1 - - [17/Jun/2025:04:49:25 +0000] "PUT /login HTTP/1.1" 200 2104 "-" "SIEMScanner/1.0"
111.222.333.444 - - [17/Jun/2025:02:48:04 +0000] "DELETE / HTTP/1.1" 404 4953 "-" "curl/7.68.0"
1.2.3.4 - - [17/Jun/2025:01:59:14 +0000] "GET /admin HTTP/1.1" 302 3443 "-" "SIEMScanner/1.0"
10.0.0.5 - - [17/Jun/2025:14:13:01 +0000] "GET /dashboard HTTP/1.1" 403 230 "-" "python-requests/2.25.1"
5.6.7.8 - - [17/Jun/2025:16:13:26 +0000] "PUT /admin HTTP/1.1" 302 3242 "-" "curl/7.68.0"
5.6.7.8 - - [17/Jun/2025:13:01:05 +0000] "GET /login HTTP/1.1" 500 1922 "-" "curl/7.68.0"
111.222.333.444 - - [17/Jun/2025:22:14:49 +0000] "GET / HTTP/1.1" 200 1033 "-" "Mozilla/5.0 (Windows NT 10.0; Win64; x64)"
123.45.67.89 - - [17/Jun/2025:12:33:18 +0000] "GET /report HTTP/1.1" 200 2977 "-" "python-requests/2.25.1"
111.222.333.444 - - [17/Jun/2025:17:05:37 +0000] "GET /dashboard HTTP/1.1" 404 1769 "-" "Mozilla/5.0 (Macintosh; Intel Mac OS X 10_15_7)"
123.45.67.89 - - [17/Jun/2025:02:02:13 +0000] "PUT /dashboard HTTP/1.1" 302 1942 "-" "Mozilla/5.0 (Macintosh; Intel Mac OS X 10_15_7)"
192.168.1.10 - - [17/Jun/2025:07:41:26 +0000] "PUT /api/data HTTP/1.1" 200 4698 "-" "Mozilla/5.0 (Macintosh; Intel Mac OS X 10_15_7)"
111.222.333.444 - - [17/Jun/2025:23:16:55 +0000] "DELETE /login HTTP/1.1" 404 2559 "-" "Mozilla/5.0 (Windows NT 10.0; Win64; x64)"
10.0.0.5 - - [17/Jun/2025:17:28:07 +0000] "DELETE / HTTP/1.1" 200 3390 "-" "Mozilla/5.0 (Windows NT 10.0; Win64; x64)"
172.16.0.2 - - [17/Jun/2025:19:22:36 +0000] "DELETE /report HTTP/1.1" 302 3919 "-" "python-requests/2.25.1"
5.6.7.8 - - [17/Jun/2025:17:04:48 +0000] "POST /user/profile HTTP/1.1" 404 4815 "-" "curl/7.68.0"
203.0.113.1 - - [17/Jun/2025:06:00:53 +0000] "PUT /login HTTP/1.1" 302 4445 "-" "Mozilla/5.0 (Linux; Android 10)"
192.168.1.10 - - [17/Jun/2025:03:38:12 +0000] "GET /api/data HTTP/1.1" 401 1147 "-" "Mozilla/5.0 (Windows NT 10.0; Win64; x64)"
111.222.333.444 - - [17/Jun/2025:07:10:43 +0000] "GET /api/data HTTP/1.1" 200 2073 "-" "python-requests/2.25.1"
5.6.7.8 - - [17/Jun/2025:04:01:02 +0000] "GET /logout HTTP/1.1" 401 3309 "-" "Mozilla/5.0 (Macintosh; Intel Mac OS X 10_15_7)"
1.2.3.4 - - [17/Jun/2025:22:28:28 +0000] "PUT /login HTTP/1.1" 200 2627 "-" "Mozilla/5.0 (Macintosh; Intel Mac OS X 10_15_7)"
172.16.0.2 - - [17/Jun/2025:11:10:34 +0000] "GET /api/data HTTP/1.1" 401 2247 "-" "SIEMScanner/1.0"
8.8.8.8 - - [17/Jun/2025:19:07:54 +0000] "GET / HTTP/1.1" 302 2742 "-" "SIEMScanner/1.0"
1.2.3.4 - - [17/Jun/2025:21:09:00 +0000] "PUT / HTTP/1.1" 403 1973 "-" "SIEMScanner/1.0"
5.6.7.8 - - [17/Jun/2025:19:38:58 +0000] "PUT /login HTTP/1.1" 403 2492 "-" "SIEMScanner/1.0"
5.6.7.8 - - [17/Jun/2025:04:45:48 +0000] "DELETE /user/profile HTTP/1.1" 200 3623 "-" "Mozilla/5.0 (Windows NT 10.0; Win64; x64)"
123.45.67.89 - - [17/Jun/2025:17:44:00 +0000] "GET / HTTP/1.1" 403 2020 "-" "Mozilla/5.0 (Macintosh; Intel Mac OS X 10_15_7)"
111.222.333.444 - - [17/Jun/2025:15:22:40 +0000] "DELETE /admin HTTP/1.1" 401 1858 "-" "Mozilla/5.0 (Macintosh; Intel Mac OS X 10_15_7)"
172.16.0.2 - - [17/Jun/2025:21:43:32 +0000] "PUT / HTTP/1.1" 200 440 "-" "Mozilla/5.0 (Linux; Android 10)"
203.0.113.1 - - [17/Jun/2025:07:06:29 +0000] "GET /login HTTP/1.1" 404 4064 "-" "curl/7.68.0"
192.168.1.10 - - [18/Jun/2025:00:18:47 +0000] "DELETE /report HTTP/1.1" 302 3484 "-" "python-requests/2.25.1"
123.45.67.89 - - [17/Jun/2025:03:02:51 +0000] "POST /logout HTTP/1.1" 403 3279 "-" "SIEMScanner/1.0"
192.168.1.10 - - [17/Jun/2025:02:41:52 +0000] "GET /admin HTTP/1.1" 500 1249 "-" "Mozilla/5.0 (Linux; Android 10)"
8.8.8.8 - - [17/Jun/2025:04:01:05 +0000] "POST /logout HTTP/1.1" 404 3278 "-" "python-requests/2.25.1"
10.0.0.5 - - [17/Jun/2025:17:42:55 +0000] "DELETE /dashboard HTTP/1.1" 403 2374 "-" "Mozilla/5.0 (Windows NT 10.0; Win64; x64)"
123.45.67.89 - - [17/Jun/2025:19:42:34 +0000] "PUT /report HTTP/1.1" 200 3493 "-" "python-requests/2.25.1"
203.0.113.1 - - [17/Jun/2025:07:47:02 +0000] "DELETE /report HTTP/1.1" 401 4342 "-" "python-requests/2.25.1"
172.16.0.2 - - [17/Jun/2025:02:37:28 +0000] "PUT /user/profile HTTP/1.1" 404 3363 "-" "Mozilla/5.0 (Linux; Android 10)"
111.222.333.444 - - [17/Jun/2025:13:13:26 +0000] "POST /dashboard HTTP/1.1" 200 1367 "-" "python-requests/2.25.1"
203.0.113.1 - - [17/Jun/2025:17:56:54 +0000] "POST /api/data HTTP/1.1" 500 1159 "-" "SIEMScanner/1.0"
10.0.0.5 - - [17/Jun/2025:19:45:19 +0000] "POST /api/data HTTP/1.1" 200 3390 "-" "Mozilla/5.0 (Macintosh; Intel Mac OS X 10_15_7)"
