111.222.333.444 - - [17/Jun/2025:05:06:25 +0000] "POST /api/data HTTP/1.1" 404 526 "-" "Mozilla/5.0 (Macintosh; Intel Mac OS X 10_15_7)"
203.0.113.1 - - [17/Jun/2025:07:40:25 +0000] "PUT /admin HTTP/1.1" 200 762 "-" "Mozilla/5.0 (Linux; Android 10)"
111.222.333.444 - - [18/Jun/2025:00:40:40 +0000] "PUT /login HTTP/1.1" 200 2484 "-" "Mozilla/5.0 (Linux; Android 10)"
8.8.8.8 - - [17/Jun/2025:16:18:23 +0000] "PUT /api/data HTTP/1.1" 200 4058 "-" "Mozilla/5.0 (Linux; Android 10)"
111.222.333.444 - - [17/Jun/2025:15:02:06 +0000] "GET /user/profile HTTP/1.1" 403 4377 "-" "Mozilla/5.0 (Macintosh; Intel Mac OS X 10_15_7)"
1.2.3.4 - - [17/Jun/2025:20:57:37 +0000] "GET /logout HTTP/1.1" 403 3410 "-" "Mozilla/5.0 (Macintosh; Intel Mac OS X 10_15_7)"
1.2.3.4 - - [17/Jun/2025:09:50:18 +0000] "DELETE /api/data HTTP/1.1" 200 569 "-" "python-requests/2.25.1"
10.0.0.5 - - [17/Jun/2025:05:05:35 +0000] "DELETE /logout HTTP/1.1" 500 3175 "-" "Mozilla/5.0 (Linux; Android 10)"
8.8.8.8 - - [17/Jun/2025:13:33:20 +0000] "PUT /login HTTP/1.1" 403 1669 "-" "Mozilla/5.0 (Windows NT 10.0; Win64; x64)"
192.168.1.10 - - [17/Jun/2025:03:44:12 +0000] "DELETE /api/data HTTP/1.1" 200 1911 "-" "Mozilla/5.0 (Macintosh; Intel Mac OS X 10_15_7)"
172.16.0.2 - - [17/Jun/2025:04:51:55 +0000] "POST /logout HTTP/1.1" 200 3667 "-" "Mozilla/5.0 (Linux; Android 10)"
192.168.1.10 - - [18/Jun/2025:00:31:12 +0000] "DELETE /login HTTP/1.1" 200 3067 "-" "curl/7.68.0"
111.222.333.444 - - [17/Jun/2025:03:45:14 +0000] "POST /dashboard HTTP/1.1" 500 2758 "-" "Mozilla/5.0 (Linux; Android 10)"
5.6.7.8 - - [17/Jun/2025:09:39:29 +0000] "DELETE /dashboard HTTP/1.1" 200 570 "-" "Mozilla/5.0 (Macintosh; Intel Mac OS X 10_15_7)"
10.0.0.5 - - [17/Jun/2025:07:39:55 +0000] "PUT /api/data HTTP/1.1" 302 1939 "-" "Mozilla/5.0 (Macintosh; Intel Mac OS X 10_15_7)"
192.168.1.10 - - [17/Jun/2025:15:14:39 +0000] "PUT /logout HTTP/1.1" 500 2470 "-" "SIEMScanner/1.0"
192.168.1.10 - - [17/Jun/2025:06:29:33 +0000] "PUT /report HTTP/1.1" 403 2607 "-" "Mozilla/5.0 (Macintosh; Intel Mac OS X 10_15_7)"
111.222.333.444 - - [17/Jun/2025:15:48:11 +0000] "POST /login HTTP/1.1" 500 2352 "-" "SIEMScanner/1.0"
5.6.7.8 - - [17/Jun/2025:07:28:30 +0000] "POST /login HTTP/1.1" 200 1097 "-" "python-requests/2.25.1"
123.45.67.89 - - [18/Jun/2025:00:47:41 +0000] "DELETE /logout HTTP/1.1" 401 4779 "-" "Mozilla/5.0 (Macintosh; Intel Mac OS X 10_15_7)"
10.0.0.5 - - [17/Jun/2025:12:12:27 +0000] "POST /dashboard HTTP/1.1" 404 152 "-" "SIEMScanner/1.0"
111.222.333.444 - - [17/Jun/2025:14:07:32 +0000] "POST /dashboard HTTP/1.1" 200 3196 "-" "curl/7.68.0"
123.45.67.89 - - [17/Jun/2025:17:31:41 +0000] "PUT /admin HTTP/1.1" 404 650 "-" "Mozilla/5.0 (Windows NT 10.0; Win64; x64)"
198.51.100.23 - - [17/Jun/2025:14:43:45 +0000] "POST / HTTP/1.1" 500 1965 "-" "SIEMScanner/1.0"
172.16.0.2 - - [17/Jun/2025:03:38:06 +0000] "PUT /dashboard HTTP/1.1" 200 3041 "-" "curl/7.68.0"
203.0.113.1 - - [17/Jun/2025:02:40:39 +0000] "DELETE /logout HTTP/1.1" 403 3516 "-" "python-requests/2.25.1"
10.0.0.5 - - [17/Jun/2025:17:58:04 +0000] "GET /user/profile HTTP/1.1" 404 4526 "-" "Mozilla/5.0 (Windows NT 10.0; Win64; x64)"
111.222.333.444 - - [17/Jun/2025:12:16:08 +0000] "DELETE /admin HTTP/1.1" 404 3062 "-" "SIEMScanner/1.0"
10.0.0.5 - - [17/Jun/2025:02:48:42 +0000] "DELETE /report HTTP/1.1" 200 2321 "-" "python-requests/2.25.1"
203.0.113.1 - - [17/Jun/2025:19:04:33 +0000] "GET /user/profile HTTP/1.1" 200 3173 "-" "Mozilla/5.0 (Macintosh; Intel Mac OS X 10_15_7)"
123.45.67.89 - - [17/Jun/2025:23:34:56 +0000] "GET /report HTTP/1.1" 500 919 "-" "SIEMScanner/1.0"
111.222.333.444 - - [17/Jun/2025:11:09:48 +0000] "PUT /login HTTP/1.1" 403 2633 "-" "python-requests/2.25.1"
8.8.8.8 - - [17/Jun/2025:09:25:32 +0000] "GET /logout HTTP/1.1" 302 3881 "-" "Mozilla/5.0 (Linux; Android 10)"
5.6.7.8 - - [17/Jun/2025:22:02:49 +0000] "GET /login HTTP/1.1" 500 2035 "-" "Mozilla/5.0 (Windows NT 10.0; Win64; x64)"
111.222.333.444 - - [17/Jun/2025:18:18:45 +0000] "GET /admin HTTP/1.1" 302 4856 "-" "curl/7.68.0"
5.6.7.8 - - [17/Jun/2025:20:29:59 +0000] "GET /api/data HTTP/1.1" 404 2541 "-" "SIEMScanner/1.0"
172.16.0.2 - - [17/Jun/2025:08:10:13 +0000] "DELETE /admin HTTP/1.1" 200 3265 "-" "Mozilla/5.0 (Windows NT 10.0; Win64; x64)"
198.51.100.23 - - [17/Jun/2025:15:17:21 +0000] "PUT /logout HTTP/1.1" 302 4386 "-" "SIEMScanner/1.0"
192.168.1.10 - - [18/Jun/2025:01:52:16 +0000] "DELETE /login HTTP/1.1" 404 4857 "-" "curl/7.68.0"
192.168.1.10 - - [18/Jun/2025:01:09:32 +0000] "PUT /user/profile HTTP/1.1" 200 950 "-" "SIEMScanner/1.0"
10.0.0.5 - - [17/Jun/2025:15:15:31 +0000] "POST /login HTTP/1.1" 500 3231 "-" "Mozilla/5.0 (Linux; Android 10)"
111.222.333.444 - - [17/Jun/2025:18:50:57 +0000] "DELETE /api/data HTTP/1.1" 401 4810 "-" "Mozilla/5.0 (Windows NT 10.0; Win64; x64)"
192.168.1.10 - - [17/Jun/2025:17:42:43 +0000] "PUT /report HTTP/1.1" 200 1808 "-" "SIEMScanner/1.0"
8.8.8.8 - - [17/Jun/2025:10:26:07 +0000] "POST /admin HTTP/1.1" 403 3351 "-" "Mozilla/5.0 (Linux; Android 10)"
192.168.1.10 - - [17/Jun/2025:22:58:57 +0000] "GET /logout HTTP/1.1" 404 3010 "-" "curl/7.68.0"
1.2.3.4 - - [17/Jun/2025:12:17:34 +0000] "GET /report HTTP/1.1" 404 3838 "-" "python-requests/2.25.1"
203.0.113.1 - - [17/Jun/2025:09:31:53 +0000] "POST /api/data HTTP/1.1" 200 504 "-" "curl/7.68.0"
5.6.7.8 - - [17/Jun/2025:11:16:55 +0000] "GET /api/data HTTP/1.1" 200 1151 "-" "python-requests/2.25.1"
123.45.67.89 - - [17/Jun/2025:19:27:27 +0000] "DELETE /report HTTP/1.1" 401 1745 "-" "Mozilla/5.0 (Macintosh; Intel Mac OS X 10_15_7)"
172.16.0.2 - - [17/Jun/2025:18:46:12 +0000] "PUT /api/data HTTP/1.1" 403 4535 "-" "python-requests/2.25.1"
5.6.7.8 - - [17/Jun/2025:18:52:33 +0000] "DELETE /admin HTTP/1.1" 200 4739 "-" "Mozilla/5.0 (Windows NT 10.0; Win64; x64)"
1.2.3.4 - - [17/Jun/2025:20:13:12 +0000] "DELETE / HTTP/1.1" 200 4503 "-" "Mozilla/5.0 (Linux; Android 10)"
192.168.1.10 - - [17/Jun/2025:05:16:39 +0000] "GET /login HTTP/1.1" 200 3774 "-" "Mozilla/5.0 (Macintosh; Intel Mac OS X 10_15_7)"
203.0.113.1 - - [17/Jun/2025:08:15:02 +0000] "PUT /logout HTTP/1.1" 403 2033 "-" "Mozilla/5.0 (Linux; Android 10)"
123.45.67.89 - - [17/Jun/2025:09:21:27 +0000] "POST /login HTTP/1.1" 500 4599 "-" "Mozilla/5.0 (Windows NT 10.0; Win64; x64)"
198.51.100.23 - - [17/Jun/2025:21:14:48 +0000] "POST / HTTP/1.1" 200 2493 "-" "Mozilla/5.0 (Linux; Android 10)"
198.51.100.23 - - [17/Jun/2025:15:58:00 +0000] "PUT /user/profile HTTP/1.1" 200 2971 "-" "curl/7.68.0"
5.6.7.8 - - [17/Jun/2025:09:20:53 +0000] "PUT /login HTTP/1.1" 401 3614 "-" "python-requests/2.25.1"
198.51.100.23 - - [17/Jun/2025:11:47:28 +0000] "GET /login HTTP/1.1" 302 1997 "-" "curl/7.68.0"
203.0.113.1 - - [17/Jun/2025:23:29:02 +0000] "PUT /admin HTTP/1.1" 200 4917 "-" "python-requests/2.25.1"
5.6.7.8 - - [17/Jun/2025:08:31:48 +0000] "PUT /dashboard HTTP/1.1" 404 3025 "-" "Mozilla/5.0 (Windows NT 10.0; Win64; x64)"
111.222.333.444 - - [18/Jun/2025:01:19:44 +0000] "PUT /dashboard HTTP/1.1" 403 198 "-" "Mozilla/5.0 (Windows NT 10.0; Win64; x64)"
198.51.100.23 - - [18/Jun/2025:00:39:22 +0000] "GET /dashboard HTTP/1.1" 401 2205 "-" "curl/7.68.0"
5.6.7.8 - - [18/Jun/2025:00:37:28 +0000] "POST /user/profile HTTP/1.1" 404 3607 "-" "Mozilla/5.0 (Linux; Android 10)"
203.0.113.1 - - [17/Jun/2025:02:55:27 +0000] "POST /dashboard HTTP/1.1" 500 2487 "-" "python-requests/2.25.1"
111.222.333.444 - - [17/Jun/2025:17:19:15 +0000] "POST /logout HTTP/1.1" 500 4445 "-" "python-requests/2.25.1"
123.45.67.89 - - [17/Jun/2025:18:59:11 +0000] "GET /report HTTP/1.1" 404 2128 "-" "Mozilla/5.0 (Linux; Android 10)"
10.0.0.5 - - [17/Jun/2025:13:47:44 +0000] "PUT / HTTP/1.1" 200 1064 "-" "curl/7.68.0"
5.6.7.8 - - [18/Jun/2025:00:55:21 +0000] "GET /admin HTTP/1.1" 500 2050 "-" "Mozilla/5.0 (Windows NT 10.0; Win64; x64)"
10.0.0.5 - - [17/Jun/2025:11:28:04 +0000] "DELETE /admin HTTP/1.1" 401 1021 "-" "Mozilla/5.0 (Linux; Android 10)"
5.6.7.8 - - [17/Jun/2025:07:04:52 +0000] "POST /api/data HTTP/1.1" 401 1025 "-" "curl/7.68.0"
203.0.113.1 - - [17/Jun/2025:21:34:20 +0000] "PUT /api/data HTTP/1.1" 200 1345 "-" "Mozilla/5.0 (Linux; Android 10)"
203.0.113.1 - - [17/Jun/2025:04:24:52 +0000] "PUT /user/profile HTTP/1.1" 404 486 "-" "Mozilla/5.0 (Macintosh; Intel Mac OS X 10_15_7)"
203.0.113.1 - - [17/Jun/2025:13:50:49 +0000] "POST /logout HTTP/1.1" 500 1155 "-" "python-requests/2.25.1"
8.8.8.8 - - [17/Jun/2025:22:17:58 +0000] "PUT /dashboard HTTP/1.1" 404 1175 "-" "SIEMScanner/1.0"
172.16.0.2 - - [17/Jun/2025:18:05:35 +0000] "GET /report HTTP/1.1" 403 2121 "-" "Mozilla/5.0 (Macintosh; Intel Mac OS X 10_15_7)"
111.222.333.444 - - [17/Jun/2025:02:15:34 +0000] "GET /logout HTTP/1.1" 200 4124 "-" "python-requests/2.25.1"
192.168.1.10 - - [17/Jun/2025:14:27:49 +0000] "DELETE /login HTTP/1.1" 200 3615 "-" "python-requests/2.25.1"
203.0.113.1 - - [17/Jun/2025:22:43:00 +0000] "POST /report HTTP/1.1" 500 4397 "-" "Mozilla/5.0 (Macintosh; Intel Mac OS X 10_15_7)"
172.16.0.2 - - [17/Jun/2025:05:44:49 +0000] "POST /report HTTP/1.1" 401 3527 "-" "Mozilla/5.0 (Linux; Android 10)"
172.16.0.2 - - [17/Jun/2025:19:16:41 +0000] "DELETE /user/profile HTTP/1.1" 403 230 "-" "SIEMScanner/1.0"
203.0.113.1 - - [17/Jun/2025:03:49:30 +0000] "DELETE /report HTTP/1.1" 200 180 "-" "Mozilla/5.0 (Windows NT 10.0; Win64; x64)"
192.168.1.10 - - [17/Jun/2025:22:24:01 +0000] "PUT /login HTTP/1.1" 200 3709 "-" "Mozilla/5.0 (Windows NT 10.0; Win64; x64)"
10.0.0.5 - - [17/Jun/2025:08:15:12 +0000] "DELETE /admin HTTP/1.1" 200 3777 "-" "Mozilla/5.0 (Linux; Android 10)"
198.51.100.23 - - [18/Jun/2025:00:50:05 +0000] "POST /report HTTP/1.1" 200 740 "-" "Mozilla/5.0 (Macintosh; Intel Mac OS X 10_15_7)"
203.0.113.1 - - [17/Jun/2025:22:32:46 +0000] "PUT /logout HTTP/1.1" 200 1815 "-" "Mozilla/5.0 (Linux; Android 10)"
5.6.7.8 - - [17/Jun/2025:08:13:43 +0000] "DELETE /dashboard HTTP/1.1" 401 4535 "-" "curl/7.68.0"
10.0.0.5 - - [17/Jun/2025:22:54:01 +0000] "DELETE /report HTTP/1.1" 200 177 "-" "python-requests/2.25.1"
5.6.7.8 - - [17/Jun/2025:23:17:02 +0000] "DELETE /dashboard HTTP/1.1" 500 4222 "-" "Mozilla/5.0 (Windows NT 10.0; Win64; x64)"
8.8.8.8 - - [17/Jun/2025:15:30:51 +0000] "PUT /admin HTTP/1.1" 401 889 "-" "Mozilla/5.0 (Linux; Android 10)"
10.0.0.5 - - [17/Jun/2025:22:53:40 +0000] "DELETE /api/data HTTP/1.1" 200 1909 "-" "Mozilla/5.0 (Macintosh; Intel Mac OS X 10_15_7)"
111.222.333.444 - - [18/Jun/2025:00:31:38 +0000] "PUT /login HTTP/1.1" 302 127 "-" "SIEMScanner/1.0"
8.8.8.8 - - [17/Jun/2025:02:41:00 +0000] "GET /api/data HTTP/1.1" 302 2208 "-" "Mozilla/5.0 (Macintosh; Intel Mac OS X 10_15_7)"
8.8.8.8 - - [17/Jun/2025:13:36:44 +0000] "PUT /logout HTTP/1.1" 404 3574 "-" "python-requests/2.25.1"
1.2.3.4 - - [17/Jun/2025:06:56:19 +0000] "POST /dashboard HTTP/1.1" 302 3504 "-" "SIEMScanner/1.0"
10.0.0.5 - - [18/Jun/2025:01:49:40 +0000] "POST / HTTP/1.1" 500 2217 "-" "python-requests/2.25.1"
203.0.113.1 - - [17/Jun/2025:09:13:15 +0000] "PUT /dashboard HTTP/1.1" 302 2019 "-" "Mozilla/5.0 (Linux; Android 10)"
8.8.8.8 - - [17/Jun/2025:13:27:07 +0000] "GET / HTTP/1.1" 403 3987 "-" "Mozilla/5.0 (Macintosh; Intel Mac OS X 10_15_7)"
172.16.0.2 - - [17/Jun/2025:06:47:13 +0000] "GET /logout HTTP/1.1" 500 4894 "-" "SIEMScanner/1.0"
198.51.100.23 - - [17/Jun/2025:19:58:26 +0000] "GET /api/data HTTP/1.1" 200 4152 "-" "curl/7.68.0"
192.168.1.10 - - [17/Jun/2025:06:04:01 +0000] "GET /logout HTTP/1.1" 200 4000 "-" "python-requests/2.25.1"
1.2.3.4 - - [18/Jun/2025:00:33:59 +0000] "PUT /admin HTTP/1.1" 200 989 "-" "Mozilla/5.0 (Windows NT 10.0; Win64; x64)"
111.222.333.444 - - [17/Jun/2025:09:36:03 +0000] "DELETE /admin HTTP/1.1" 403 1070 "-" "Mozilla/5.0 (Windows NT 10.0; Win64; x64)"
5.6.7.8 - - [17/Jun/2025:03:02:40 +0000] "DELETE / HTTP/1.1" 401 1784 "-" "python-requests/2.25.1"
203.0.113.1 - - [17/Jun/2025:11:50:31 +0000] "GET /dashboard HTTP/1.1" 200 3469 "-" "Mozilla/5.0 (Macintosh; Intel Mac OS X 10_15_7)"
192.168.1.10 - - [17/Jun/2025:18:00:34 +0000] "PUT /admin HTTP/1.1" 401 3352 "-" "Mozilla/5.0 (Macintosh; Intel Mac OS X 10_15_7)"
198.51.100.23 - - [17/Jun/2025:12:30:15 +0000] "PUT /report HTTP/1.1" 401 4450 "-" "Mozilla/5.0 (Macintosh; Intel Mac OS X 10_15_7)"
5.6.7.8 - - [17/Jun/2025:15:52:54 +0000] "PUT /user/profile HTTP/1.1" 500 2107 "-" "Mozilla/5.0 (Macintosh; Intel Mac OS X 10_15_7)"
10.0.0.5 - - [17/Jun/2025:17:30:13 +0000] "GET /login HTTP/1.1" 200 818 "-" "Mozilla/5.0 (Linux; Android 10)"
111.222.333.444 - - [17/Jun/2025:23:48:29 +0000] "PUT /report HTTP/1.1" 200 3751 "-" "Mozilla/5.0 (Macintosh; Intel Mac OS X 10_15_7)"
192.168.1.10 - - [17/Jun/2025:05:15:04 +0000] "POST /user/profile HTTP/1.1" 200 603 "-" "curl/7.68.0"
8.8.8.8 - - [17/Jun/2025:11:28:31 +0000] "PUT /logout HTTP/1.1" 302 2602 "-" "Mozilla/5.0 (Linux; Android 10)"
192.168.1.10 - - [17/Jun/2025:09:05:20 +0000] "POST /logout HTTP/1.1" 404 2585 "-" "Mozilla/5.0 (Linux; Android 10)"
8.8.8.8 - - [18/Jun/2025:01:29:37 +0000] "PUT /admin HTTP/1.1" 200 3022 "-" "SIEMScanner/1.0"
203.0.113.1 - - [17/Jun/2025:01:58:03 +0000] "DELETE /login HTTP/1.1" 404 3846 "-" "Mozilla/5.0 (Macintosh; Intel Mac OS X 10_15_7)"
203.0.113.1 - - [17/Jun/2025:15:07:07 +0000] "PUT /admin HTTP/1.1" 200 279 "-" "curl/7.68.0"
10.0.0.5 - - [17/Jun/2025:11:57:10 +0000] "GET /login HTTP/1.1" 302 1375 "-" "Mozilla/5.0 (Windows NT 10.0; Win64; x64)"
172.16.0.2 - - [17/Jun/2025:12:54:33 +0000] "GET /logout HTTP/1.1" 403 577 "-" "python-requests/2.25.1"
198.51.100.23 - - [17/Jun/2025:18:35:19 +0000] "POST /dashboard HTTP/1.1" 401 3684 "-" "curl/7.68.0"
203.0.113.1 - - [17/Jun/2025:12:51:13 +0000] "PUT / HTTP/1.1" 404 4938 "-" "curl/7.68.0"
123.45.67.89 - - [17/Jun/2025:05:59:38 +0000] "PUT / HTTP/1.1" 200 4524 "-" "Mozilla/5.0 (Linux; Android 10)"
192.168.1.10 - - [17/Jun/2025:22:41:45 +0000] "GET /user/profile HTTP/1.1" 302 3727 "-" "Mozilla/5.0 (Linux; Android 10)"
8.8.8.8 - - [17/Jun/2025:13:13:31 +0000] "GET / HTTP/1.1" 403 238 "-" "Mozilla/5.0 (Linux; Android 10)"
123.45.67.89 - - [17/Jun/2025:03:21:16 +0000] "POST / HTTP/1.1" 200 797 "-" "python-requests/2.25.1"
203.0.113.1 - - [17/Jun/2025:20:56:19 +0000] "DELETE /admin HTTP/1.1" 401 1003 "-" "SIEMScanner/1.0"
1.2.3.4 - - [17/Jun/2025:13:22:23 +0000] "PUT /login HTTP/1.1" 403 4808 "-" "Mozilla/5.0 (Linux; Android 10)"
5.6.7.8 - - [17/Jun/2025:20:20:40 +0000] "DELETE /logout HTTP/1.1" 403 1096 "-" "Mozilla/5.0 (Windows NT 10.0; Win64; x64)"
192.168.1.10 - - [17/Jun/2025:10:08:18 +0000] "POST / HTTP/1.1" 401 4168 "-" "Mozilla/5.0 (Macintosh; Intel Mac OS X 10_15_7)"
203.0.113.1 - - [17/Jun/2025:05:50:12 +0000] "DELETE /user/profile HTTP/1.1" 200 3520 "-" "Mozilla/5.0 (Windows NT 10.0; Win64; x64)"
203.0.113.1 - - [17/Jun/2025:03:07:49 +0000] "POST /api/data HTTP/1.1" 302 861 "-" "Mozilla/5.0 (Windows NT 10.0; Win64; x64)"
123.45.67.89 - - [17/Jun/2025:15:33:32 +0000] "PUT /user/profile HTTP/1.1" 200 2338 "-" "Mozilla/5.0 (Macintosh; Intel Mac OS X 10_15_7)"
172.16.0.2 - - [17/Jun/2025:18:24:50 +0000] "GET /logout HTTP/1.1" 403 4567 "-" "SIEMScanner/1.0"
172.16.0.2 - - [17/Jun/2025:03:46:34 +0000] "POST /user/profile HTTP/1.1" 404 4462 "-" "python-requests/2.25.1"
1.2.3.4 - - [17/Jun/2025:16:39:43 +0000] "POST /api/data HTTP/1.1" 500 4316 "-" "Mozilla/5.0 (Macintosh; Intel Mac OS X 10_15_7)"
8.8.8.8 - - [17/Jun/2025:04:14:44 +0000] "DELETE /user/profile HTTP/1.1" 404 1339 "-" "Mozilla/5.0 (Macintosh; Intel Mac OS X 10_15_7)"
192.168.1.10 - - [17/Jun/2025:18:01:16 +0000] "DELETE /api/data HTTP/1.1" 403 3954 "-" "python-requests/2.25.1"
172.16.0.2 - - [18/Jun/2025:00:11:06 +0000] "DELETE /user/profile HTTP/1.1" 404 958 "-" "Mozilla/5.0 (Windows NT 10.0; Win64; x64)"
8.8.8.8 - - [17/Jun/2025:05:42:07 +0000] "DELETE /user/profile HTTP/1.1" 302 1573 "-" "Mozilla/5.0 (Linux; Android 10)"
123.45.67.89 - - [17/Jun/2025:18:51:06 +0000] "GET /report HTTP/1.1" 404 2765 "-" "curl/7.68.0"
198.51.100.23 - - [17/Jun/2025:23:32:14 +0000] "GET /user/profile HTTP/1.1" 401 2828 "-" "Mozilla/5.0 (Linux; Android 10)"
10.0.0.5 - - [17/Jun/2025:03:40:26 +0000] "DELETE /user/profile HTTP/1.1" 404 3141 "-" "SIEMScanner/1.0"
203.0.113.1 - - [17/Jun/2025:07:30:04 +0000] "POST /user/profile HTTP/1.1" 200 1437 "-" "Mozilla/5.0 (Windows NT 10.0; Win64; x64)"
10.0.0.5 - - [17/Jun/2025:02:45:48 +0000] "POST /api/data HTTP/1.1" 302 1095 "-" "Mozilla/5.0 (Windows NT 10.0; Win64; x64)"
5.6.7.8 - - [17/Jun/2025:11:55:41 +0000] "DELETE /user/profile HTTP/1.1" 500 768 "-" "Mozilla/5.0 (Linux; Android 10)"
111.222.333.444 - - [17/Jun/2025:11:18:03 +0000] "DELETE /admin HTTP/1.1" 302 4244 "-" "Mozilla/5.0 (Macintosh; Intel Mac OS X 10_15_7)"
8.8.8.8 - - [17/Jun/2025:02:17:45 +0000] "DELETE /report HTTP/1.1" 302 1572 "-" "python-requests/2.25.1"
10.0.0.5 - - [17/Jun/2025:10:39:09 +0000] "POST / HTTP/1.1" 404 2514 "-" "Mozilla/5.0 (Linux; Android 10)"
111.222.333.444 - - [17/Jun/2025:06:14:57 +0000] "DELETE /report HTTP/1.1" 500 4284 "-" "Mozilla/5.0 (Linux; Android 10)"
172.16.0.2 - - [17/Jun/2025:08:55:32 +0000] "POST / HTTP/1.1" 200 4612 "-" "Mozilla/5.0 (Windows NT 10.0; Win64; x64)"
123.45.67.89 - - [17/Jun/2025:08:04:10 +0000] "POST /user/profile HTTP/1.1" 403 1662 "-" "Mozilla/5.0 (Macintosh; Intel Mac OS X 10_15_7)"
1.2.3.4 - - [17/Jun/2025:22:31:39 +0000] "DELETE /api/data HTTP/1.1" 200 1477 "-" "Mozilla/5.0 (Linux; Android 10)"
123.45.67.89 - - [17/Jun/2025:09:03:04 +0000] "GET /user/profile HTTP/1.1" 302 3291 "-" "Mozilla/5.0 (Linux; Android 10)"
123.45.67.89 - - [17/Jun/2025:07:56:54 +0000] "DELETE /user/profile HTTP/1.1" 200 3024 "-" "SIEMScanner/1.0"
8.8.8.8 - - [17/Jun/2025:03:18:23 +0000] "GET /login HTTP/1.1" 500 674 "-" "SIEMScanner/1.0"
1.2.3.4 - - [17/Jun/2025:15:17:16 +0000] "DELETE / HTTP/1.1" 200 4611 "-" "curl/7.68.0"
10.0.0.5 - - [17/Jun/2025:07:22:29 +0000] "POST /user/profile HTTP/1.1" 200 1685 "-" "SIEMScanner/1.0"
192.168.1.10 - - [17/Jun/2025:14:08:12 +0000] "PUT /user/profile HTTP/1.1" 404 1525 "-" "python-requests/2.25.1"
203.0.113.1 - - [17/Jun/2025:03:39:59 +0000] "GET / HTTP/1.1" 500 3842 "-" "Mozilla/5.0 (Linux; Android 10)"
123.45.67.89 - - [17/Jun/2025:19:24:01 +0000] "GET /login HTTP/1.1" 200 4156 "-" "curl/7.68.0"
172.16.0.2 - - [17/Jun/2025:04:25:59 +0000] "POST /logout HTTP/1.1" 500 820 "-" "python-requests/2.25.1"
5.6.7.8 - - [17/Jun/2025:02:52:35 +0000] "GET / HTTP/1.1" 401 2821 "-" "Mozilla/5.0 (Windows NT 10.0; Win64; x64)"
111.222.333.444 - - [17/Jun/2025:06:45:44 +0000] "PUT /logout HTTP/1.1" 404 1623 "-" "curl/7.68.0"
5.6.7.8 - - [17/Jun/2025:17:34:40 +0000] "DELETE /dashboard HTTP/1.1" 200 3041 "-" "Mozilla/5.0 (Macintosh; Intel Mac OS X 10_15_7)"
8.8.8.8 - - [17/Jun/2025:22:30:45 +0000] "GET /report HTTP/1.1" 200 4923 "-" "python-requests/2.25.1"
192.168.1.10 - - [17/Jun/2025:05:08:26 +0000] "POST /admin HTTP/1.1" 302 729 "-" "Mozilla/5.0 (Linux; Android 10)"
123.45.67.89 - - [17/Jun/2025:09:39:37 +0000] "DELETE /api/data HTTP/1.1" 200 3789 "-" "Mozilla/5.0 (Windows NT 10.0; Win64; x64)"
1.2.3.4 - - [17/Jun/2025:13:52:39 +0000] "DELETE / HTTP/1.1" 401 3320 "-" "Mozilla/5.0 (Macintosh; Intel Mac OS X 10_15_7)"
5.6.7.8 - - [17/Jun/2025:20:43:13 +0000] "PUT /login HTTP/1.1" 401 4732 "-" "Mozilla/5.0 (Windows NT 10.0; Win64; x64)"
5.6.7.8 - - [17/Jun/2025:17:32:10 +0000] "GET /report HTTP/1.1" 404 2569 "-" "python-requests/2.25.1"
198.51.100.23 - - [17/Jun/2025:15:22:22 +0000] "DELETE /admin HTTP/1.1" 302 2703 "-" "Mozilla/5.0 (Linux; Android 10)"
5.6.7.8 - - [17/Jun/2025:08:58:20 +0000] "GET /admin HTTP/1.1" 404 3760 "-" "Mozilla/5.0 (Linux; Android 10)"
198.51.100.23 - - [17/Jun/2025:06:40:39 +0000] "GET /api/data HTTP/1.1" 500 165 "-" "Mozilla/5.0 (Linux; Android 10)"
8.8.8.8 - - [17/Jun/2025:13:07:47 +0000] "DELETE /dashboard HTTP/1.1" 401 4675 "-" "Mozilla/5.0 (Macintosh; Intel Mac OS X 10_15_7)"
198.51.100.23 - - [17/Jun/2025:03:01:13 +0000] "DELETE /admin HTTP/1.1" 404 503 "-" "Mozilla/5.0 (Linux; Android 10)"
111.222.333.444 - - [17/Jun/2025:17:41:52 +0000] "PUT /admin HTTP/1.1" 302 1299 "-" "SIEMScanner/1.0"
8.8.8.8 - - [17/Jun/2025:22:29:27 +0000] "DELETE / HTTP/1.1" 500 3229 "-" "Mozilla/5.0 (Macintosh; Intel Mac OS X 10_15_7)"
123.45.67.89 - - [17/Jun/2025:17:54:08 +0000] "GET /admin HTTP/1.1" 403 566 "-" "curl/7.68.0"
8.8.8.8 - - [17/Jun/2025:20:45:20 +0000] "POST /login HTTP/1.1" 403 3118 "-" "Mozilla/5.0 (Macintosh; Intel Mac OS X 10_15_7)"
172.16.0.2 - - [17/Jun/2025:15:41:02 +0000] "PUT / HTTP/1.1" 403 4378 "-" "Mozilla/5.0 (Linux; Android 10)"
203.0.113.1 - - [17/Jun/2025:08:09:43 +0000] "GET /report HTTP/1.1" 500 2276 "-" "curl/7.68.0"
5.6.7.8 - - [18/Jun/2025:00:50:54 +0000] "PUT /dashboard HTTP/1.1" 500 1049 "-" "SIEMScanner/1.0"
203.0.113.1 - - [17/Jun/2025:11:30:31 +0000] "PUT /login HTTP/1.1" 500 4748 "-" "curl/7.68.0"
198.51.100.23 - - [17/Jun/2025:13:23:49 +0000] "GET /logout HTTP/1.1" 500 3429 "-" "python-requests/2.25.1"
123.45.67.89 - - [17/Jun/2025:19:59:23 +0000] "POST /dashboard HTTP/1.1" 404 793 "-" "Mozilla/5.0 (Macintosh; Intel Mac OS X 10_15_7)"
172.16.0.2 - - [17/Jun/2025:12:59:43 +0000] "GET /user/profile HTTP/1.1" 401 4795 "-" "curl/7.68.0"
172.16.0.2 - - [17/Jun/2025:12:41:10 +0000] "POST /dashboard HTTP/1.1" 403 4864 "-" "Mozilla/5.0 (Linux; Android 10)"
192.168.1.10 - - [17/Jun/2025:02:34:03 +0000] "GET /report HTTP/1.1" 403 2632 "-" "Mozilla/5.0 (Macintosh; Intel Mac OS X 10_15_7)"
198.51.100.23 - - [17/Jun/2025:13:54:23 +0000] "PUT /logout HTTP/1.1" 403 173 "-" "curl/7.68.0"
8.8.8.8 - - [17/Jun/2025:04:41:24 +0000] "PUT /logout HTTP/1.1" 200 3454 "-" "curl/7.68.0"
1.2.3.4 - - [17/Jun/2025:19:11:23 +0000] "PUT /user/profile HTTP/1.1" 200 4757 "-" "Mozilla/5.0 (Linux; Android 10)"
203.0.113.1 - - [17/Jun/2025:03:06:28 +0000] "DELETE /api/data HTTP/1.1" 500 646 "-" "python-requests/2.25.1"
10.0.0.5 - - [17/Jun/2025:02:46:43 +0000] "GET /dashboard HTTP/1.1" 200 518 "-" "python-requests/2.25.1"
198.51.100.23 - - [18/Jun/2025:01:31:07 +0000] "DELETE /report HTTP/1.1" 403 3207 "-" "curl/7.68.0"
1.2.3.4 - - [17/Jun/2025:04:30:54 +0000] "POST / HTTP/1.1" 403 2628 "-" "Mozilla/5.0 (Windows NT 10.0; Win64; x64)"
192.168.1.10 - - [17/Jun/2025:14:38:10 +0000] "DELETE /report HTTP/1.1" 404 1324 "-" "curl/7.68.0"
111.222.333.444 - - [17/Jun/2025:13:45:03 +0000] "POST /login HTTP/1.1" 200 1383 "-" "curl/7.68.0"
1.2.3.4 - - [17/Jun/2025:06:55:23 +0000] "POST /report HTTP/1.1" 200 4720 "-" "Mozilla/5.0 (Linux; Android 10)"
172.16.0.2 - - [18/Jun/2025:01:16:16 +0000] "POST /login HTTP/1.1" 404 2770 "-" "python-requests/2.25.1"
198.51.100.23 - - [17/Jun/2025:09:24:33 +0000] "PUT /logout HTTP/1.1" 500 1377 "-" "Mozilla/5.0 (Macintosh; Intel Mac OS X 10_15_7)"
123.45.67.89 - - [18/Jun/2025:01:52:36 +0000] "DELETE /report HTTP/1.1" 200 2891 "-" "SIEMScanner/1.0"
1.2.3.4 - - [17/Jun/2025:18:07:47 +0000] "PUT / HTTP/1.1" 403 4857 "-" "Mozilla/5.0 (Macintosh; Intel Mac OS X 10_15_7)"
198.51.100.23 - - [17/Jun/2025:21:35:54 +0000] "POST /api/data HTTP/1.1" 403 4910 "-" "python-requests/2.25.1"
1.2.3.4 - - [17/Jun/2025:03:43:45 +0000] "PUT /api/data HTTP/1.1" 500 1439 "-" "SIEMScanner/1.0"
111.222.333.444 - - [17/Jun/2025:23:38:44 +0000] "DELETE / HTTP/1.1" 401 809 "-" "SIEMScanner/1.0"
172.16.0.2 - - [17/Jun/2025:12:19:50 +0000] "PUT /report HTTP/1.1" 200 3611 "-" "curl/7.68.0"
10.0.0.5 - - [17/Jun/2025:08:46:28 +0000] "PUT /api/data HTTP/1.1" 401 2652 "-" "Mozilla/5.0 (Linux; Android 10)"
111.222.333.444 - - [17/Jun/2025:10:36:54 +0000] "POST / HTTP/1.1" 404 1486 "-" "Mozilla/5.0 (Linux; Android 10)"
123.45.67.89 - - [17/Jun/2025:05:31:05 +0000] "GET /user/profile HTTP/1.1" 200 2983 "-" "SIEMScanner/1.0"
1.2.3.4 - - [17/Jun/2025:05:50:17 +0000] "DELETE /admin HTTP/1.1" 401 801 "-" "curl/7.68.0"
111.222.333.444 - - [18/Jun/2025:01:13:24 +0000] "GET /user/profile HTTP/1.1" 200 676 "-" "Mozilla/5.0 (Linux; Android 10)"
172.16.0.2 - - [18/Jun/2025:01:04:14 +0000] "POST /logout HTTP/1.1" 200 4229 "-" "Mozilla/5.0 (Linux; Android 10)"
111.222.333.444 - - [17/Jun/2025:20:47:51 +0000] "POST /logout HTTP/1.1" 200 2661 "-" "SIEMScanner/1.0"
123.45.67.89 - - [17/Jun/2025:14:45:20 +0000] "PUT /api/data HTTP/1.1" 403 4723 "-" "Mozilla/5.0 (Macintosh; Intel Mac OS X 10_15_7)"
198.51.100.23 - - [17/Jun/2025:13:20:44 +0000] "GET /logout HTTP/1.1" 500 687 "-" "python-requests/2.25.1"
1.2.3.4 - - [17/Jun/2025:12:42:10 +0000] "DELETE / HTTP/1.1" 302 940 "-" "SIEMScanner/1.0"
111.222.333.444 - - [18/Jun/2025:00:04:40 +0000] "DELETE /user/profile HTTP/1.1" 200 2395 "-" "Mozilla/5.0 (Linux; Android 10)"
10.0.0.5 - - [17/Jun/2025:02:14:03 +0000] "POST /admin HTTP/1.1" 302 4027 "-" "Mozilla/5.0 (Windows NT 10.0; Win64; x64)"
5.6.7.8 - - [17/Jun/2025:20:58:48 +0000] "GET /report HTTP/1.1" 401 770 "-" "Mozilla/5.0 (Macintosh; Intel Mac OS X 10_15_7)"
203.0.113.1 - - [17/Jun/2025:20:42:41 +0000] "POST / HTTP/1.1" 302 4409 "-" "Mozilla/5.0 (Macintosh; Intel Mac OS X 10_15_7)"
10.0.0.5 - - [17/Jun/2025:03:31:59 +0000] "POST /dashboard HTTP/1.1" 403 4397 "-" "SIEMScanner/1.0"
123.45.67.89 - - [17/Jun/2025:12:58:22 +0000] "DELETE /user/profile HTTP/1.1" 404 282 "-" "Mozilla/5.0 (Windows NT 10.0; Win64; x64)"
198.51.100.23 - - [17/Jun/2025:07:08:57 +0000] "POST /dashboard HTTP/1.1" 500 3129 "-" "Mozilla/5.0 (Macintosh; Intel Mac OS X 10_15_7)"
111.222.333.444 - - [17/Jun/2025:16:05:15 +0000] "POST /api/data HTTP/1.1" 401 3473 "-" "python-requests/2.25.1"
111.222.333.444 - - [18/Jun/2025:00:02:57 +0000] "PUT /login HTTP/1.1" 500 4027 "-" "curl/7.68.0"
192.168.1.10 - - [18/Jun/2025:00:57:06 +0000] "PUT /user/profile HTTP/1.1" 401 721 "-" "SIEMScanner/1.0"
123.45.67.89 - - [17/Jun/2025:11:21:39 +0000] "GET /user/profile HTTP/1.1" 200 2429 "-" "SIEMScanner/1.0"
172.16.0.2 - - [17/Jun/2025:14:40:24 +0000] "DELETE /api/data HTTP/1.1" 500 1671 "-" "curl/7.68.0"
5.6.7.8 - - [17/Jun/2025:23:46:19 +0000] "PUT /dashboard HTTP/1.1" 200 2589 "-" "Mozilla/5.0 (Windows NT 10.0; Win64; x64)"
8.8.8.8 - - [17/Jun/2025:22:35:25 +0000] "DELETE /login HTTP/1.1" 200 3419 "-" "SIEMScanner/1.0"
5.6.7.8 - - [17/Jun/2025:14:25:30 +0000] "DELETE / HTTP/1.1" 401 4780 "-" "Mozilla/5.0 (Windows NT 10.0; Win64; x64)"
1.2.3.4 - - [17/Jun/2025:15:44:13 +0000] "GET /report HTTP/1.1" 200 747 "-" "curl/7.68.0"
1.2.3.4 - - [17/Jun/2025:20:00:21 +0000] "DELETE /api/data HTTP/1.1" 200 4342 "-" "Mozilla/5.0 (Macintosh; Intel Mac OS X 10_15_7)"
203.0.113.1 - - [18/Jun/2025:01:15:13 +0000] "PUT /api/data HTTP/1.1" 302 2045 "-" "curl/7.68.0"
10.0.0.5 - - [17/Jun/2025:15:04:50 +0000] "PUT /admin HTTP/1.1" 401 906 "-" "Mozilla/5.0 (Windows NT 10.0; Win64; x64)"
10.0.0.5 - - [17/Jun/2025:20:33:37 +0000] "POST /logout HTTP/1.1" 200 2785 "-" "Mozilla/5.0 (Windows NT 10.0; Win64; x64)"
1.2.3.4 - - [17/Jun/2025:20:01:57 +0000] "GET /report HTTP/1.1" 403 108 "-" "Mozilla/5.0 (Windows NT 10.0; Win64; x64)"
10.0.0.5 - - [17/Jun/2025:09:41:39 +0000] "POST /login HTTP/1.1" 200 2915 "-" "Mozilla/5.0 (Windows NT 10.0; Win64; x64)"
8.8.8.8 - - [17/Jun/2025:08:20:50 +0000] "POST /login HTTP/1.1" 302 2870 "-" "python-requests/2.25.1"
8.8.8.8 - - [17/Jun/2025:16:55:16 +0000] "DELETE /report HTTP/1.1" 403 1643 "-" "curl/7.68.0"
111.222.333.444 - - [17/Jun/2025:23:21:07 +0000] "DELETE /logout HTTP/1.1" 200 1363 "-" "python-requests/2.25.1"
10.0.0.5 - - [17/Jun/2025:15:36:38 +0000] "POST /user/profile HTTP/1.1" 200 4400 "-" "SIEMScanner/1.0"
203.0.113.1 - - [17/Jun/2025:11:12:15 +0000] "POST /user/profile HTTP/1.1" 401 356 "-" "curl/7.68.0"
123.45.67.89 - - [17/Jun/2025:16:53:27 +0000] "DELETE /report HTTP/1.1" 200 1430 "-" "SIEMScanner/1.0"
5.6.7.8 - - [17/Jun/2025:03:33:51 +0000] "POST /report HTTP/1.1" 401 3574 "-" "SIEMScanner/1.0"
198.51.100.23 - - [17/Jun/2025:03:55:26 +0000] "POST / HTTP/1.1" 200 2894 "-" "Mozilla/5.0 (Windows NT 10.0; Win64; x64)"
111.222.333.444 - - [17/Jun/2025:17:59:56 +0000] "POST /admin HTTP/1.1" 200 3084 "-" "python-requests/2.25.1"
172.16.0.2 - - [17/Jun/2025:17:07:32 +0000] "POST /logout HTTP/1.1" 403 1936 "-" "python-requests/2.25.1"
5.6.7.8 - - [17/Jun/2025:03:00:59 +0000] "PUT /logout HTTP/1.1" 200 4082 "-" "Mozilla/5.0 (Windows NT 10.0; Win64; x64)"
5.6.7.8 - - [17/Jun/2025:06:10:09 +0000] "POST /login HTTP/1.1" 500 343 "-" "Mozilla/5.0 (Macintosh; Intel Mac OS X 10_15_7)"
1.2.3.4 - - [18/Jun/2025:01:16:34 +0000] "POST /user/profile HTTP/1.1" 200 2694 "-" "Mozilla/5.0 (Macintosh; Intel Mac OS X 10_15_7)"
8.8.8.8 - - [17/Jun/2025:22:10:51 +0000] "POST /login HTTP/1.1" 200 305 "-" "Mozilla/5.0 (Macintosh; Intel Mac OS X 10_15_7)"
1.2.3.4 - - [17/Jun/2025:12:32:22 +0000] "DELETE /report HTTP/1.1" 200 215 "-" "curl/7.68.0"
123.45.67.89 - - [17/Jun/2025:21:38:38 +0000] "DELETE /user/profile HTTP/1.1" 302 2279 "-" "python-requests/2.25.1"
123.45.67.89 - - [17/Jun/2025:05:20:00 +0000] "POST / HTTP/1.1" 200 2307 "-" "Mozilla/5.0 (Linux; Android 10)"
198.51.100.23 - - [17/Jun/2025:16:28:14 +0000] "GET /logout HTTP/1.1" 401 1508 "-" "SIEMScanner/1.0"
172.16.0.2 - - [17/Jun/2025:16:15:18 +0000] "PUT / HTTP/1.1" 200 995 "-" "SIEMScanner/1.0"
203.0.113.1 - - [17/Jun/2025:05:09:46 +0000] "DELETE /api/data HTTP/1.1" 200 349 "-" "Mozilla/5.0 (Linux; Android 10)"
8.8.8.8 - - [17/Jun/2025:16:41:47 +0000] "DELETE /user/profile HTTP/1.1" 403 709 "-" "python-requests/2.25.1"
192.168.1.10 - - [17/Jun/2025:03:03:03 +0000] "POST /login HTTP/1.1" 200 4345 "-" "SIEMScanner/1.0"
203.0.113.1 - - [17/Jun/2025:23:44:20 +0000] "DELETE /admin HTTP/1.1" 200 1532 "-" "curl/7.68.0"
203.0.113.1 - - [17/Jun/2025:22:14:59 +0000] "PUT /api/data HTTP/1.1" 404 1995 "-" "Mozilla/5.0 (Linux; Android 10)"
8.8.8.8 - - [17/Jun/2025:11:23:37 +0000] "GET / HTTP/1.1" 404 2540 "-" "curl/7.68.0"
5.6.7.8 - - [18/Jun/2025:00:12:35 +0000] "POST /report HTTP/1.1" 404 3426 "-" "curl/7.68.0"
10.0.0.5 - - [17/Jun/2025:12:48:00 +0000] "DELETE /report HTTP/1.1" 200 3912 "-" "Mozilla/5.0 (Linux; Android 10)"
198.51.100.23 - - [17/Jun/2025:08:08:40 +0000] "DELETE /api/data HTTP/1.1" 200 1082 "-" "curl/7.68.0"
192.168.1.10 - - [17/Jun/2025:02:29:22 +0000] "GET /user/profile HTTP/1.1" 403 3264 "-" "python-requests/2.25.1"
5.6.7.8 - - [17/Jun/2025:05:17:39 +0000] "PUT /admin HTTP/1.1" 200 4069 "-" "Mozilla/5.0 (Macintosh; Intel Mac OS X 10_15_7)"
172.16.0.2 - - [17/Jun/2025:10:50:21 +0000] "GET /login HTTP/1.1" 200 2000 "-" "Mozilla/5.0 (Linux; Android 10)"
1.2.3.4 - - [17/Jun/2025:12:03:54 +0000] "GET /report HTTP/1.1" 401 2881 "-" "python-requests/2.25.1"
1.2.3.4 - - [18/Jun/2025:00:05:52 +0000] "GET / HTTP/1.1" 500 4090 "-" "python-requests/2.25.1"
172.16.0.2 - - [17/Jun/2025:21:26:54 +0000] "DELETE /report HTTP/1.1" 403 2184 "-" "python-requests/2.25.1"
111.222.333.444 - - [17/Jun/2025:05:15:14 +0000] "DELETE /login HTTP/1.1" 200 3240 "-" "python-requests/2.25.1"
1.2.3.4 - - [17/Jun/2025:23:54:06 +0000] "PUT /logout HTTP/1.1" 302 217 "-" "Mozilla/5.0 (Windows NT 10.0; Win64; x64)"
8.8.8.8 - - [17/Jun/2025:17:57:36 +0000] "DELETE /api/data HTTP/1.1" 200 3016 "-" "SIEMScanner/1.0"
5.6.7.8 - - [17/Jun/2025:10:38:22 +0000] "PUT /user/profile HTTP/1.1" 404 4698 "-" "Mozilla/5.0 (Windows NT 10.0; Win64; x64)"
8.8.8.8 - - [17/Jun/2025:23:59:43 +0000] "GET /user/profile HTTP/1.1" 302 4978 "-" "SIEMScanner/1.0"
5.6.7.8 - - [17/Jun/2025:04:29:15 +0000] "DELETE /api/data HTTP/1.1" 403 1884 "-" "Mozilla/5.0 (Macintosh; Intel Mac OS X 10_15_7)"
10.0.0.5 - - [17/Jun/2025:13:39:22 +0000] "PUT /logout HTTP/1.1" 404 3881 "-" "SIEMScanner/1.0"
5.6.7.8 - - [17/Jun/2025:11:40:37 +0000] "PUT /api/data HTTP/1.1" 500 1391 "-" "curl/7.68.0"
8.8.8.8 - - [17/Jun/2025:02:51:51 +0000] "POST /logout HTTP/1.1" 500 3621 "-" "Mozilla/5.0 (Windows NT 10.0; Win64; x64)"
5.6.7.8 - - [17/Jun/2025:06:06:37 +0000] "PUT /admin HTTP/1.1" 302 4937 "-" "SIEMScanner/1.0"
111.222.333.444 - - [17/Jun/2025:02:46:38 +0000] "DELETE /user/profile HTTP/1.1" 404 578 "-" "curl/7.68.0"
172.16.0.2 - - [17/Jun/2025:08:25:45 +0000] "PUT /api/data HTTP/1.1" 401 3808 "-" "Mozilla/5.0 (Windows NT 10.0; Win64; x64)"
192.168.1.10 - - [17/Jun/2025:15:53:17 +0000] "GET /login HTTP/1.1" 302 609 "-" "Mozilla/5.0 (Linux; Android 10)"
8.8.8.8 - - [17/Jun/2025:02:50:59 +0000] "DELETE /report HTTP/1.1" 500 735 "-" "Mozilla/5.0 (Linux; Android 10)"
5.6.7.8 - - [17/Jun/2025:03:42:03 +0000] "POST /logout HTTP/1.1" 404 1570 "-" "Mozilla/5.0 (Macintosh; Intel Mac OS X 10_15_7)"
123.45.67.89 - - [17/Jun/2025:06:38:42 +0000] "DELETE /report HTTP/1.1" 200 2731 "-" "Mozilla/5.0 (Linux; Android 10)"
10.0.0.5 - - [17/Jun/2025:03:43:46 +0000] "POST /api/data HTTP/1.1" 302 1986 "-" "python-requests/2.25.1"
192.168.1.10 - - [17/Jun/2025:09:03:29 +0000] "GET /dashboard HTTP/1.1" 500 3429 "-" "Mozilla/5.0 (Windows NT 10.0; Win64; x64)"
5.6.7.8 - - [17/Jun/2025:02:15:54 +0000] "DELETE /dashboard HTTP/1.1" 200 398 "-" "Mozilla/5.0 (Macintosh; Intel Mac OS X 10_15_7)"
5.6.7.8 - - [17/Jun/2025:18:31:22 +0000] "DELETE /logout HTTP/1.1" 200 576 "-" "Mozilla/5.0 (Macintosh; Intel Mac OS X 10_15_7)"
203.0.113.1 - - [17/Jun/2025:05:02:50 +0000] "DELETE /report HTTP/1.1" 401 4106 "-" "Mozilla/5.0 (Linux; Android 10)"
10.0.0.5 - - [17/Jun/2025:21:02:28 +0000] "POST /dashboard HTTP/1.1" 404 435 "-" "Mozilla/5.0 (Windows NT 10.0; Win64; x64)"
203.0.113.1 - - [17/Jun/2025:23:48:39 +0000] "DELETE /logout HTTP/1.1" 302 1114 "-" "python-requests/2.25.1"
192.168.1.10 - - [17/Jun/2025:11:24:14 +0000] "DELETE /user/profile HTTP/1.1" 200 1964 "-" "curl/7.68.0"
111.222.333.444 - - [17/Jun/2025:08:31:13 +0000] "PUT /report HTTP/1.1" 302 839 "-" "curl/7.68.0"
198.51.100.23 - - [17/Jun/2025:02:42:21 +0000] "PUT /api/data HTTP/1.1" 200 3063 "-" "Mozilla/5.0 (Linux; Android 10)"
10.0.0.5 - - [17/Jun/2025:06:21:44 +0000] "GET /admin HTTP/1.1" 200 387 "-" "Mozilla/5.0 (Linux; Android 10)"
198.51.100.23 - - [17/Jun/2025:15:56:07 +0000] "GET /admin HTTP/1.1" 500 637 "-" "python-requests/2.25.1"
1.2.3.4 - - [17/Jun/2025:15:23:54 +0000] "PUT /login HTTP/1.1" 200 1763 "-" "Mozilla/5.0 (Windows NT 10.0; Win64; x64)"
8.8.8.8 - - [17/Jun/2025:14:06:48 +0000] "PUT /api/data HTTP/1.1" 401 691 "-" "curl/7.68.0"
8.8.8.8 - - [17/Jun/2025:09:17:21 +0000] "DELETE /login HTTP/1.1" 302 4244 "-" "python-requests/2.25.1"
198.51.100.23 - - [17/Jun/2025:11:16:47 +0000] "PUT /logout HTTP/1.1" 200 1563 "-" "Mozilla/5.0 (Windows NT 10.0; Win64; x64)"
10.0.0.5 - - [17/Jun/2025:20:22:10 +0000] "GET /login HTTP/1.1" 401 1942 "-" "Mozilla/5.0 (Windows NT 10.0; Win64; x64)"
198.51.100.23 - - [17/Jun/2025:07:39:06 +0000] "PUT /api/data HTTP/1.1" 403 2725 "-" "curl/7.68.0"
5.6.7.8 - - [17/Jun/2025:19:01:07 +0000] "POST /report HTTP/1.1" 401 1258 "-" "Mozilla/5.0 (Linux; Android 10)"
192.168.1.10 - - [17/Jun/2025:10:30:48 +0000] "POST /dashboard HTTP/1.1" 200 3697 "-" "python-requests/2.25.1"
123.45.67.89 - - [17/Jun/2025:19:08:56 +0000] "PUT /admin HTTP/1.1" 401 3666 "-" "Mozilla/5.0 (Linux; Android 10)"
198.51.100.23 - - [18/Jun/2025:00:50:04 +0000] "POST /dashboard HTTP/1.1" 403 2119 "-" "curl/7.68.0"
198.51.100.23 - - [17/Jun/2025:03:04:19 +0000] "GET /logout HTTP/1.1" 200 3884 "-" "Mozilla/5.0 (Windows NT 10.0; Win64; x64)"
111.222.333.444 - - [17/Jun/2025:14:27:00 +0000] "DELETE /dashboard HTTP/1.1" 401 3823 "-" "python-requests/2.25.1"
1.2.3.4 - - [17/Jun/2025:23:29:17 +0000] "GET /user/profile HTTP/1.1" 500 4478 "-" "curl/7.68.0"
123.45.67.89 - - [17/Jun/2025:04:04:12 +0000] "GET /logout HTTP/1.1" 500 4894 "-" "Mozilla/5.0 (Macintosh; Intel Mac OS X 10_15_7)"
203.0.113.1 - - [17/Jun/2025:15:48:38 +0000] "DELETE /report HTTP/1.1" 302 2858 "-" "python-requests/2.25.1"
198.51.100.23 - - [17/Jun/2025:11:48:54 +0000] "GET / HTTP/1.1" 401 3754 "-" "Mozilla/5.0 (Windows NT 10.0; Win64; x64)"
192.168.1.10 - - [17/Jun/2025:21:22:15 +0000] "PUT /user/profile HTTP/1.1" 200 3690 "-" "curl/7.68.0"
10.0.0.5 - - [17/Jun/2025:23:26:53 +0000] "POST / HTTP/1.1" 401 3867 "-" "Mozilla/5.0 (Windows NT 10.0; Win64; x64)"
198.51.100.23 - - [17/Jun/2025:12:08:45 +0000] "DELETE /api/data HTTP/1.1" 200 3210 "-" "python-requests/2.25.1"
192.168.1.10 - - [17/Jun/2025:10:58:20 +0000] "PUT /api/data HTTP/1.1" 200 4254 "-" "python-requests/2.25.1"
123.45.67.89 - - [17/Jun/2025:05:14:59 +0000] "POST /dashboard HTTP/1.1" 403 2792 "-" "curl/7.68.0"
172.16.0.2 - - [17/Jun/2025:11:15:14 +0000] "GET /admin HTTP/1.1" 500 1667 "-" "Mozilla/5.0 (Linux; Android 10)"
5.6.7.8 - - [17/Jun/2025:20:29:42 +0000] "DELETE /dashboard HTTP/1.1" 500 1015 "-" "curl/7.68.0"
198.51.100.23 - - [17/Jun/2025:22:48:15 +0000] "POST /logout HTTP/1.1" 200 3471 "-" "SIEMScanner/1.0"
123.45.67.89 - - [17/Jun/2025:15:05:54 +0000] "DELETE /api/data HTTP/1.1" 302 3942 "-" "Mozilla/5.0 (Windows NT 10.0; Win64; x64)"
5.6.7.8 - - [17/Jun/2025:16:05:23 +0000] "DELETE /api/data HTTP/1.1" 404 4502 "-" "Mozilla/5.0 (Windows NT 10.0; Win64; x64)"
198.51.100.23 - - [17/Jun/2025:21:22:48 +0000] "GET /login HTTP/1.1" 200 521 "-" "Mozilla/5.0 (Linux; Android 10)"
1.2.3.4 - - [17/Jun/2025:17:03:20 +0000] "POST /admin HTTP/1.1" 404 2495 "-" "Mozilla/5.0 (Windows NT 10.0; Win64; x64)"
172.16.0.2 - - [17/Jun/2025:04:57:45 +0000] "DELETE / HTTP/1.1" 302 2082 "-" "curl/7.68.0"
1.2.3.4 - - [17/Jun/2025:10:19:43 +0000] "POST /api/data HTTP/1.1" 200 3600 "-" "Mozilla/5.0 (Macintosh; Intel Mac OS X 10_15_7)"
10.0.0.5 - - [17/Jun/2025:12:41:53 +0000] "DELETE /report HTTP/1.1" 401 3353 "-" "curl/7.68.0"
10.0.0.5 - - [18/Jun/2025:00:19:58 +0000] "DELETE /report HTTP/1.1" 302 1039 "-" "SIEMScanner/1.0"
172.16.0.2 - - [17/Jun/2025:15:13:36 +0000] "DELETE /logout HTTP/1.1" 302 261 "-" "curl/7.68.0"
203.0.113.1 - - [18/Jun/2025:01:46:00 +0000] "POST /admin HTTP/1.1" 404 1286 "-" "python-requests/2.25.1"
172.16.0.2 - - [17/Jun/2025:12:49:34 +0000] "GET / HTTP/1.1" 302 1927 "-" "Mozilla/5.0 (Windows NT 10.0; Win64; x64)"
8.8.8.8 - - [17/Jun/2025:21:31:22 +0000] "DELETE /user/profile HTTP/1.1" 200 3861 "-" "Mozilla/5.0 (Linux; Android 10)"
172.16.0.2 - - [17/Jun/2025:23:20:40 +0000] "POST /user/profile HTTP/1.1" 200 991 "-" "Mozilla/5.0 (Linux; Android 10)"
10.0.0.5 - - [17/Jun/2025:13:44:56 +0000] "PUT /login HTTP/1.1" 200 2668 "-" "Mozilla/5.0 (Linux; Android 10)"
172.16.0.2 - - [17/Jun/2025:19:11:25 +0000] "PUT /api/data HTTP/1.1" 404 764 "-" "Mozilla/5.0 (Windows NT 10.0; Win64; x64)"
8.8.8.8 - - [17/Jun/2025:12:04:01 +0000] "GET /user/profile HTTP/1.1" 401 3238 "-" "Mozilla/5.0 (Macintosh; Intel Mac OS X 10_15_7)"
198.51.100.23 - - [17/Jun/2025:11:40:45 +0000] "PUT /dashboard HTTP/1.1" 302 4270 "-" "Mozilla/5.0 (Linux; Android 10)"
1.2.3.4 - - [18/Jun/2025:00:26:17 +0000] "PUT /logout HTTP/1.1" 404 870 "-" "Mozilla/5.0 (Macintosh; Intel Mac OS X 10_15_7)"
123.45.67.89 - - [17/Jun/2025:15:37:34 +0000] "GET /logout HTTP/1.1" 200 4577 "-" "Mozilla/5.0 (Linux; Android 10)"
172.16.0.2 - - [17/Jun/2025:10:50:12 +0000] "POST / HTTP/1.1" 302 4842 "-" "Mozilla/5.0 (Windows NT 10.0; Win64; x64)"
8.8.8.8 - - [17/Jun/2025:19:32:42 +0000] "GET /api/data HTTP/1.1" 401 1369 "-" "python-requests/2.25.1"
192.168.1.10 - - [17/Jun/2025:22:28:27 +0000] "GET /api/data HTTP/1.1" 200 1335 "-" "curl/7.68.0"
192.168.1.10 - - [17/Jun/2025:19:42:50 +0000] "POST /login HTTP/1.1" 403 1434 "-" "SIEMScanner/1.0"
123.45.67.89 - - [17/Jun/2025:16:38:06 +0000] "DELETE /report HTTP/1.1" 200 1751 "-" "SIEMScanner/1.0"
111.222.333.444 - - [17/Jun/2025:02:23:37 +0000] "DELETE /login HTTP/1.1" 500 2535 "-" "curl/7.68.0"
123.45.67.89 - - [17/Jun/2025:11:39:00 +0000] "POST /logout HTTP/1.1" 401 1751 "-" "SIEMScanner/1.0"
5.6.7.8 - - [17/Jun/2025:22:49:18 +0000] "PUT /dashboard HTTP/1.1" 401 4952 "-" "Mozilla/5.0 (Windows NT 10.0; Win64; x64)"
5.6.7.8 - - [17/Jun/2025:05:36:55 +0000] "POST / HTTP/1.1" 500 2508 "-" "Mozilla/5.0 (Linux; Android 10)"
203.0.113.1 - - [17/Jun/2025:20:21:07 +0000] "POST /dashboard HTTP/1.1" 200 2337 "-" "Mozilla/5.0 (Linux; Android 10)"
5.6.7.8 - - [17/Jun/2025:05:37:52 +0000] "PUT /login HTTP/1.1" 401 3640 "-" "Mozilla/5.0 (Macintosh; Intel Mac OS X 10_15_7)"
10.0.0.5 - - [17/Jun/2025:12:39:06 +0000] "POST /admin HTTP/1.1" 404 3752 "-" "python-requests/2.25.1"
1.2.3.4 - - [17/Jun/2025:06:53:23 +0000] "GET /dashboard HTTP/1.1" 200 3032 "-" "python-requests/2.25.1"
198.51.100.23 - - [17/Jun/2025:15:26:01 +0000] "PUT /logout HTTP/1.1" 500 772 "-" "curl/7.68.0"
5.6.7.8 - - [17/Jun/2025:18:13:14 +0000] "DELETE /api/data HTTP/1.1" 401 1086 "-" "curl/7.68.0"
10.0.0.5 - - [17/Jun/2025:18:38:11 +0000] "GET / HTTP/1.1" 302 4063 "-" "Mozilla/5.0 (Macintosh; Intel Mac OS X 10_15_7)"
111.222.333.444 - - [17/Jun/2025:08:48:17 +0000] "GET /dashboard HTTP/1.1" 200 828 "-" "Mozilla/5.0 (Windows NT 10.0; Win64; x64)"
123.45.67.89 - - [17/Jun/2025:12:36:18 +0000] "POST /admin HTTP/1.1" 404 1764 "-" "python-requests/2.25.1"
5.6.7.8 - - [17/Jun/2025:21:41:47 +0000] "GET /admin HTTP/1.1" 401 933 "-" "Mozilla/5.0 (Windows NT 10.0; Win64; x64)"
198.51.100.23 - - [18/Jun/2025:00:21:31 +0000] "POST /dashboard HTTP/1.1" 500 830 "-" "python-requests/2.25.1"
203.0.113.1 - - [17/Jun/2025:13:26:00 +0000] "DELETE /admin HTTP/1.1" 404 1788 "-" "Mozilla/5.0 (Macintosh; Intel Mac OS X 10_15_7)"
8.8.8.8 - - [17/Jun/2025:02:48:40 +0000] "GET /logout HTTP/1.1" 500 3682 "-" "Mozilla/5.0 (Windows NT 10.0; Win64; x64)"
5.6.7.8 - - [17/Jun/2025:10:16:24 +0000] "GET /api/data HTTP/1.1" 401 3360 "-" "Mozilla/5.0 (Windows NT 10.0; Win64; x64)"
198.51.100.23 - - [17/Jun/2025:14:38:08 +0000] "DELETE /report HTTP/1.1" 200 513 "-" "Mozilla/5.0 (Linux; Android 10)"
1.2.3.4 - - [17/Jun/2025:07:53:45 +0000] "DELETE /admin HTTP/1.1" 404 360 "-" "Mozilla/5.0 (Macintosh; Intel Mac OS X 10_15_7)"
198.51.100.23 - - [17/Jun/2025:16:48:26 +0000] "PUT /logout HTTP/1.1" 401 4686 "-" "python-requests/2.25.1"
192.168.1.10 - - [17/Jun/2025:06:35:12 +0000] "DELETE /user/profile HTTP/1.1" 401 3118 "-" "python-requests/2.25.1"
123.45.67.89 - - [17/Jun/2025:23:37:38 +0000] "POST /report HTTP/1.1" 200 606 "-" "python-requests/2.25.1"
123.45.67.89 - - [17/Jun/2025:03:10:15 +0000] "DELETE /admin HTTP/1.1" 200 3436 "-" "Mozilla/5.0 (Macintosh; Intel Mac OS X 10_15_7)"
10.0.0.5 - - [17/Jun/2025:06:55:33 +0000] "POST /login HTTP/1.1" 302 2028 "-" "Mozilla/5.0 (Macintosh; Intel Mac OS X 10_15_7)"
172.16.0.2 - - [17/Jun/2025:03:40:46 +0000] "POST /admin HTTP/1.1" 401 3861 "-" "Mozilla/5.0 (Windows NT 10.0; Win64; x64)"
10.0.0.5 - - [17/Jun/2025:15:09:36 +0000] "DELETE /user/profile HTTP/1.1" 403 3185 "-" "Mozilla/5.0 (Macintosh; Intel Mac OS X 10_15_7)"
172.16.0.2 - - [17/Jun/2025:07:21:38 +0000] "GET /api/data HTTP/1.1" 401 3545 "-" "Mozilla/5.0 (Macintosh; Intel Mac OS X 10_15_7)"
198.51.100.23 - - [17/Jun/2025:06:49:08 +0000] "GET / HTTP/1.1" 403 2694 "-" "Mozilla/5.0 (Windows NT 10.0; Win64; x64)"
1.2.3.4 - - [17/Jun/2025:12:25:15 +0000] "POST /login HTTP/1.1" 500 492 "-" "Mozilla/5.0 (Macintosh; Intel Mac OS X 10_15_7)"
1.2.3.4 - - [17/Jun/2025:06:44:54 +0000] "DELETE / HTTP/1.1" 200 1208 "-" "curl/7.68.0"
10.0.0.5 - - [17/Jun/2025:16:48:16 +0000] "GET /admin HTTP/1.1" 403 2307 "-" "Mozilla/5.0 (Linux; Android 10)"
5.6.7.8 - - [17/Jun/2025:18:27:30 +0000] "PUT / HTTP/1.1" 403 2936 "-" "Mozilla/5.0 (Macintosh; Intel Mac OS X 10_15_7)"
172.16.0.2 - - [17/Jun/2025:20:30:14 +0000] "POST /admin HTTP/1.1" 500 4661 "-" "Mozilla/5.0 (Windows NT 10.0; Win64; x64)"
172.16.0.2 - - [17/Jun/2025:23:13:25 +0000] "DELETE /dashboard HTTP/1.1" 302 2387 "-" "Mozilla/5.0 (Windows NT 10.0; Win64; x64)"
111.222.333.444 - - [17/Jun/2025:05:02:40 +0000] "PUT /report HTTP/1.1" 401 3377 "-" "curl/7.68.0"
5.6.7.8 - - [17/Jun/2025:12:55:31 +0000] "POST /logout HTTP/1.1" 302 220 "-" "curl/7.68.0"
111.222.333.444 - - [17/Jun/2025:22:07:01 +0000] "GET /admin HTTP/1.1" 401 744 "-" "python-requests/2.25.1"
10.0.0.5 - - [17/Jun/2025:03:22:25 +0000] "POST /admin HTTP/1.1" 500 3376 "-" "Mozilla/5.0 (Macintosh; Intel Mac OS X 10_15_7)"
111.222.333.444 - - [17/Jun/2025:02:46:03 +0000] "GET /admin HTTP/1.1" 200 1857 "-" "curl/7.68.0"
198.51.100.23 - - [17/Jun/2025:09:07:12 +0000] "PUT /logout HTTP/1.1" 401 2812 "-" "Mozilla/5.0 (Windows NT 10.0; Win64; x64)"
8.8.8.8 - - [17/Jun/2025:16:24:06 +0000] "POST /login HTTP/1.1" 404 4084 "-" "curl/7.68.0"
123.45.67.89 - - [17/Jun/2025:09:17:37 +0000] "POST /dashboard HTTP/1.1" 401 4924 "-" "Mozilla/5.0 (Windows NT 10.0; Win64; x64)"
5.6.7.8 - - [17/Jun/2025:08:01:39 +0000] "POST /api/data HTTP/1.1" 200 4054 "-" "python-requests/2.25.1"
10.0.0.5 - - [17/Jun/2025:06:32:51 +0000] "GET /user/profile HTTP/1.1" 401 360 "-" "Mozilla/5.0 (Windows NT 10.0; Win64; x64)"
1.2.3.4 - - [17/Jun/2025:03:23:02 +0000] "POST /logout HTTP/1.1" 403 2568 "-" "curl/7.68.0"
5.6.7.8 - - [17/Jun/2025:12:45:54 +0000] "DELETE /api/data HTTP/1.1" 200 3998 "-" "curl/7.68.0"
203.0.113.1 - - [18/Jun/2025:00:55:03 +0000] "POST /logout HTTP/1.1" 404 2422 "-" "SIEMScanner/1.0"
8.8.8.8 - - [17/Jun/2025:13:03:15 +0000] "PUT /admin HTTP/1.1" 200 2118 "-" "SIEMScanner/1.0"
123.45.67.89 - - [17/Jun/2025:18:51:30 +0000] "DELETE /dashboard HTTP/1.1" 401 2320 "-" "python-requests/2.25.1"
198.51.100.23 - - [17/Jun/2025:04:14:09 +0000] "POST /user/profile HTTP/1.1" 200 2851 "-" "Mozilla/5.0 (Windows NT 10.0; Win64; x64)"
203.0.113.1 - - [17/Jun/2025:08:31:54 +0000] "GET /user/profile HTTP/1.1" 200 571 "-" "Mozilla/5.0 (Windows NT 10.0; Win64; x64)"
123.45.67.89 - - [17/Jun/2025:18:38:05 +0000] "GET / HTTP/1.1" 404 433 "-" "Mozilla/5.0 (Macintosh; Intel Mac OS X 10_15_7)"
172.16.0.2 - - [17/Jun/2025:09:59:17 +0000] "GET / HTTP/1.1" 200 4099 "-" "python-requests/2.25.1"
111.222.333.444 - - [17/Jun/2025:19:35:44 +0000] "GET /login HTTP/1.1" 200 4789 "-" "python-requests/2.25.1"
8.8.8.8 - - [17/Jun/2025:07:26:20 +0000] "PUT /logout HTTP/1.1" 200 1223 "-" "Mozilla/5.0 (Linux; Android 10)"
198.51.100.23 - - [17/Jun/2025:06:24:14 +0000] "PUT /logout HTTP/1.1" 404 2081 "-" "Mozilla/5.0 (Linux; Android 10)"
203.0.113.1 - - [17/Jun/2025:09:41:42 +0000] "PUT /dashboard HTTP/1.1" 500 3204 "-" "Mozilla/5.0 (Windows NT 10.0; Win64; x64)"
198.51.100.23 - - [17/Jun/2025:20:58:11 +0000] "GET /login HTTP/1.1" 302 3450 "-" "Mozilla/5.0 (Windows NT 10.0; Win64; x64)"
10.0.0.5 - - [17/Jun/2025:18:23:09 +0000] "GET /logout HTTP/1.1" 403 3337 "-" "python-requests/2.25.1"
192.168.1.10 - - [17/Jun/2025:18:45:33 +0000] "DELETE /logout HTTP/1.1" 404 1490 "-" "python-requests/2.25.1"
8.8.8.8 - - [17/Jun/2025:14:38:17 +0000] "POST /report HTTP/1.1" 500 1900 "-" "curl/7.68.0"
8.8.8.8 - - [18/Jun/2025:01:33:28 +0000] "DELETE /user/profile HTTP/1.1" 302 3890 "-" "Mozilla/5.0 (Macintosh; Intel Mac OS X 10_15_7)"
203.0.113.1 - - [18/Jun/2025:01:07:41 +0000] "GET /admin HTTP/1.1" 200 242 "-" "curl/7.68.0"
5.6.7.8 - - [17/Jun/2025:22:26:40 +0000] "POST /logout HTTP/1.1" 404 840 "-" "Mozilla/5.0 (Windows NT 10.0; Win64; x64)"
5.6.7.8 - - [17/Jun/2025:21:16:34 +0000] "POST /login HTTP/1.1" 500 4110 "-" "Mozilla/5.0 (Windows NT 10.0; Win64; x64)"
123.45.67.89 - - [18/Jun/2025:01:38:18 +0000] "GET /login HTTP/1.1" 401 1366 "-" "python-requests/2.25.1"
10.0.0.5 - - [17/Jun/2025:14:28:43 +0000] "GET /api/data HTTP/1.1" 401 4704 "-" "Mozilla/5.0 (Linux; Android 10)"
8.8.8.8 - - [17/Jun/2025:20:04:19 +0000] "DELETE / HTTP/1.1" 403 443 "-" "Mozilla/5.0 (Linux; Android 10)"
8.8.8.8 - - [17/Jun/2025:05:47:33 +0000] "DELETE / HTTP/1.1" 302 2188 "-" "python-requests/2.25.1"
5.6.7.8 - - [17/Jun/2025:13:57:03 +0000] "DELETE /user/profile HTTP/1.1" 404 3859 "-" "Mozilla/5.0 (Linux; Android 10)"
198.51.100.23 - - [17/Jun/2025:14:07:03 +0000] "POST /admin HTTP/1.1" 200 439 "-" "Mozilla/5.0 (Linux; Android 10)"
192.168.1.10 - - [17/Jun/2025:21:12:10 +0000] "POST /logout HTTP/1.1" 403 2327 "-" "Mozilla/5.0 (Macintosh; Intel Mac OS X 10_15_7)"
203.0.113.1 - - [17/Jun/2025:12:46:33 +0000] "PUT /login HTTP/1.1" 200 441 "-" "Mozilla/5.0 (Windows NT 10.0; Win64; x64)"
10.0.0.5 - - [17/Jun/2025:19:33:42 +0000] "POST /login HTTP/1.1" 200 2934 "-" "SIEMScanner/1.0"
5.6.7.8 - - [17/Jun/2025:02:42:02 +0000] "GET /user/profile HTTP/1.1" 404 3498 "-" "Mozilla/5.0 (Macintosh; Intel Mac OS X 10_15_7)"
10.0.0.5 - - [17/Jun/2025:05:56:08 +0000] "GET /logout HTTP/1.1" 404 3364 "-" "Mozilla/5.0 (Linux; Android 10)"
1.2.3.4 - - [17/Jun/2025:20:35:37 +0000] "GET /api/data HTTP/1.1" 403 2521 "-" "SIEMScanner/1.0"
5.6.7.8 - - [17/Jun/2025:10:57:01 +0000] "PUT /report HTTP/1.1" 403 3959 "-" "SIEMScanner/1.0"
198.51.100.23 - - [17/Jun/2025:15:58:52 +0000] "GET /login HTTP/1.1" 500 1422 "-" "curl/7.68.0"
198.51.100.23 - - [17/Jun/2025:07:40:11 +0000] "POST /login HTTP/1.1" 401 3171 "-" "Mozilla/5.0 (Macintosh; Intel Mac OS X 10_15_7)"
10.0.0.5 - - [17/Jun/2025:06:37:08 +0000] "PUT /report HTTP/1.1" 403 182 "-" "Mozilla/5.0 (Windows NT 10.0; Win64; x64)"
10.0.0.5 - - [18/Jun/2025:01:03:05 +0000] "POST /admin HTTP/1.1" 500 3977 "-" "curl/7.68.0"
192.168.1.10 - - [17/Jun/2025:15:55:21 +0000] "DELETE /dashboard HTTP/1.1" 401 1107 "-" "python-requests/2.25.1"
192.168.1.10 - - [17/Jun/2025:04:26:52 +0000] "PUT /report HTTP/1.1" 200 1467 "-" "Mozilla/5.0 (Windows NT 10.0; Win64; x64)"
1.2.3.4 - - [17/Jun/2025:08:03:16 +0000] "DELETE / HTTP/1.1" 302 4814 "-" "python-requests/2.25.1"
10.0.0.5 - - [17/Jun/2025:15:59:28 +0000] "DELETE /report HTTP/1.1" 401 4582 "-" "python-requests/2.25.1"
203.0.113.1 - - [17/Jun/2025:22:57:26 +0000] "DELETE / HTTP/1.1" 404 4408 "-" "python-requests/2.25.1"
198.51.100.23 - - [17/Jun/2025:19:16:04 +0000] "GET /dashboard HTTP/1.1" 500 2338 "-" "Mozilla/5.0 (Windows NT 10.0; Win64; x64)"
111.222.333.444 - - [17/Jun/2025:21:38:16 +0000] "GET /logout HTTP/1.1" 200 2505 "-" "python-requests/2.25.1"
10.0.0.5 - - [17/Jun/2025:21:32:42 +0000] "PUT /admin HTTP/1.1" 200 2153 "-" "Mozilla/5.0 (Macintosh; Intel Mac OS X 10_15_7)"
1.2.3.4 - - [17/Jun/2025:13:06:12 +0000] "DELETE /logout HTTP/1.1" 200 369 "-" "python-requests/2.25.1"
10.0.0.5 - - [17/Jun/2025:20:10:08 +0000] "DELETE /admin HTTP/1.1" 200 4536 "-" "Mozilla/5.0 (Macintosh; Intel Mac OS X 10_15_7)"
1.2.3.4 - - [17/Jun/2025:16:37:38 +0000] "PUT /admin HTTP/1.1" 403 4101 "-" "curl/7.68.0"
123.45.67.89 - - [17/Jun/2025:05:37:41 +0000] "POST / HTTP/1.1" 302 4858 "-" "Mozilla/5.0 (Macintosh; Intel Mac OS X 10_15_7)"
