111.222.333.444 - - [17/Jun/2025:08:09:49 +0000] "POST /report HTTP/1.1" 403 1230 "-" "Mozilla/5.0 (Macintosh; Intel Mac OS X 10_15_7)"
8.8.8.8 - - [17/Jun/2025:05:15:56 +0000] "POST /report HTTP/1.1" 500 3731 "-" "Mozilla/5.0 (Linux; Android 10)"
123.45.67.89 - - [17/Jun/2025:08:56:21 +0000] "PUT /report HTTP/1.1" 403 3087 "-" "Mozilla/5.0 (Linux; Android 10)"
123.45.67.89 - - [17/Jun/2025:07:47:10 +0000] "PUT /api/data HTTP/1.1" 200 2214 "-" "Mozilla/5.0 (Windows NT 10.0; Win64; x64)"
5.6.7.8 - - [17/Jun/2025:17:21:09 +0000] "DELETE /logout HTTP/1.1" 403 3713 "-" "Mozilla/5.0 (Linux; Android 10)"
111.222.333.444 - - [17/Jun/2025:14:12:00 +0000] "GET /api/data HTTP/1.1" 200 4214 "-" "curl/7.68.0"
192.168.1.10 - - [17/Jun/2025:13:00:08 +0000] "DELETE / HTTP/1.1" 403 3844 "-" "Mozilla/5.0 (Linux; Android 10)"
123.45.67.89 - - [17/Jun/2025:13:30:52 +0000] "GET /login HTTP/1.1" 200 3976 "-" "curl/7.68.0"
198.51.100.23 - - [17/Jun/2025:20:00:26 +0000] "DELETE /dashboard HTTP/1.1" 302 2508 "-" "Mozilla/5.0 (Macintosh; Intel Mac OS X 10_15_7)"
1.2.3.4 - - [17/Jun/2025:10:01:36 +0000] "PUT /admin HTTP/1.1" 302 4225 "-" "Mozilla/5.0 (Windows NT 10.0; Win64; x64)"
8.8.8.8 - - [17/Jun/2025:15:26:11 +0000] "PUT /admin HTTP/1.1" 403 1667 "-" "python-requests/2.25.1"
192.168.1.10 - - [17/Jun/2025:23:31:08 +0000] "GET /admin HTTP/1.1" 200 3004 "-" "Mozilla/5.0 (Macintosh; Intel Mac OS X 10_15_7)"
8.8.8.8 - - [17/Jun/2025:21:02:52 +0000] "PUT /user/profile HTTP/1.1" 200 1678 "-" "SIEMScanner/1.0"
10.0.0.5 - - [17/Jun/2025:10:05:57 +0000] "POST /login HTTP/1.1" 302 2795 "-" "Mozilla/5.0 (Macintosh; Intel Mac OS X 10_15_7)"
203.0.113.1 - - [17/Jun/2025:18:38:12 +0000] "PUT /user/profile HTTP/1.1" 404 4183 "-" "Mozilla/5.0 (Windows NT 10.0; Win64; x64)"
172.16.0.2 - - [17/Jun/2025:22:02:31 +0000] "PUT /admin HTTP/1.1" 200 3385 "-" "SIEMScanner/1.0"
5.6.7.8 - - [17/Jun/2025:03:02:44 +0000] "POST / HTTP/1.1" 404 2732 "-" "Mozilla/5.0 (Windows NT 10.0; Win64; x64)"
5.6.7.8 - - [17/Jun/2025:12:25:02 +0000] "DELETE /api/data HTTP/1.1" 404 2105 "-" "Mozilla/5.0 (Macintosh; Intel Mac OS X 10_15_7)"
203.0.113.1 - - [17/Jun/2025:22:10:27 +0000] "DELETE /report HTTP/1.1" 404 3340 "-" "curl/7.68.0"
5.6.7.8 - - [17/Jun/2025:18:18:16 +0000] "POST / HTTP/1.1" 404 3549 "-" "python-requests/2.25.1"
198.51.100.23 - - [17/Jun/2025:19:30:45 +0000] "POST /dashboard HTTP/1.1" 200 1994 "-" "SIEMScanner/1.0"
172.16.0.2 - - [17/Jun/2025:23:05:08 +0000] "PUT /user/profile HTTP/1.1" 302 3023 "-" "Mozilla/5.0 (Windows NT 10.0; Win64; x64)"
10.0.0.5 - - [17/Jun/2025:02:20:57 +0000] "DELETE /user/profile HTTP/1.1" 200 1988 "-" "python-requests/2.25.1"
111.222.333.444 - - [17/Jun/2025:16:14:59 +0000] "DELETE / HTTP/1.1" 500 3295 "-" "SIEMScanner/1.0"
5.6.7.8 - - [17/Jun/2025:08:43:04 +0000] "DELETE /login HTTP/1.1" 200 3419 "-" "Mozilla/5.0 (Macintosh; Intel Mac OS X 10_15_7)"
5.6.7.8 - - [17/Jun/2025:20:22:55 +0000] "DELETE / HTTP/1.1" 302 4409 "-" "Mozilla/5.0 (Macintosh; Intel Mac OS X 10_15_7)"
172.16.0.2 - - [17/Jun/2025:02:43:54 +0000] "PUT /report HTTP/1.1" 200 3094 "-" "SIEMScanner/1.0"
5.6.7.8 - - [17/Jun/2025:15:20:11 +0000] "PUT /login HTTP/1.1" 200 4502 "-" "Mozilla/5.0 (Windows NT 10.0; Win64; x64)"
111.222.333.444 - - [17/Jun/2025:14:22:21 +0000] "GET / HTTP/1.1" 302 3648 "-" "Mozilla/5.0 (Linux; Android 10)"
1.2.3.4 - - [17/Jun/2025:17:30:47 +0000] "GET /report HTTP/1.1" 500 3254 "-" "python-requests/2.25.1"
111.222.333.444 - - [17/Jun/2025:07:17:21 +0000] "PUT /logout HTTP/1.1" 200 3790 "-" "Mozilla/5.0 (Macintosh; Intel Mac OS X 10_15_7)"
192.168.1.10 - - [17/Jun/2025:04:45:46 +0000] "GET /dashboard HTTP/1.1" 302 1473 "-" "SIEMScanner/1.0"
203.0.113.1 - - [17/Jun/2025:20:58:30 +0000] "PUT /admin HTTP/1.1" 200 2924 "-" "python-requests/2.25.1"
172.16.0.2 - - [17/Jun/2025:09:21:31 +0000] "DELETE /dashboard HTTP/1.1" 200 2197 "-" "curl/7.68.0"
10.0.0.5 - - [17/Jun/2025:02:08:51 +0000] "POST /user/profile HTTP/1.1" 200 124 "-" "SIEMScanner/1.0"
1.2.3.4 - - [17/Jun/2025:02:01:55 +0000] "PUT /login HTTP/1.1" 200 4105 "-" "python-requests/2.25.1"
203.0.113.1 - - [17/Jun/2025:16:49:06 +0000] "PUT /user/profile HTTP/1.1" 200 3838 "-" "curl/7.68.0"
172.16.0.2 - - [17/Jun/2025:20:36:29 +0000] "PUT /admin HTTP/1.1" 401 3661 "-" "SIEMScanner/1.0"
111.222.333.444 - - [17/Jun/2025:20:25:00 +0000] "DELETE / HTTP/1.1" 401 4746 "-" "Mozilla/5.0 (Macintosh; Intel Mac OS X 10_15_7)"
198.51.100.23 - - [17/Jun/2025:09:56:56 +0000] "POST /user/profile HTTP/1.1" 200 906 "-" "Mozilla/5.0 (Linux; Android 10)"
192.168.1.10 - - [17/Jun/2025:12:21:05 +0000] "DELETE /dashboard HTTP/1.1" 200 3139 "-" "curl/7.68.0"
111.222.333.444 - - [17/Jun/2025:17:51:37 +0000] "DELETE /user/profile HTTP/1.1" 302 2085 "-" "python-requests/2.25.1"
111.222.333.444 - - [17/Jun/2025:08:09:59 +0000] "POST /admin HTTP/1.1" 302 4189 "-" "Mozilla/5.0 (Linux; Android 10)"
10.0.0.5 - - [17/Jun/2025:21:56:06 +0000] "POST /dashboard HTTP/1.1" 404 880 "-" "curl/7.68.0"
192.168.1.10 - - [17/Jun/2025:06:08:25 +0000] "GET /logout HTTP/1.1" 500 949 "-" "python-requests/2.25.1"
123.45.67.89 - - [17/Jun/2025:16:53:45 +0000] "POST /report HTTP/1.1" 200 2157 "-" "Mozilla/5.0 (Linux; Android 10)"
172.16.0.2 - - [17/Jun/2025:08:37:10 +0000] "POST /report HTTP/1.1" 403 3573 "-" "Mozilla/5.0 (Macintosh; Intel Mac OS X 10_15_7)"
172.16.0.2 - - [17/Jun/2025:13:58:43 +0000] "POST /dashboard HTTP/1.1" 200 4532 "-" "python-requests/2.25.1"
172.16.0.2 - - [18/Jun/2025:01:03:21 +0000] "POST /report HTTP/1.1" 401 3126 "-" "Mozilla/5.0 (Macintosh; Intel Mac OS X 10_15_7)"
198.51.100.23 - - [17/Jun/2025:06:20:36 +0000] "GET /dashboard HTTP/1.1" 200 3026 "-" "Mozilla/5.0 (Linux; Android 10)"
123.45.67.89 - - [17/Jun/2025:19:46:19 +0000] "GET /login HTTP/1.1" 404 1319 "-" "Mozilla/5.0 (Linux; Android 10)"
192.168.1.10 - - [17/Jun/2025:05:04:53 +0000] "GET /dashboard HTTP/1.1" 403 1085 "-" "curl/7.68.0"
10.0.0.5 - - [18/Jun/2025:01:08:24 +0000] "DELETE /admin HTTP/1.1" 401 4888 "-" "SIEMScanner/1.0"
198.51.100.23 - - [17/Jun/2025:11:49:38 +0000] "PUT /user/profile HTTP/1.1" 200 507 "-" "curl/7.68.0"
8.8.8.8 - - [17/Jun/2025:07:19:37 +0000] "DELETE /dashboard HTTP/1.1" 200 4416 "-" "curl/7.68.0"
192.168.1.10 - - [18/Jun/2025:01:03:38 +0000] "GET /dashboard HTTP/1.1" 200 3456 "-" "Mozilla/5.0 (Linux; Android 10)"
8.8.8.8 - - [18/Jun/2025:01:20:53 +0000] "POST /admin HTTP/1.1" 401 3906 "-" "curl/7.68.0"
111.222.333.444 - - [17/Jun/2025:02:25:01 +0000] "DELETE / HTTP/1.1" 500 3303 "-" "Mozilla/5.0 (Linux; Android 10)"
1.2.3.4 - - [17/Jun/2025:15:58:16 +0000] "GET /login HTTP/1.1" 200 2180 "-" "Mozilla/5.0 (Windows NT 10.0; Win64; x64)"
123.45.67.89 - - [17/Jun/2025:14:08:53 +0000] "POST /report HTTP/1.1" 403 4131 "-" "curl/7.68.0"
192.168.1.10 - - [17/Jun/2025:10:37:12 +0000] "POST /api/data HTTP/1.1" 200 3604 "-" "Mozilla/5.0 (Macintosh; Intel Mac OS X 10_15_7)"
5.6.7.8 - - [17/Jun/2025:16:24:25 +0000] "PUT /logout HTTP/1.1" 302 604 "-" "Mozilla/5.0 (Windows NT 10.0; Win64; x64)"
8.8.8.8 - - [17/Jun/2025:13:51:44 +0000] "GET / HTTP/1.1" 200 1338 "-" "Mozilla/5.0 (Macintosh; Intel Mac OS X 10_15_7)"
192.168.1.10 - - [17/Jun/2025:14:25:38 +0000] "DELETE /logout HTTP/1.1" 500 3493 "-" "SIEMScanner/1.0"
8.8.8.8 - - [17/Jun/2025:11:31:34 +0000] "PUT / HTTP/1.1" 500 1245 "-" "SIEMScanner/1.0"
203.0.113.1 - - [17/Jun/2025:15:00:54 +0000] "DELETE /logout HTTP/1.1" 200 4261 "-" "curl/7.68.0"
5.6.7.8 - - [17/Jun/2025:03:27:39 +0000] "PUT /api/data HTTP/1.1" 200 2021 "-" "curl/7.68.0"
5.6.7.8 - - [17/Jun/2025:16:18:53 +0000] "GET /login HTTP/1.1" 302 4097 "-" "curl/7.68.0"
192.168.1.10 - - [17/Jun/2025:04:15:55 +0000] "DELETE /user/profile HTTP/1.1" 200 2288 "-" "python-requests/2.25.1"
172.16.0.2 - - [17/Jun/2025:11:45:28 +0000] "POST / HTTP/1.1" 404 328 "-" "SIEMScanner/1.0"
192.168.1.10 - - [17/Jun/2025:03:57:38 +0000] "POST /logout HTTP/1.1" 200 4412 "-" "SIEMScanner/1.0"
192.168.1.10 - - [17/Jun/2025:07:18:07 +0000] "PUT /api/data HTTP/1.1" 401 4940 "-" "Mozilla/5.0 (Linux; Android 10)"
10.0.0.5 - - [17/Jun/2025:14:10:15 +0000] "PUT / HTTP/1.1" 302 2536 "-" "Mozilla/5.0 (Linux; Android 10)"
5.6.7.8 - - [17/Jun/2025:13:19:48 +0000] "GET /login HTTP/1.1" 401 883 "-" "Mozilla/5.0 (Linux; Android 10)"
172.16.0.2 - - [17/Jun/2025:15:11:39 +0000] "DELETE /dashboard HTTP/1.1" 302 4189 "-" "curl/7.68.0"
10.0.0.5 - - [17/Jun/2025:06:12:32 +0000] "PUT /report HTTP/1.1" 401 990 "-" "SIEMScanner/1.0"
10.0.0.5 - - [17/Jun/2025:22:33:22 +0000] "GET /api/data HTTP/1.1" 200 2704 "-" "Mozilla/5.0 (Linux; Android 10)"
192.168.1.10 - - [17/Jun/2025:02:42:57 +0000] "DELETE /login HTTP/1.1" 404 4011 "-" "SIEMScanner/1.0"
123.45.67.89 - - [17/Jun/2025:06:36:25 +0000] "GET /logout HTTP/1.1" 200 4863 "-" "Mozilla/5.0 (Macintosh; Intel Mac OS X 10_15_7)"
198.51.100.23 - - [18/Jun/2025:00:33:23 +0000] "DELETE / HTTP/1.1" 200 719 "-" "SIEMScanner/1.0"
123.45.67.89 - - [17/Jun/2025:02:50:51 +0000] "GET /user/profile HTTP/1.1" 200 4731 "-" "Mozilla/5.0 (Windows NT 10.0; Win64; x64)"
172.16.0.2 - - [17/Jun/2025:05:45:03 +0000] "PUT /dashboard HTTP/1.1" 500 2454 "-" "SIEMScanner/1.0"
8.8.8.8 - - [17/Jun/2025:23:13:11 +0000] "PUT /user/profile HTTP/1.1" 200 4950 "-" "Mozilla/5.0 (Macintosh; Intel Mac OS X 10_15_7)"
8.8.8.8 - - [17/Jun/2025:19:54:03 +0000] "PUT / HTTP/1.1" 302 1172 "-" "curl/7.68.0"
111.222.333.444 - - [17/Jun/2025:19:27:13 +0000] "DELETE / HTTP/1.1" 302 4221 "-" "Mozilla/5.0 (Macintosh; Intel Mac OS X 10_15_7)"
123.45.67.89 - - [17/Jun/2025:14:39:22 +0000] "GET /login HTTP/1.1" 500 3688 "-" "SIEMScanner/1.0"
172.16.0.2 - - [17/Jun/2025:16:37:00 +0000] "PUT /user/profile HTTP/1.1" 200 3234 "-" "Mozilla/5.0 (Linux; Android 10)"
172.16.0.2 - - [17/Jun/2025:17:19:05 +0000] "POST /api/data HTTP/1.1" 401 2716 "-" "Mozilla/5.0 (Linux; Android 10)"
1.2.3.4 - - [18/Jun/2025:00:31:55 +0000] "GET /user/profile HTTP/1.1" 200 3755 "-" "python-requests/2.25.1"
198.51.100.23 - - [17/Jun/2025:09:50:31 +0000] "PUT /admin HTTP/1.1" 401 1822 "-" "python-requests/2.25.1"
172.16.0.2 - - [17/Jun/2025:09:49:19 +0000] "POST /login HTTP/1.1" 200 3720 "-" "SIEMScanner/1.0"
1.2.3.4 - - [17/Jun/2025:20:11:41 +0000] "DELETE /api/data HTTP/1.1" 302 4150 "-" "curl/7.68.0"
192.168.1.10 - - [17/Jun/2025:07:56:22 +0000] "DELETE /user/profile HTTP/1.1" 404 2586 "-" "python-requests/2.25.1"
111.222.333.444 - - [17/Jun/2025:21:54:35 +0000] "POST /logout HTTP/1.1" 200 4790 "-" "SIEMScanner/1.0"
1.2.3.4 - - [18/Jun/2025:00:26:58 +0000] "GET /logout HTTP/1.1" 500 685 "-" "SIEMScanner/1.0"
111.222.333.444 - - [17/Jun/2025:10:53:21 +0000] "GET /logout HTTP/1.1" 200 2319 "-" "Mozilla/5.0 (Macintosh; Intel Mac OS X 10_15_7)"
111.222.333.444 - - [17/Jun/2025:02:22:43 +0000] "GET /dashboard HTTP/1.1" 403 2240 "-" "python-requests/2.25.1"
10.0.0.5 - - [17/Jun/2025:16:23:18 +0000] "PUT /logout HTTP/1.1" 401 2810 "-" "Mozilla/5.0 (Macintosh; Intel Mac OS X 10_15_7)"
192.168.1.10 - - [17/Jun/2025:14:47:03 +0000] "GET /api/data HTTP/1.1" 200 1333 "-" "Mozilla/5.0 (Windows NT 10.0; Win64; x64)"
123.45.67.89 - - [17/Jun/2025:07:03:49 +0000] "GET /login HTTP/1.1" 200 322 "-" "Mozilla/5.0 (Macintosh; Intel Mac OS X 10_15_7)"
8.8.8.8 - - [17/Jun/2025:13:46:36 +0000] "POST /user/profile HTTP/1.1" 403 210 "-" "Mozilla/5.0 (Macintosh; Intel Mac OS X 10_15_7)"
5.6.7.8 - - [17/Jun/2025:08:35:25 +0000] "GET /admin HTTP/1.1" 500 2422 "-" "curl/7.68.0"
1.2.3.4 - - [17/Jun/2025:17:29:18 +0000] "PUT /admin HTTP/1.1" 200 1483 "-" "Mozilla/5.0 (Linux; Android 10)"
10.0.0.5 - - [17/Jun/2025:05:44:01 +0000] "GET /report HTTP/1.1" 200 1413 "-" "Mozilla/5.0 (Macintosh; Intel Mac OS X 10_15_7)"
1.2.3.4 - - [17/Jun/2025:05:26:37 +0000] "DELETE /report HTTP/1.1" 200 3702 "-" "curl/7.68.0"
172.16.0.2 - - [17/Jun/2025:13:14:46 +0000] "DELETE /dashboard HTTP/1.1" 500 3871 "-" "SIEMScanner/1.0"
198.51.100.23 - - [17/Jun/2025:17:49:12 +0000] "GET /login HTTP/1.1" 500 722 "-" "python-requests/2.25.1"
5.6.7.8 - - [17/Jun/2025:11:51:31 +0000] "POST /login HTTP/1.1" 200 1244 "-" "Mozilla/5.0 (Macintosh; Intel Mac OS X 10_15_7)"
203.0.113.1 - - [17/Jun/2025:02:38:13 +0000] "GET /api/data HTTP/1.1" 500 932 "-" "SIEMScanner/1.0"
203.0.113.1 - - [17/Jun/2025:09:29:22 +0000] "DELETE /logout HTTP/1.1" 403 4378 "-" "Mozilla/5.0 (Macintosh; Intel Mac OS X 10_15_7)"
111.222.333.444 - - [17/Jun/2025:22:15:59 +0000] "PUT / HTTP/1.1" 403 1210 "-" "SIEMScanner/1.0"
198.51.100.23 - - [17/Jun/2025:03:35:45 +0000] "PUT /dashboard HTTP/1.1" 302 4316 "-" "Mozilla/5.0 (Linux; Android 10)"
198.51.100.23 - - [17/Jun/2025:03:38:36 +0000] "POST /admin HTTP/1.1" 200 3513 "-" "Mozilla/5.0 (Windows NT 10.0; Win64; x64)"
192.168.1.10 - - [17/Jun/2025:23:20:31 +0000] "POST /logout HTTP/1.1" 200 3957 "-" "SIEMScanner/1.0"
198.51.100.23 - - [17/Jun/2025:10:15:53 +0000] "PUT /login HTTP/1.1" 404 2035 "-" "Mozilla/5.0 (Macintosh; Intel Mac OS X 10_15_7)"
198.51.100.23 - - [17/Jun/2025:21:40:59 +0000] "DELETE /user/profile HTTP/1.1" 200 3063 "-" "Mozilla/5.0 (Macintosh; Intel Mac OS X 10_15_7)"
10.0.0.5 - - [17/Jun/2025:04:48:52 +0000] "POST /login HTTP/1.1" 200 3105 "-" "curl/7.68.0"
10.0.0.5 - - [17/Jun/2025:18:52:40 +0000] "DELETE /logout HTTP/1.1" 403 2421 "-" "curl/7.68.0"
10.0.0.5 - - [17/Jun/2025:13:50:02 +0000] "PUT /login HTTP/1.1" 403 1178 "-" "Mozilla/5.0 (Macintosh; Intel Mac OS X 10_15_7)"
10.0.0.5 - - [17/Jun/2025:05:25:03 +0000] "POST /user/profile HTTP/1.1" 500 1538 "-" "python-requests/2.25.1"
123.45.67.89 - - [17/Jun/2025:18:40:52 +0000] "POST /dashboard HTTP/1.1" 302 4098 "-" "Mozilla/5.0 (Macintosh; Intel Mac OS X 10_15_7)"
123.45.67.89 - - [18/Jun/2025:00:43:35 +0000] "PUT /dashboard HTTP/1.1" 404 4176 "-" "Mozilla/5.0 (Linux; Android 10)"
172.16.0.2 - - [17/Jun/2025:16:48:44 +0000] "DELETE /report HTTP/1.1" 500 1437 "-" "SIEMScanner/1.0"
5.6.7.8 - - [17/Jun/2025:19:20:46 +0000] "DELETE /logout HTTP/1.1" 200 1425 "-" "curl/7.68.0"
172.16.0.2 - - [17/Jun/2025:22:51:53 +0000] "GET /report HTTP/1.1" 200 740 "-" "Mozilla/5.0 (Linux; Android 10)"
8.8.8.8 - - [17/Jun/2025:13:54:24 +0000] "DELETE /admin HTTP/1.1" 200 2752 "-" "Mozilla/5.0 (Macintosh; Intel Mac OS X 10_15_7)"
5.6.7.8 - - [17/Jun/2025:14:47:05 +0000] "DELETE /report HTTP/1.1" 200 4721 "-" "Mozilla/5.0 (Windows NT 10.0; Win64; x64)"
123.45.67.89 - - [18/Jun/2025:00:24:29 +0000] "GET /user/profile HTTP/1.1" 500 922 "-" "SIEMScanner/1.0"
123.45.67.89 - - [17/Jun/2025:08:26:20 +0000] "PUT /admin HTTP/1.1" 200 1242 "-" "Mozilla/5.0 (Linux; Android 10)"
10.0.0.5 - - [17/Jun/2025:13:28:09 +0000] "POST /api/data HTTP/1.1" 302 3745 "-" "Mozilla/5.0 (Windows NT 10.0; Win64; x64)"
8.8.8.8 - - [17/Jun/2025:17:48:58 +0000] "POST /api/data HTTP/1.1" 200 4158 "-" "Mozilla/5.0 (Macintosh; Intel Mac OS X 10_15_7)"
192.168.1.10 - - [17/Jun/2025:04:22:28 +0000] "DELETE /login HTTP/1.1" 404 4580 "-" "SIEMScanner/1.0"
203.0.113.1 - - [17/Jun/2025:19:14:58 +0000] "DELETE /logout HTTP/1.1" 403 3770 "-" "SIEMScanner/1.0"
111.222.333.444 - - [18/Jun/2025:00:06:46 +0000] "POST / HTTP/1.1" 403 3243 "-" "Mozilla/5.0 (Macintosh; Intel Mac OS X 10_15_7)"
123.45.67.89 - - [17/Jun/2025:17:49:33 +0000] "PUT /login HTTP/1.1" 403 3766 "-" "Mozilla/5.0 (Windows NT 10.0; Win64; x64)"
123.45.67.89 - - [17/Jun/2025:01:58:49 +0000] "GET /logout HTTP/1.1" 200 2239 "-" "SIEMScanner/1.0"
198.51.100.23 - - [18/Jun/2025:00:34:13 +0000] "PUT /report HTTP/1.1" 200 4602 "-" "python-requests/2.25.1"
172.16.0.2 - - [18/Jun/2025:01:39:59 +0000] "DELETE /user/profile HTTP/1.1" 401 2673 "-" "Mozilla/5.0 (Macintosh; Intel Mac OS X 10_15_7)"
111.222.333.444 - - [17/Jun/2025:05:11:09 +0000] "PUT /api/data HTTP/1.1" 200 516 "-" "Mozilla/5.0 (Macintosh; Intel Mac OS X 10_15_7)"
10.0.0.5 - - [17/Jun/2025:08:33:50 +0000] "POST /user/profile HTTP/1.1" 302 3856 "-" "python-requests/2.25.1"
172.16.0.2 - - [17/Jun/2025:21:42:24 +0000] "POST /dashboard HTTP/1.1" 500 3709 "-" "Mozilla/5.0 (Windows NT 10.0; Win64; x64)"
1.2.3.4 - - [17/Jun/2025:03:05:06 +0000] "DELETE / HTTP/1.1" 302 4607 "-" "SIEMScanner/1.0"
8.8.8.8 - - [17/Jun/2025:21:58:36 +0000] "GET /user/profile HTTP/1.1" 404 127 "-" "Mozilla/5.0 (Windows NT 10.0; Win64; x64)"
123.45.67.89 - - [17/Jun/2025:17:25:33 +0000] "DELETE /report HTTP/1.1" 401 3751 "-" "Mozilla/5.0 (Windows NT 10.0; Win64; x64)"
192.168.1.10 - - [17/Jun/2025:11:13:47 +0000] "DELETE /dashboard HTTP/1.1" 200 4884 "-" "python-requests/2.25.1"
198.51.100.23 - - [17/Jun/2025:22:02:58 +0000] "POST /api/data HTTP/1.1" 401 2265 "-" "curl/7.68.0"
111.222.333.444 - - [17/Jun/2025:15:36:46 +0000] "GET /api/data HTTP/1.1" 302 2593 "-" "Mozilla/5.0 (Macintosh; Intel Mac OS X 10_15_7)"
192.168.1.10 - - [18/Jun/2025:01:45:24 +0000] "PUT /report HTTP/1.1" 500 1047 "-" "Mozilla/5.0 (Macintosh; Intel Mac OS X 10_15_7)"
192.168.1.10 - - [17/Jun/2025:07:17:56 +0000] "GET /user/profile HTTP/1.1" 200 1093 "-" "SIEMScanner/1.0"
111.222.333.444 - - [17/Jun/2025:18:54:23 +0000] "PUT /logout HTTP/1.1" 302 2996 "-" "Mozilla/5.0 (Windows NT 10.0; Win64; x64)"
172.16.0.2 - - [17/Jun/2025:09:48:24 +0000] "DELETE /admin HTTP/1.1" 403 1207 "-" "Mozilla/5.0 (Macintosh; Intel Mac OS X 10_15_7)"
8.8.8.8 - - [17/Jun/2025:02:08:20 +0000] "POST /report HTTP/1.1" 401 2701 "-" "Mozilla/5.0 (Linux; Android 10)"
111.222.333.444 - - [17/Jun/2025:09:39:59 +0000] "PUT /dashboard HTTP/1.1" 302 3533 "-" "Mozilla/5.0 (Linux; Android 10)"
8.8.8.8 - - [17/Jun/2025:15:31:30 +0000] "GET / HTTP/1.1" 200 825 "-" "SIEMScanner/1.0"
172.16.0.2 - - [17/Jun/2025:08:36:48 +0000] "GET / HTTP/1.1" 500 4174 "-" "python-requests/2.25.1"
123.45.67.89 - - [18/Jun/2025:00:03:31 +0000] "DELETE /dashboard HTTP/1.1" 401 728 "-" "curl/7.68.0"
123.45.67.89 - - [17/Jun/2025:03:19:44 +0000] "POST /report HTTP/1.1" 500 1882 "-" "SIEMScanner/1.0"
10.0.0.5 - - [17/Jun/2025:14:56:08 +0000] "POST /report HTTP/1.1" 401 980 "-" "Mozilla/5.0 (Windows NT 10.0; Win64; x64)"
10.0.0.5 - - [17/Jun/2025:10:52:15 +0000] "GET /api/data HTTP/1.1" 403 4238 "-" "python-requests/2.25.1"
8.8.8.8 - - [17/Jun/2025:03:37:10 +0000] "POST /dashboard HTTP/1.1" 500 2341 "-" "Mozilla/5.0 (Macintosh; Intel Mac OS X 10_15_7)"
5.6.7.8 - - [17/Jun/2025:12:20:34 +0000] "GET /logout HTTP/1.1" 500 2854 "-" "python-requests/2.25.1"
1.2.3.4 - - [17/Jun/2025:12:35:54 +0000] "POST /dashboard HTTP/1.1" 401 3591 "-" "curl/7.68.0"
10.0.0.5 - - [17/Jun/2025:05:58:56 +0000] "PUT /dashboard HTTP/1.1" 404 2638 "-" "curl/7.68.0"
8.8.8.8 - - [17/Jun/2025:07:13:09 +0000] "GET /login HTTP/1.1" 200 2469 "-" "Mozilla/5.0 (Linux; Android 10)"
10.0.0.5 - - [17/Jun/2025:05:44:26 +0000] "PUT /logout HTTP/1.1" 401 1250 "-" "SIEMScanner/1.0"
5.6.7.8 - - [17/Jun/2025:23:46:11 +0000] "DELETE /login HTTP/1.1" 200 2701 "-" "Mozilla/5.0 (Windows NT 10.0; Win64; x64)"
172.16.0.2 - - [17/Jun/2025:04:51:44 +0000] "POST /user/profile HTTP/1.1" 200 3774 "-" "Mozilla/5.0 (Windows NT 10.0; Win64; x64)"
192.168.1.10 - - [17/Jun/2025:15:58:18 +0000] "PUT /admin HTTP/1.1" 404 4092 "-" "curl/7.68.0"
8.8.8.8 - - [17/Jun/2025:20:21:17 +0000] "PUT /api/data HTTP/1.1" 404 1866 "-" "curl/7.68.0"
203.0.113.1 - - [17/Jun/2025:19:50:51 +0000] "GET /api/data HTTP/1.1" 200 3140 "-" "python-requests/2.25.1"
1.2.3.4 - - [17/Jun/2025:15:02:25 +0000] "POST / HTTP/1.1" 401 3976 "-" "Mozilla/5.0 (Windows NT 10.0; Win64; x64)"
203.0.113.1 - - [18/Jun/2025:01:23:51 +0000] "PUT /api/data HTTP/1.1" 200 2766 "-" "python-requests/2.25.1"
203.0.113.1 - - [17/Jun/2025:05:01:29 +0000] "POST /admin HTTP/1.1" 401 1000 "-" "curl/7.68.0"
10.0.0.5 - - [17/Jun/2025:22:17:23 +0000] "GET /dashboard HTTP/1.1" 500 1801 "-" "python-requests/2.25.1"
198.51.100.23 - - [17/Jun/2025:03:43:54 +0000] "GET /api/data HTTP/1.1" 302 3294 "-" "python-requests/2.25.1"
198.51.100.23 - - [17/Jun/2025:11:20:18 +0000] "PUT /api/data HTTP/1.1" 302 3814 "-" "Mozilla/5.0 (Linux; Android 10)"
111.222.333.444 - - [17/Jun/2025:06:05:34 +0000] "DELETE /login HTTP/1.1" 403 976 "-" "Mozilla/5.0 (Linux; Android 10)"
5.6.7.8 - - [17/Jun/2025:03:29:29 +0000] "GET /user/profile HTTP/1.1" 404 2864 "-" "SIEMScanner/1.0"
10.0.0.5 - - [17/Jun/2025:21:25:31 +0000] "DELETE /api/data HTTP/1.1" 200 2398 "-" "Mozilla/5.0 (Windows NT 10.0; Win64; x64)"
198.51.100.23 - - [17/Jun/2025:11:40:01 +0000] "DELETE /dashboard HTTP/1.1" 200 1292 "-" "python-requests/2.25.1"
123.45.67.89 - - [17/Jun/2025:18:19:41 +0000] "GET /api/data HTTP/1.1" 403 4912 "-" "SIEMScanner/1.0"
10.0.0.5 - - [17/Jun/2025:20:38:46 +0000] "GET /login HTTP/1.1" 403 2616 "-" "SIEMScanner/1.0"
1.2.3.4 - - [17/Jun/2025:10:52:24 +0000] "PUT /user/profile HTTP/1.1" 200 1516 "-" "curl/7.68.0"
1.2.3.4 - - [17/Jun/2025:11:36:46 +0000] "POST /report HTTP/1.1" 200 1476 "-" "Mozilla/5.0 (Macintosh; Intel Mac OS X 10_15_7)"
172.16.0.2 - - [17/Jun/2025:08:32:04 +0000] "PUT /user/profile HTTP/1.1" 200 3603 "-" "Mozilla/5.0 (Linux; Android 10)"
5.6.7.8 - - [17/Jun/2025:03:22:29 +0000] "POST /report HTTP/1.1" 302 4721 "-" "curl/7.68.0"
10.0.0.5 - - [18/Jun/2025:00:07:04 +0000] "DELETE / HTTP/1.1" 500 237 "-" "curl/7.68.0"
192.168.1.10 - - [17/Jun/2025:06:51:39 +0000] "POST /dashboard HTTP/1.1" 302 487 "-" "python-requests/2.25.1"
198.51.100.23 - - [17/Jun/2025:19:35:25 +0000] "DELETE /dashboard HTTP/1.1" 200 2948 "-" "Mozilla/5.0 (Macintosh; Intel Mac OS X 10_15_7)"
192.168.1.10 - - [17/Jun/2025:09:04:59 +0000] "GET /report HTTP/1.1" 200 2588 "-" "Mozilla/5.0 (Macintosh; Intel Mac OS X 10_15_7)"
123.45.67.89 - - [17/Jun/2025:08:54:36 +0000] "POST /report HTTP/1.1" 404 3373 "-" "python-requests/2.25.1"
198.51.100.23 - - [17/Jun/2025:15:15:58 +0000] "DELETE / HTTP/1.1" 403 1251 "-" "Mozilla/5.0 (Macintosh; Intel Mac OS X 10_15_7)"
198.51.100.23 - - [17/Jun/2025:08:38:02 +0000] "POST / HTTP/1.1" 200 247 "-" "Mozilla/5.0 (Macintosh; Intel Mac OS X 10_15_7)"
111.222.333.444 - - [17/Jun/2025:07:17:05 +0000] "GET /admin HTTP/1.1" 302 3893 "-" "Mozilla/5.0 (Macintosh; Intel Mac OS X 10_15_7)"
8.8.8.8 - - [17/Jun/2025:09:47:51 +0000] "PUT /logout HTTP/1.1" 302 2695 "-" "Mozilla/5.0 (Windows NT 10.0; Win64; x64)"
172.16.0.2 - - [17/Jun/2025:22:42:18 +0000] "PUT /dashboard HTTP/1.1" 403 1119 "-" "Mozilla/5.0 (Linux; Android 10)"
10.0.0.5 - - [18/Jun/2025:01:48:38 +0000] "GET /admin HTTP/1.1" 404 4595 "-" "python-requests/2.25.1"
192.168.1.10 - - [17/Jun/2025:22:13:09 +0000] "DELETE /login HTTP/1.1" 401 1062 "-" "curl/7.68.0"
198.51.100.23 - - [17/Jun/2025:04:01:31 +0000] "GET /admin HTTP/1.1" 200 844 "-" "Mozilla/5.0 (Linux; Android 10)"
10.0.0.5 - - [17/Jun/2025:11:05:00 +0000] "DELETE / HTTP/1.1" 200 1825 "-" "Mozilla/5.0 (Macintosh; Intel Mac OS X 10_15_7)"
8.8.8.8 - - [17/Jun/2025:17:50:13 +0000] "DELETE /user/profile HTTP/1.1" 200 4619 "-" "SIEMScanner/1.0"
172.16.0.2 - - [17/Jun/2025:08:18:15 +0000] "POST /logout HTTP/1.1" 500 562 "-" "Mozilla/5.0 (Macintosh; Intel Mac OS X 10_15_7)"
203.0.113.1 - - [17/Jun/2025:19:03:38 +0000] "PUT /dashboard HTTP/1.1" 302 1473 "-" "Mozilla/5.0 (Linux; Android 10)"
1.2.3.4 - - [17/Jun/2025:08:42:53 +0000] "GET / HTTP/1.1" 404 2551 "-" "curl/7.68.0"
123.45.67.89 - - [18/Jun/2025:01:57:12 +0000] "GET /login HTTP/1.1" 401 1120 "-" "Mozilla/5.0 (Windows NT 10.0; Win64; x64)"
192.168.1.10 - - [17/Jun/2025:21:03:17 +0000] "GET /admin HTTP/1.1" 200 645 "-" "Mozilla/5.0 (Macintosh; Intel Mac OS X 10_15_7)"
203.0.113.1 - - [17/Jun/2025:14:50:05 +0000] "DELETE / HTTP/1.1" 403 1447 "-" "Mozilla/5.0 (Linux; Android 10)"
172.16.0.2 - - [17/Jun/2025:19:53:54 +0000] "GET /report HTTP/1.1" 403 4058 "-" "curl/7.68.0"
5.6.7.8 - - [17/Jun/2025:19:18:52 +0000] "POST /report HTTP/1.1" 200 865 "-" "Mozilla/5.0 (Macintosh; Intel Mac OS X 10_15_7)"
198.51.100.23 - - [17/Jun/2025:17:13:29 +0000] "GET /logout HTTP/1.1" 200 4920 "-" "curl/7.68.0"
198.51.100.23 - - [17/Jun/2025:09:38:25 +0000] "DELETE /user/profile HTTP/1.1" 200 2785 "-" "Mozilla/5.0 (Macintosh; Intel Mac OS X 10_15_7)"
10.0.0.5 - - [18/Jun/2025:00:58:29 +0000] "PUT /user/profile HTTP/1.1" 200 700 "-" "Mozilla/5.0 (Macintosh; Intel Mac OS X 10_15_7)"
8.8.8.8 - - [17/Jun/2025:22:34:19 +0000] "GET /report HTTP/1.1" 200 2503 "-" "Mozilla/5.0 (Linux; Android 10)"
5.6.7.8 - - [17/Jun/2025:19:34:55 +0000] "DELETE / HTTP/1.1" 403 360 "-" "curl/7.68.0"
5.6.7.8 - - [17/Jun/2025:18:41:21 +0000] "POST /admin HTTP/1.1" 500 277 "-" "curl/7.68.0"
8.8.8.8 - - [17/Jun/2025:05:26:04 +0000] "GET / HTTP/1.1" 302 4907 "-" "Mozilla/5.0 (Windows NT 10.0; Win64; x64)"
8.8.8.8 - - [17/Jun/2025:03:46:05 +0000] "DELETE /report HTTP/1.1" 403 1468 "-" "python-requests/2.25.1"
192.168.1.10 - - [17/Jun/2025:14:28:12 +0000] "GET /api/data HTTP/1.1" 200 1406 "-" "SIEMScanner/1.0"
203.0.113.1 - - [17/Jun/2025:11:10:51 +0000] "PUT /api/data HTTP/1.1" 200 3662 "-" "Mozilla/5.0 (Windows NT 10.0; Win64; x64)"
1.2.3.4 - - [17/Jun/2025:17:54:15 +0000] "POST /admin HTTP/1.1" 200 3169 "-" "curl/7.68.0"
1.2.3.4 - - [17/Jun/2025:06:40:29 +0000] "PUT /admin HTTP/1.1" 403 4321 "-" "SIEMScanner/1.0"
1.2.3.4 - - [18/Jun/2025:01:23:17 +0000] "PUT /report HTTP/1.1" 200 128 "-" "Mozilla/5.0 (Linux; Android 10)"
123.45.67.89 - - [17/Jun/2025:18:14:27 +0000] "POST /dashboard HTTP/1.1" 403 4515 "-" "SIEMScanner/1.0"
10.0.0.5 - - [17/Jun/2025:15:05:13 +0000] "PUT /api/data HTTP/1.1" 403 1210 "-" "SIEMScanner/1.0"
10.0.0.5 - - [17/Jun/2025:23:44:56 +0000] "GET /api/data HTTP/1.1" 302 2461 "-" "python-requests/2.25.1"
5.6.7.8 - - [17/Jun/2025:07:06:46 +0000] "DELETE /admin HTTP/1.1" 200 4289 "-" "SIEMScanner/1.0"
8.8.8.8 - - [18/Jun/2025:00:15:29 +0000] "POST /dashboard HTTP/1.1" 403 1749 "-" "Mozilla/5.0 (Macintosh; Intel Mac OS X 10_15_7)"
10.0.0.5 - - [17/Jun/2025:12:30:50 +0000] "GET /report HTTP/1.1" 401 613 "-" "curl/7.68.0"
198.51.100.23 - - [18/Jun/2025:01:37:40 +0000] "POST /admin HTTP/1.1" 403 1192 "-" "python-requests/2.25.1"
111.222.333.444 - - [17/Jun/2025:15:31:49 +0000] "GET / HTTP/1.1" 200 2454 "-" "Mozilla/5.0 (Linux; Android 10)"
1.2.3.4 - - [17/Jun/2025:02:30:47 +0000] "DELETE /logout HTTP/1.1" 200 2890 "-" "python-requests/2.25.1"
1.2.3.4 - - [17/Jun/2025:13:15:40 +0000] "POST /dashboard HTTP/1.1" 404 454 "-" "python-requests/2.25.1"
1.2.3.4 - - [17/Jun/2025:07:13:32 +0000] "POST /logout HTTP/1.1" 500 893 "-" "Mozilla/5.0 (Macintosh; Intel Mac OS X 10_15_7)"
8.8.8.8 - - [17/Jun/2025:13:13:10 +0000] "GET /admin HTTP/1.1" 403 643 "-" "Mozilla/5.0 (Linux; Android 10)"
198.51.100.23 - - [17/Jun/2025:22:41:11 +0000] "GET /report HTTP/1.1" 200 318 "-" "Mozilla/5.0 (Windows NT 10.0; Win64; x64)"
198.51.100.23 - - [17/Jun/2025:20:57:53 +0000] "PUT /admin HTTP/1.1" 404 1480 "-" "Mozilla/5.0 (Linux; Android 10)"
5.6.7.8 - - [17/Jun/2025:05:06:07 +0000] "PUT /dashboard HTTP/1.1" 403 4706 "-" "SIEMScanner/1.0"
172.16.0.2 - - [17/Jun/2025:13:41:47 +0000] "POST /dashboard HTTP/1.1" 200 1708 "-" "python-requests/2.25.1"
123.45.67.89 - - [18/Jun/2025:00:22:48 +0000] "DELETE /admin HTTP/1.1" 401 4073 "-" "Mozilla/5.0 (Windows NT 10.0; Win64; x64)"
111.222.333.444 - - [17/Jun/2025:15:46:04 +0000] "GET /user/profile HTTP/1.1" 401 3157 "-" "SIEMScanner/1.0"
111.222.333.444 - - [17/Jun/2025:16:20:13 +0000] "DELETE /login HTTP/1.1" 401 1338 "-" "curl/7.68.0"
198.51.100.23 - - [17/Jun/2025:08:31:11 +0000] "DELETE /logout HTTP/1.1" 200 3509 "-" "SIEMScanner/1.0"
8.8.8.8 - - [17/Jun/2025:02:44:14 +0000] "DELETE /dashboard HTTP/1.1" 403 4177 "-" "Mozilla/5.0 (Windows NT 10.0; Win64; x64)"
172.16.0.2 - - [17/Jun/2025:14:07:46 +0000] "GET /user/profile HTTP/1.1" 401 2060 "-" "SIEMScanner/1.0"
1.2.3.4 - - [18/Jun/2025:00:48:03 +0000] "PUT /dashboard HTTP/1.1" 401 2948 "-" "Mozilla/5.0 (Linux; Android 10)"
8.8.8.8 - - [17/Jun/2025:13:40:37 +0000] "GET /admin HTTP/1.1" 403 1953 "-" "python-requests/2.25.1"
123.45.67.89 - - [17/Jun/2025:20:50:23 +0000] "DELETE /logout HTTP/1.1" 200 4454 "-" "Mozilla/5.0 (Linux; Android 10)"
10.0.0.5 - - [17/Jun/2025:08:20:29 +0000] "DELETE /report HTTP/1.1" 401 3613 "-" "curl/7.68.0"
203.0.113.1 - - [17/Jun/2025:08:41:37 +0000] "POST /dashboard HTTP/1.1" 200 1290 "-" "Mozilla/5.0 (Macintosh; Intel Mac OS X 10_15_7)"
198.51.100.23 - - [18/Jun/2025:01:54:12 +0000] "POST /logout HTTP/1.1" 200 2630 "-" "Mozilla/5.0 (Windows NT 10.0; Win64; x64)"
8.8.8.8 - - [17/Jun/2025:19:39:37 +0000] "DELETE /api/data HTTP/1.1" 200 2993 "-" "python-requests/2.25.1"
8.8.8.8 - - [17/Jun/2025:02:59:52 +0000] "GET /api/data HTTP/1.1" 401 3740 "-" "Mozilla/5.0 (Windows NT 10.0; Win64; x64)"
123.45.67.89 - - [17/Jun/2025:05:50:03 +0000] "PUT /login HTTP/1.1" 500 929 "-" "Mozilla/5.0 (Linux; Android 10)"
1.2.3.4 - - [17/Jun/2025:15:18:12 +0000] "DELETE / HTTP/1.1" 403 3085 "-" "Mozilla/5.0 (Macintosh; Intel Mac OS X 10_15_7)"
111.222.333.444 - - [17/Jun/2025:17:11:05 +0000] "POST /login HTTP/1.1" 302 4471 "-" "Mozilla/5.0 (Linux; Android 10)"
172.16.0.2 - - [17/Jun/2025:07:49:49 +0000] "POST /admin HTTP/1.1" 200 3276 "-" "Mozilla/5.0 (Linux; Android 10)"
203.0.113.1 - - [17/Jun/2025:16:47:31 +0000] "POST / HTTP/1.1" 403 810 "-" "Mozilla/5.0 (Windows NT 10.0; Win64; x64)"
198.51.100.23 - - [17/Jun/2025:19:39:20 +0000] "GET / HTTP/1.1" 200 2211 "-" "SIEMScanner/1.0"
198.51.100.23 - - [17/Jun/2025:22:00:46 +0000] "PUT /dashboard HTTP/1.1" 200 154 "-" "Mozilla/5.0 (Linux; Android 10)"
192.168.1.10 - - [17/Jun/2025:14:13:26 +0000] "GET /logout HTTP/1.1" 200 988 "-" "Mozilla/5.0 (Windows NT 10.0; Win64; x64)"
203.0.113.1 - - [17/Jun/2025:03:10:41 +0000] "DELETE /login HTTP/1.1" 302 4417 "-" "Mozilla/5.0 (Macintosh; Intel Mac OS X 10_15_7)"
198.51.100.23 - - [17/Jun/2025:18:57:19 +0000] "PUT /report HTTP/1.1" 500 1663 "-" "SIEMScanner/1.0"
172.16.0.2 - - [17/Jun/2025:02:35:18 +0000] "GET /login HTTP/1.1" 302 2058 "-" "curl/7.68.0"
8.8.8.8 - - [17/Jun/2025:03:35:18 +0000] "POST / HTTP/1.1" 500 4441 "-" "python-requests/2.25.1"
1.2.3.4 - - [17/Jun/2025:23:04:22 +0000] "DELETE /report HTTP/1.1" 404 570 "-" "Mozilla/5.0 (Linux; Android 10)"
5.6.7.8 - - [17/Jun/2025:06:15:14 +0000] "GET /admin HTTP/1.1" 401 4972 "-" "python-requests/2.25.1"
192.168.1.10 - - [17/Jun/2025:14:26:31 +0000] "GET /dashboard HTTP/1.1" 200 874 "-" "SIEMScanner/1.0"
10.0.0.5 - - [17/Jun/2025:05:49:56 +0000] "POST /dashboard HTTP/1.1" 200 3500 "-" "python-requests/2.25.1"
10.0.0.5 - - [17/Jun/2025:10:32:21 +0000] "DELETE /report HTTP/1.1" 302 2046 "-" "python-requests/2.25.1"
111.222.333.444 - - [17/Jun/2025:05:40:43 +0000] "DELETE / HTTP/1.1" 500 1046 "-" "Mozilla/5.0 (Windows NT 10.0; Win64; x64)"
10.0.0.5 - - [17/Jun/2025:17:19:21 +0000] "PUT /login HTTP/1.1" 200 557 "-" "Mozilla/5.0 (Linux; Android 10)"
5.6.7.8 - - [17/Jun/2025:20:51:56 +0000] "PUT /report HTTP/1.1" 302 4451 "-" "python-requests/2.25.1"
123.45.67.89 - - [17/Jun/2025:19:35:16 +0000] "POST / HTTP/1.1" 302 391 "-" "Mozilla/5.0 (Linux; Android 10)"
172.16.0.2 - - [17/Jun/2025:20:59:51 +0000] "PUT /logout HTTP/1.1" 404 4687 "-" "Mozilla/5.0 (Macintosh; Intel Mac OS X 10_15_7)"
123.45.67.89 - - [17/Jun/2025:08:24:40 +0000] "DELETE /dashboard HTTP/1.1" 500 2788 "-" "python-requests/2.25.1"
198.51.100.23 - - [17/Jun/2025:11:40:31 +0000] "DELETE /admin HTTP/1.1" 200 3555 "-" "Mozilla/5.0 (Macintosh; Intel Mac OS X 10_15_7)"
111.222.333.444 - - [17/Jun/2025:22:10:50 +0000] "DELETE /dashboard HTTP/1.1" 403 4402 "-" "python-requests/2.25.1"
203.0.113.1 - - [17/Jun/2025:09:14:09 +0000] "GET /logout HTTP/1.1" 200 348 "-" "python-requests/2.25.1"
172.16.0.2 - - [17/Jun/2025:11:45:30 +0000] "POST /report HTTP/1.1" 404 568 "-" "SIEMScanner/1.0"
192.168.1.10 - - [17/Jun/2025:04:44:06 +0000] "DELETE / HTTP/1.1" 302 3947 "-" "Mozilla/5.0 (Linux; Android 10)"
198.51.100.23 - - [17/Jun/2025:04:52:05 +0000] "POST /report HTTP/1.1" 404 2616 "-" "curl/7.68.0"
198.51.100.23 - - [17/Jun/2025:18:50:00 +0000] "GET /logout HTTP/1.1" 401 3988 "-" "python-requests/2.25.1"
1.2.3.4 - - [17/Jun/2025:06:14:21 +0000] "DELETE /report HTTP/1.1" 403 164 "-" "curl/7.68.0"
5.6.7.8 - - [17/Jun/2025:23:09:58 +0000] "POST /api/data HTTP/1.1" 403 4729 "-" "Mozilla/5.0 (Windows NT 10.0; Win64; x64)"
172.16.0.2 - - [17/Jun/2025:04:46:25 +0000] "DELETE /report HTTP/1.1" 200 2721 "-" "python-requests/2.25.1"
111.222.333.444 - - [17/Jun/2025:17:35:36 +0000] "GET /user/profile HTTP/1.1" 200 4868 "-" "curl/7.68.0"
203.0.113.1 - - [17/Jun/2025:12:28:26 +0000] "GET /api/data HTTP/1.1" 401 4526 "-" "python-requests/2.25.1"
203.0.113.1 - - [17/Jun/2025:18:31:39 +0000] "GET /api/data HTTP/1.1" 401 230 "-" "Mozilla/5.0 (Windows NT 10.0; Win64; x64)"
10.0.0.5 - - [17/Jun/2025:07:43:40 +0000] "PUT /api/data HTTP/1.1" 200 4428 "-" "Mozilla/5.0 (Windows NT 10.0; Win64; x64)"
10.0.0.5 - - [18/Jun/2025:00:21:18 +0000] "GET / HTTP/1.1" 200 3260 "-" "python-requests/2.25.1"
111.222.333.444 - - [17/Jun/2025:17:38:27 +0000] "PUT /report HTTP/1.1" 404 1323 "-" "SIEMScanner/1.0"
123.45.67.89 - - [17/Jun/2025:11:30:24 +0000] "PUT /logout HTTP/1.1" 500 2970 "-" "curl/7.68.0"
111.222.333.444 - - [17/Jun/2025:07:31:44 +0000] "DELETE /user/profile HTTP/1.1" 404 3036 "-" "SIEMScanner/1.0"
198.51.100.23 - - [17/Jun/2025:22:19:53 +0000] "GET /dashboard HTTP/1.1" 401 3596 "-" "python-requests/2.25.1"
172.16.0.2 - - [17/Jun/2025:05:47:06 +0000] "GET /logout HTTP/1.1" 200 1020 "-" "Mozilla/5.0 (Windows NT 10.0; Win64; x64)"
198.51.100.23 - - [17/Jun/2025:23:06:48 +0000] "PUT /admin HTTP/1.1" 403 462 "-" "Mozilla/5.0 (Linux; Android 10)"
198.51.100.23 - - [17/Jun/2025:22:55:17 +0000] "POST /dashboard HTTP/1.1" 302 1120 "-" "Mozilla/5.0 (Linux; Android 10)"
192.168.1.10 - - [17/Jun/2025:19:10:43 +0000] "POST /admin HTTP/1.1" 200 3620 "-" "python-requests/2.25.1"
5.6.7.8 - - [17/Jun/2025:12:16:07 +0000] "GET /user/profile HTTP/1.1" 200 3196 "-" "Mozilla/5.0 (Macintosh; Intel Mac OS X 10_15_7)"
203.0.113.1 - - [17/Jun/2025:07:03:28 +0000] "GET /login HTTP/1.1" 403 141 "-" "SIEMScanner/1.0"
203.0.113.1 - - [17/Jun/2025:18:17:25 +0000] "GET /dashboard HTTP/1.1" 200 1699 "-" "curl/7.68.0"
111.222.333.444 - - [17/Jun/2025:07:51:15 +0000] "DELETE /user/profile HTTP/1.1" 302 1920 "-" "Mozilla/5.0 (Windows NT 10.0; Win64; x64)"
203.0.113.1 - - [17/Jun/2025:05:14:05 +0000] "DELETE / HTTP/1.1" 404 3798 "-" "Mozilla/5.0 (Macintosh; Intel Mac OS X 10_15_7)"
8.8.8.8 - - [17/Jun/2025:20:30:52 +0000] "PUT /login HTTP/1.1" 200 2654 "-" "Mozilla/5.0 (Linux; Android 10)"
198.51.100.23 - - [17/Jun/2025:04:13:28 +0000] "PUT /dashboard HTTP/1.1" 500 3731 "-" "curl/7.68.0"
123.45.67.89 - - [17/Jun/2025:06:37:46 +0000] "POST /report HTTP/1.1" 404 3347 "-" "python-requests/2.25.1"
8.8.8.8 - - [17/Jun/2025:20:48:05 +0000] "DELETE /user/profile HTTP/1.1" 302 4271 "-" "Mozilla/5.0 (Macintosh; Intel Mac OS X 10_15_7)"
8.8.8.8 - - [17/Jun/2025:09:47:37 +0000] "POST /login HTTP/1.1" 200 2617 "-" "SIEMScanner/1.0"
5.6.7.8 - - [17/Jun/2025:05:49:10 +0000] "POST /report HTTP/1.1" 302 2466 "-" "Mozilla/5.0 (Macintosh; Intel Mac OS X 10_15_7)"
8.8.8.8 - - [18/Jun/2025:00:34:53 +0000] "GET /api/data HTTP/1.1" 302 1102 "-" "Mozilla/5.0 (Macintosh; Intel Mac OS X 10_15_7)"
5.6.7.8 - - [17/Jun/2025:04:37:57 +0000] "DELETE /dashboard HTTP/1.1" 500 4311 "-" "SIEMScanner/1.0"
203.0.113.1 - - [17/Jun/2025:16:40:52 +0000] "POST /login HTTP/1.1" 200 290 "-" "Mozilla/5.0 (Windows NT 10.0; Win64; x64)"
172.16.0.2 - - [17/Jun/2025:20:22:04 +0000] "POST /report HTTP/1.1" 401 1030 "-" "curl/7.68.0"
10.0.0.5 - - [17/Jun/2025:04:11:30 +0000] "GET / HTTP/1.1" 200 4170 "-" "Mozilla/5.0 (Macintosh; Intel Mac OS X 10_15_7)"
10.0.0.5 - - [17/Jun/2025:05:16:40 +0000] "PUT /admin HTTP/1.1" 401 2799 "-" "SIEMScanner/1.0"
5.6.7.8 - - [18/Jun/2025:00:12:44 +0000] "PUT /logout HTTP/1.1" 200 2353 "-" "SIEMScanner/1.0"
172.16.0.2 - - [18/Jun/2025:01:27:35 +0000] "PUT /admin HTTP/1.1" 404 1764 "-" "Mozilla/5.0 (Macintosh; Intel Mac OS X 10_15_7)"
111.222.333.444 - - [17/Jun/2025:02:50:51 +0000] "PUT /api/data HTTP/1.1" 200 1007 "-" "curl/7.68.0"
198.51.100.23 - - [17/Jun/2025:22:22:51 +0000] "DELETE /logout HTTP/1.1" 302 3804 "-" "SIEMScanner/1.0"
10.0.0.5 - - [17/Jun/2025:17:00:03 +0000] "GET /api/data HTTP/1.1" 500 1670 "-" "SIEMScanner/1.0"
1.2.3.4 - - [17/Jun/2025:05:28:10 +0000] "PUT /login HTTP/1.1" 404 611 "-" "curl/7.68.0"
192.168.1.10 - - [17/Jun/2025:16:56:36 +0000] "DELETE / HTTP/1.1" 500 2328 "-" "curl/7.68.0"
10.0.0.5 - - [17/Jun/2025:02:53:40 +0000] "DELETE /dashboard HTTP/1.1" 500 4844 "-" "curl/7.68.0"
8.8.8.8 - - [17/Jun/2025:07:12:18 +0000] "PUT /admin HTTP/1.1" 403 3701 "-" "Mozilla/5.0 (Windows NT 10.0; Win64; x64)"
5.6.7.8 - - [17/Jun/2025:02:19:58 +0000] "PUT /login HTTP/1.1" 200 2388 "-" "curl/7.68.0"
198.51.100.23 - - [17/Jun/2025:20:17:18 +0000] "PUT /logout HTTP/1.1" 401 3225 "-" "Mozilla/5.0 (Windows NT 10.0; Win64; x64)"
203.0.113.1 - - [17/Jun/2025:22:59:33 +0000] "GET / HTTP/1.1" 401 3360 "-" "python-requests/2.25.1"
111.222.333.444 - - [17/Jun/2025:02:23:22 +0000] "GET /user/profile HTTP/1.1" 302 3583 "-" "Mozilla/5.0 (Linux; Android 10)"
123.45.67.89 - - [17/Jun/2025:21:13:12 +0000] "DELETE /report HTTP/1.1" 403 4793 "-" "python-requests/2.25.1"
111.222.333.444 - - [17/Jun/2025:03:39:45 +0000] "DELETE /report HTTP/1.1" 404 3507 "-" "curl/7.68.0"
172.16.0.2 - - [17/Jun/2025:07:12:15 +0000] "DELETE /admin HTTP/1.1" 200 617 "-" "Mozilla/5.0 (Windows NT 10.0; Win64; x64)"
1.2.3.4 - - [17/Jun/2025:09:41:37 +0000] "GET /user/profile HTTP/1.1" 200 4266 "-" "Mozilla/5.0 (Linux; Android 10)"
111.222.333.444 - - [17/Jun/2025:23:39:45 +0000] "DELETE /user/profile HTTP/1.1" 200 3310 "-" "python-requests/2.25.1"
10.0.0.5 - - [17/Jun/2025:13:12:08 +0000] "POST / HTTP/1.1" 200 2256 "-" "SIEMScanner/1.0"
123.45.67.89 - - [17/Jun/2025:23:56:23 +0000] "DELETE /login HTTP/1.1" 200 3020 "-" "Mozilla/5.0 (Macintosh; Intel Mac OS X 10_15_7)"
198.51.100.23 - - [17/Jun/2025:05:56:04 +0000] "GET /admin HTTP/1.1" 403 3218 "-" "SIEMScanner/1.0"
10.0.0.5 - - [17/Jun/2025:20:06:50 +0000] "PUT /api/data HTTP/1.1" 404 2250 "-" "python-requests/2.25.1"
111.222.333.444 - - [17/Jun/2025:16:45:19 +0000] "POST /logout HTTP/1.1" 500 4000 "-" "Mozilla/5.0 (Linux; Android 10)"
10.0.0.5 - - [17/Jun/2025:19:34:21 +0000] "POST / HTTP/1.1" 500 1554 "-" "Mozilla/5.0 (Macintosh; Intel Mac OS X 10_15_7)"
123.45.67.89 - - [17/Jun/2025:02:19:17 +0000] "DELETE / HTTP/1.1" 302 3529 "-" "curl/7.68.0"
5.6.7.8 - - [17/Jun/2025:18:02:38 +0000] "PUT / HTTP/1.1" 200 1103 "-" "Mozilla/5.0 (Macintosh; Intel Mac OS X 10_15_7)"
123.45.67.89 - - [17/Jun/2025:15:47:34 +0000] "DELETE /api/data HTTP/1.1" 200 4220 "-" "Mozilla/5.0 (Windows NT 10.0; Win64; x64)"
192.168.1.10 - - [17/Jun/2025:07:01:54 +0000] "POST /api/data HTTP/1.1" 401 1576 "-" "Mozilla/5.0 (Macintosh; Intel Mac OS X 10_15_7)"
192.168.1.10 - - [17/Jun/2025:11:10:56 +0000] "POST /dashboard HTTP/1.1" 500 1941 "-" "Mozilla/5.0 (Macintosh; Intel Mac OS X 10_15_7)"
8.8.8.8 - - [17/Jun/2025:11:53:25 +0000] "DELETE /user/profile HTTP/1.1" 500 543 "-" "SIEMScanner/1.0"
8.8.8.8 - - [17/Jun/2025:15:58:33 +0000] "DELETE /login HTTP/1.1" 200 3956 "-" "Mozilla/5.0 (Linux; Android 10)"
172.16.0.2 - - [17/Jun/2025:21:23:22 +0000] "PUT /user/profile HTTP/1.1" 500 4567 "-" "curl/7.68.0"
203.0.113.1 - - [17/Jun/2025:20:17:56 +0000] "GET /report HTTP/1.1" 302 3100 "-" "curl/7.68.0"
172.16.0.2 - - [17/Jun/2025:03:25:29 +0000] "PUT /report HTTP/1.1" 200 1389 "-" "Mozilla/5.0 (Macintosh; Intel Mac OS X 10_15_7)"
203.0.113.1 - - [18/Jun/2025:00:00:39 +0000] "DELETE /dashboard HTTP/1.1" 302 1186 "-" "Mozilla/5.0 (Macintosh; Intel Mac OS X 10_15_7)"
1.2.3.4 - - [17/Jun/2025:18:12:58 +0000] "POST /dashboard HTTP/1.1" 302 1300 "-" "Mozilla/5.0 (Windows NT 10.0; Win64; x64)"
5.6.7.8 - - [17/Jun/2025:07:39:37 +0000] "PUT / HTTP/1.1" 404 2518 "-" "Mozilla/5.0 (Windows NT 10.0; Win64; x64)"
198.51.100.23 - - [17/Jun/2025:12:31:00 +0000] "POST /user/profile HTTP/1.1" 200 2533 "-" "Mozilla/5.0 (Linux; Android 10)"
10.0.0.5 - - [17/Jun/2025:23:40:28 +0000] "PUT /logout HTTP/1.1" 200 545 "-" "Mozilla/5.0 (Windows NT 10.0; Win64; x64)"
8.8.8.8 - - [17/Jun/2025:22:43:27 +0000] "POST /login HTTP/1.1" 404 2420 "-" "curl/7.68.0"
192.168.1.10 - - [17/Jun/2025:06:40:42 +0000] "PUT /dashboard HTTP/1.1" 401 1919 "-" "Mozilla/5.0 (Linux; Android 10)"
123.45.67.89 - - [17/Jun/2025:18:32:21 +0000] "DELETE / HTTP/1.1" 200 3123 "-" "Mozilla/5.0 (Windows NT 10.0; Win64; x64)"
198.51.100.23 - - [17/Jun/2025:09:09:12 +0000] "GET /report HTTP/1.1" 200 2585 "-" "SIEMScanner/1.0"
8.8.8.8 - - [17/Jun/2025:08:47:36 +0000] "GET /dashboard HTTP/1.1" 200 4780 "-" "curl/7.68.0"
172.16.0.2 - - [17/Jun/2025:12:27:37 +0000] "PUT /login HTTP/1.1" 401 4130 "-" "SIEMScanner/1.0"
111.222.333.444 - - [17/Jun/2025:04:10:04 +0000] "PUT /api/data HTTP/1.1" 404 988 "-" "Mozilla/5.0 (Windows NT 10.0; Win64; x64)"
123.45.67.89 - - [17/Jun/2025:14:34:59 +0000] "GET /logout HTTP/1.1" 401 2053 "-" "curl/7.68.0"
198.51.100.23 - - [17/Jun/2025:17:09:38 +0000] "PUT /report HTTP/1.1" 404 1161 "-" "Mozilla/5.0 (Linux; Android 10)"
111.222.333.444 - - [17/Jun/2025:22:16:05 +0000] "PUT / HTTP/1.1" 404 1107 "-" "Mozilla/5.0 (Linux; Android 10)"
198.51.100.23 - - [17/Jun/2025:18:18:33 +0000] "PUT /api/data HTTP/1.1" 302 1359 "-" "Mozilla/5.0 (Linux; Android 10)"
172.16.0.2 - - [18/Jun/2025:01:17:29 +0000] "DELETE /logout HTTP/1.1" 403 4746 "-" "Mozilla/5.0 (Linux; Android 10)"
203.0.113.1 - - [17/Jun/2025:02:54:14 +0000] "GET /admin HTTP/1.1" 200 3961 "-" "SIEMScanner/1.0"
8.8.8.8 - - [17/Jun/2025:02:08:05 +0000] "GET /user/profile HTTP/1.1" 401 3729 "-" "Mozilla/5.0 (Macintosh; Intel Mac OS X 10_15_7)"
5.6.7.8 - - [17/Jun/2025:08:42:15 +0000] "DELETE /api/data HTTP/1.1" 302 3596 "-" "curl/7.68.0"
8.8.8.8 - - [17/Jun/2025:06:22:11 +0000] "GET /admin HTTP/1.1" 404 4616 "-" "python-requests/2.25.1"
203.0.113.1 - - [17/Jun/2025:17:06:07 +0000] "GET /login HTTP/1.1" 404 170 "-" "curl/7.68.0"
111.222.333.444 - - [17/Jun/2025:14:26:40 +0000] "DELETE / HTTP/1.1" 401 1347 "-" "Mozilla/5.0 (Windows NT 10.0; Win64; x64)"
192.168.1.10 - - [17/Jun/2025:23:02:12 +0000] "POST /dashboard HTTP/1.1" 404 1802 "-" "curl/7.68.0"
198.51.100.23 - - [17/Jun/2025:20:01:52 +0000] "POST /admin HTTP/1.1" 500 1848 "-" "curl/7.68.0"
198.51.100.23 - - [17/Jun/2025:02:31:12 +0000] "PUT /admin HTTP/1.1" 404 489 "-" "Mozilla/5.0 (Windows NT 10.0; Win64; x64)"
10.0.0.5 - - [17/Jun/2025:08:55:50 +0000] "DELETE /admin HTTP/1.1" 200 4538 "-" "python-requests/2.25.1"
203.0.113.1 - - [17/Jun/2025:12:43:46 +0000] "GET / HTTP/1.1" 500 2148 "-" "Mozilla/5.0 (Windows NT 10.0; Win64; x64)"
203.0.113.1 - - [17/Jun/2025:14:26:25 +0000] "PUT / HTTP/1.1" 404 2850 "-" "SIEMScanner/1.0"
5.6.7.8 - - [17/Jun/2025:11:51:23 +0000] "DELETE /dashboard HTTP/1.1" 401 4764 "-" "python-requests/2.25.1"
172.16.0.2 - - [17/Jun/2025:20:33:43 +0000] "POST / HTTP/1.1" 302 1272 "-" "Mozilla/5.0 (Windows NT 10.0; Win64; x64)"
10.0.0.5 - - [17/Jun/2025:07:12:56 +0000] "GET /dashboard HTTP/1.1" 200 2228 "-" "curl/7.68.0"
1.2.3.4 - - [17/Jun/2025:09:50:30 +0000] "DELETE /login HTTP/1.1" 200 3942 "-" "Mozilla/5.0 (Macintosh; Intel Mac OS X 10_15_7)"
192.168.1.10 - - [17/Jun/2025:03:46:26 +0000] "GET /api/data HTTP/1.1" 500 1142 "-" "python-requests/2.25.1"
8.8.8.8 - - [17/Jun/2025:16:57:51 +0000] "GET /login HTTP/1.1" 401 3393 "-" "SIEMScanner/1.0"
198.51.100.23 - - [17/Jun/2025:05:05:38 +0000] "POST /admin HTTP/1.1" 401 2586 "-" "SIEMScanner/1.0"
1.2.3.4 - - [17/Jun/2025:19:34:05 +0000] "DELETE / HTTP/1.1" 403 837 "-" "Mozilla/5.0 (Linux; Android 10)"
203.0.113.1 - - [17/Jun/2025:03:17:04 +0000] "PUT /api/data HTTP/1.1" 404 655 "-" "SIEMScanner/1.0"
8.8.8.8 - - [17/Jun/2025:06:39:06 +0000] "DELETE /logout HTTP/1.1" 500 4766 "-" "python-requests/2.25.1"
123.45.67.89 - - [17/Jun/2025:10:34:10 +0000] "POST /user/profile HTTP/1.1" 200 3777 "-" "curl/7.68.0"
1.2.3.4 - - [17/Jun/2025:06:49:17 +0000] "PUT /login HTTP/1.1" 200 2486 "-" "Mozilla/5.0 (Linux; Android 10)"
192.168.1.10 - - [17/Jun/2025:15:15:22 +0000] "DELETE /dashboard HTTP/1.1" 200 413 "-" "python-requests/2.25.1"
10.0.0.5 - - [17/Jun/2025:06:23:48 +0000] "PUT / HTTP/1.1" 302 3433 "-" "SIEMScanner/1.0"
5.6.7.8 - - [17/Jun/2025:06:43:43 +0000] "GET / HTTP/1.1" 404 738 "-" "Mozilla/5.0 (Macintosh; Intel Mac OS X 10_15_7)"
10.0.0.5 - - [17/Jun/2025:01:58:04 +0000] "POST /dashboard HTTP/1.1" 404 2754 "-" "python-requests/2.25.1"
203.0.113.1 - - [17/Jun/2025:03:46:23 +0000] "DELETE /admin HTTP/1.1" 403 1635 "-" "Mozilla/5.0 (Macintosh; Intel Mac OS X 10_15_7)"
172.16.0.2 - - [18/Jun/2025:01:55:35 +0000] "POST / HTTP/1.1" 403 4397 "-" "Mozilla/5.0 (Linux; Android 10)"
10.0.0.5 - - [17/Jun/2025:16:34:50 +0000] "DELETE /admin HTTP/1.1" 500 3591 "-" "SIEMScanner/1.0"
5.6.7.8 - - [17/Jun/2025:02:11:06 +0000] "POST /user/profile HTTP/1.1" 500 1073 "-" "SIEMScanner/1.0"
10.0.0.5 - - [17/Jun/2025:12:29:27 +0000] "PUT /login HTTP/1.1" 302 2691 "-" "python-requests/2.25.1"
111.222.333.444 - - [17/Jun/2025:23:06:07 +0000] "DELETE /login HTTP/1.1" 200 175 "-" "python-requests/2.25.1"
1.2.3.4 - - [17/Jun/2025:05:08:29 +0000] "PUT /dashboard HTTP/1.1" 200 3054 "-" "Mozilla/5.0 (Macintosh; Intel Mac OS X 10_15_7)"
8.8.8.8 - - [17/Jun/2025:13:14:19 +0000] "DELETE /admin HTTP/1.1" 500 958 "-" "Mozilla/5.0 (Windows NT 10.0; Win64; x64)"
192.168.1.10 - - [17/Jun/2025:22:19:11 +0000] "DELETE /dashboard HTTP/1.1" 200 1673 "-" "curl/7.68.0"
123.45.67.89 - - [17/Jun/2025:15:22:22 +0000] "DELETE /api/data HTTP/1.1" 500 4057 "-" "SIEMScanner/1.0"
10.0.0.5 - - [17/Jun/2025:19:48:19 +0000] "DELETE /login HTTP/1.1" 500 2596 "-" "SIEMScanner/1.0"
8.8.8.8 - - [18/Jun/2025:00:03:40 +0000] "GET /dashboard HTTP/1.1" 401 995 "-" "python-requests/2.25.1"
123.45.67.89 - - [17/Jun/2025:03:43:05 +0000] "POST /admin HTTP/1.1" 302 1842 "-" "Mozilla/5.0 (Windows NT 10.0; Win64; x64)"
192.168.1.10 - - [17/Jun/2025:03:47:45 +0000] "PUT /logout HTTP/1.1" 302 4733 "-" "Mozilla/5.0 (Windows NT 10.0; Win64; x64)"
10.0.0.5 - - [17/Jun/2025:15:00:55 +0000] "POST /admin HTTP/1.1" 404 3951 "-" "Mozilla/5.0 (Linux; Android 10)"
198.51.100.23 - - [17/Jun/2025:21:21:03 +0000] "GET /login HTTP/1.1" 200 3089 "-" "SIEMScanner/1.0"
123.45.67.89 - - [17/Jun/2025:15:28:41 +0000] "DELETE /api/data HTTP/1.1" 404 4704 "-" "SIEMScanner/1.0"
203.0.113.1 - - [17/Jun/2025:09:42:37 +0000] "POST /dashboard HTTP/1.1" 500 831 "-" "curl/7.68.0"
172.16.0.2 - - [17/Jun/2025:11:06:32 +0000] "POST /login HTTP/1.1" 401 2363 "-" "curl/7.68.0"
10.0.0.5 - - [17/Jun/2025:15:40:01 +0000] "DELETE /report HTTP/1.1" 200 1072 "-" "Mozilla/5.0 (Linux; Android 10)"
192.168.1.10 - - [17/Jun/2025:06:03:22 +0000] "GET /dashboard HTTP/1.1" 500 3755 "-" "Mozilla/5.0 (Linux; Android 10)"
172.16.0.2 - - [17/Jun/2025:23:13:14 +0000] "DELETE /report HTTP/1.1" 403 4421 "-" "python-requests/2.25.1"
198.51.100.23 - - [17/Jun/2025:18:25:10 +0000] "PUT / HTTP/1.1" 403 111 "-" "Mozilla/5.0 (Windows NT 10.0; Win64; x64)"
198.51.100.23 - - [17/Jun/2025:10:32:13 +0000] "DELETE /dashboard HTTP/1.1" 401 3953 "-" "python-requests/2.25.1"
10.0.0.5 - - [17/Jun/2025:21:31:25 +0000] "PUT /report HTTP/1.1" 403 1199 "-" "curl/7.68.0"
203.0.113.1 - - [17/Jun/2025:04:37:11 +0000] "GET / HTTP/1.1" 500 2054 "-" "curl/7.68.0"
10.0.0.5 - - [17/Jun/2025:12:20:00 +0000] "PUT / HTTP/1.1" 500 3951 "-" "Mozilla/5.0 (Windows NT 10.0; Win64; x64)"
203.0.113.1 - - [18/Jun/2025:01:29:31 +0000] "GET /logout HTTP/1.1" 302 3389 "-" "curl/7.68.0"
5.6.7.8 - - [17/Jun/2025:07:34:40 +0000] "POST /user/profile HTTP/1.1" 403 2430 "-" "Mozilla/5.0 (Windows NT 10.0; Win64; x64)"
111.222.333.444 - - [17/Jun/2025:10:01:58 +0000] "GET / HTTP/1.1" 403 3657 "-" "Mozilla/5.0 (Windows NT 10.0; Win64; x64)"
198.51.100.23 - - [17/Jun/2025:22:44:56 +0000] "POST /admin HTTP/1.1" 200 1673 "-" "Mozilla/5.0 (Linux; Android 10)"
10.0.0.5 - - [17/Jun/2025:21:59:52 +0000] "POST / HTTP/1.1" 500 711 "-" "SIEMScanner/1.0"
198.51.100.23 - - [18/Jun/2025:00:46:28 +0000] "POST /dashboard HTTP/1.1" 403 2751 "-" "curl/7.68.0"
10.0.0.5 - - [17/Jun/2025:10:46:32 +0000] "GET /user/profile HTTP/1.1" 200 1650 "-" "python-requests/2.25.1"
192.168.1.10 - - [17/Jun/2025:23:53:22 +0000] "GET /login HTTP/1.1" 200 683 "-" "curl/7.68.0"
8.8.8.8 - - [17/Jun/2025:23:32:57 +0000] "POST /login HTTP/1.1" 500 3327 "-" "Mozilla/5.0 (Windows NT 10.0; Win64; x64)"
5.6.7.8 - - [17/Jun/2025:14:43:37 +0000] "POST / HTTP/1.1" 404 4253 "-" "Mozilla/5.0 (Macintosh; Intel Mac OS X 10_15_7)"
203.0.113.1 - - [17/Jun/2025:12:44:39 +0000] "POST /login HTTP/1.1" 200 110 "-" "python-requests/2.25.1"
123.45.67.89 - - [17/Jun/2025:06:11:08 +0000] "DELETE /report HTTP/1.1" 302 4229 "-" "Mozilla/5.0 (Linux; Android 10)"
203.0.113.1 - - [17/Jun/2025:22:29:25 +0000] "GET / HTTP/1.1" 404 4439 "-" "python-requests/2.25.1"
198.51.100.23 - - [17/Jun/2025:08:28:20 +0000] "DELETE /api/data HTTP/1.1" 200 526 "-" "Mozilla/5.0 (Windows NT 10.0; Win64; x64)"
172.16.0.2 - - [18/Jun/2025:01:20:36 +0000] "PUT /admin HTTP/1.1" 200 4860 "-" "SIEMScanner/1.0"
172.16.0.2 - - [17/Jun/2025:06:32:12 +0000] "POST /dashboard HTTP/1.1" 403 3925 "-" "python-requests/2.25.1"
5.6.7.8 - - [17/Jun/2025:11:20:00 +0000] "PUT /logout HTTP/1.1" 200 4951 "-" "Mozilla/5.0 (Linux; Android 10)"
203.0.113.1 - - [17/Jun/2025:17:10:44 +0000] "DELETE /logout HTTP/1.1" 200 2798 "-" "python-requests/2.25.1"
5.6.7.8 - - [17/Jun/2025:08:31:33 +0000] "POST /dashboard HTTP/1.1" 401 3349 "-" "Mozilla/5.0 (Macintosh; Intel Mac OS X 10_15_7)"
172.16.0.2 - - [17/Jun/2025:22:28:24 +0000] "PUT /admin HTTP/1.1" 302 4791 "-" "SIEMScanner/1.0"
203.0.113.1 - - [18/Jun/2025:00:40:48 +0000] "GET /login HTTP/1.1" 302 2500 "-" "python-requests/2.25.1"
111.222.333.444 - - [17/Jun/2025:21:46:56 +0000] "PUT / HTTP/1.1" 302 340 "-" "Mozilla/5.0 (Macintosh; Intel Mac OS X 10_15_7)"
198.51.100.23 - - [18/Jun/2025:00:43:12 +0000] "PUT /user/profile HTTP/1.1" 404 1375 "-" "curl/7.68.0"
172.16.0.2 - - [17/Jun/2025:06:01:24 +0000] "POST /report HTTP/1.1" 200 1118 "-" "SIEMScanner/1.0"
1.2.3.4 - - [17/Jun/2025:22:50:08 +0000] "POST /dashboard HTTP/1.1" 401 2462 "-" "SIEMScanner/1.0"
111.222.333.444 - - [17/Jun/2025:09:56:11 +0000] "DELETE / HTTP/1.1" 403 3251 "-" "Mozilla/5.0 (Windows NT 10.0; Win64; x64)"
192.168.1.10 - - [17/Jun/2025:11:02:03 +0000] "DELETE /login HTTP/1.1" 404 2922 "-" "curl/7.68.0"
